../Src/EXTI/EXTI_program.c:16:6:MEXTI_voidInit	4	static
../Src/EXTI/EXTI_program.c:34:6:MEXTI_voidEnableEXTI	16	static
../Src/EXTI/EXTI_program.c:40:6:MEXTI_voidDisableEXTI	16	static
../Src/EXTI/EXTI_program.c:46:6:MEXTI_voidSoftwareTrigger	16	static
../Src/EXTI/EXTI_program.c:55:6:MEXTI_voidSetSignalLatch	16	static
../Src/EXTI/EXTI_program.c:76:6:EXTI_voidSetCallBack	16	static
../Src/EXTI/EXTI_program.c:82:6:EXTI0_IRQHandler	8	static
../Src/EXTI/EXTI_program.c:89:6:EXTI1_IRQHandler	8	static
../Src/EXTI/EXTI_program.c:96:6:EXTI2_IRQHandler	8	static
../Src/EXTI/EXTI_program.c:103:6:EXTI3_IRQHandler	8	static
../Src/EXTI/EXTI_program.c:110:6:EXTI4_IRQHandler	8	static
../Src/EXTI/EXTI_program.c:117:6:EXTI9_5_IRQHandler	16	static
../Src/EXTI/EXTI_program.c:159:6:EXTI15_10_IRQHandler	16	static
