Archive member included to satisfy reference by file (symbol)

e:/graduationproj/stm/imt_arm_course/imt_arm_course/02- tools/03- imt sdk/imt_sdk_win_64/winarm/armgcc/bin/../lib/gcc/arm-none-eabi/7.2.1/../../../../arm-none-eabi/lib/thumb/v7-m\libm.a(lib_a-s_floor.o)
                              ./src/main.o (floor)
e:/graduationproj/stm/imt_arm_course/imt_arm_course/02- tools/03- imt sdk/imt_sdk_win_64/winarm/armgcc/bin/../lib/gcc/arm-none-eabi/7.2.1/thumb/v7-m\libgcc.a(_arm_addsubdf3.o)
                              e:/graduationproj/stm/imt_arm_course/imt_arm_course/02- tools/03- imt sdk/imt_sdk_win_64/winarm/armgcc/bin/../lib/gcc/arm-none-eabi/7.2.1/../../../../arm-none-eabi/lib/thumb/v7-m\libm.a(lib_a-s_floor.o) (__aeabi_dadd)
e:/graduationproj/stm/imt_arm_course/imt_arm_course/02- tools/03- imt sdk/imt_sdk_win_64/winarm/armgcc/bin/../lib/gcc/arm-none-eabi/7.2.1/thumb/v7-m\libgcc.a(_arm_muldivdf3.o)
                              ./src/ENCODER_program.o (__aeabi_dmul)
e:/graduationproj/stm/imt_arm_course/imt_arm_course/02- tools/03- imt sdk/imt_sdk_win_64/winarm/armgcc/bin/../lib/gcc/arm-none-eabi/7.2.1/thumb/v7-m\libgcc.a(_arm_cmpdf2.o)
                              e:/graduationproj/stm/imt_arm_course/imt_arm_course/02- tools/03- imt sdk/imt_sdk_win_64/winarm/armgcc/bin/../lib/gcc/arm-none-eabi/7.2.1/../../../../arm-none-eabi/lib/thumb/v7-m\libm.a(lib_a-s_floor.o) (__aeabi_dcmpgt)
e:/graduationproj/stm/imt_arm_course/imt_arm_course/02- tools/03- imt sdk/imt_sdk_win_64/winarm/armgcc/bin/../lib/gcc/arm-none-eabi/7.2.1/thumb/v7-m\libgcc.a(_arm_truncdfsf2.o)
                              ./src/ENCODER_program.o (__aeabi_d2f)
e:/graduationproj/stm/imt_arm_course/imt_arm_course/02- tools/03- imt sdk/imt_sdk_win_64/winarm/armgcc/bin/../lib/gcc/arm-none-eabi/7.2.1/thumb/v7-m\libgcc.a(_arm_addsubsf3.o)
                              ./src/main.o (__aeabi_i2f)
e:/graduationproj/stm/imt_arm_course/imt_arm_course/02- tools/03- imt sdk/imt_sdk_win_64/winarm/armgcc/bin/../lib/gcc/arm-none-eabi/7.2.1/thumb/v7-m\libgcc.a(_arm_muldivsf3.o)
                              ./src/main.o (__aeabi_fmul)
e:/graduationproj/stm/imt_arm_course/imt_arm_course/02- tools/03- imt sdk/imt_sdk_win_64/winarm/armgcc/bin/../lib/gcc/arm-none-eabi/7.2.1/../../../../arm-none-eabi/lib/thumb/v7-m\libg_nano.a(lib_a-efgcvt.o)
                              ./src/USART_program.o (gcvt)
e:/graduationproj/stm/imt_arm_course/imt_arm_course/02- tools/03- imt sdk/imt_sdk_win_64/winarm/armgcc/bin/../lib/gcc/arm-none-eabi/7.2.1/../../../../arm-none-eabi/lib/thumb/v7-m\libg_nano.a(lib_a-errno.o)
                              ./system/src/newlib/_sbrk.o (__errno)
e:/graduationproj/stm/imt_arm_course/imt_arm_course/02- tools/03- imt sdk/imt_sdk_win_64/winarm/armgcc/bin/../lib/gcc/arm-none-eabi/7.2.1/../../../../arm-none-eabi/lib/thumb/v7-m\libg_nano.a(lib_a-impure.o)
                              e:/graduationproj/stm/imt_arm_course/imt_arm_course/02- tools/03- imt sdk/imt_sdk_win_64/winarm/armgcc/bin/../lib/gcc/arm-none-eabi/7.2.1/../../../../arm-none-eabi/lib/thumb/v7-m\libg_nano.a(lib_a-efgcvt.o) (_impure_ptr)
e:/graduationproj/stm/imt_arm_course/imt_arm_course/02- tools/03- imt sdk/imt_sdk_win_64/winarm/armgcc/bin/../lib/gcc/arm-none-eabi/7.2.1/../../../../arm-none-eabi/lib/thumb/v7-m\libg_nano.a(lib_a-strlen.o)
                              ./system/src/diag/Trace.o (strlen)
e:/graduationproj/stm/imt_arm_course/imt_arm_course/02- tools/03- imt sdk/imt_sdk_win_64/winarm/armgcc/bin/../lib/gcc/arm-none-eabi/7.2.1/../../../../arm-none-eabi/lib/thumb/v7-m\libg_nano.a(lib_a-vsnprintf.o)
                              ./system/src/diag/Trace.o (vsnprintf)
e:/graduationproj/stm/imt_arm_course/imt_arm_course/02- tools/03- imt sdk/imt_sdk_win_64/winarm/armgcc/bin/../lib/gcc/arm-none-eabi/7.2.1/../../../../arm-none-eabi/lib/thumb/v7-m\libg_nano.a(lib_a-ecvtbuf.o)
                              e:/graduationproj/stm/imt_arm_course/imt_arm_course/02- tools/03- imt sdk/imt_sdk_win_64/winarm/armgcc/bin/../lib/gcc/arm-none-eabi/7.2.1/../../../../arm-none-eabi/lib/thumb/v7-m\libg_nano.a(lib_a-efgcvt.o) (fcvtbuf)
e:/graduationproj/stm/imt_arm_course/imt_arm_course/02- tools/03- imt sdk/imt_sdk_win_64/winarm/armgcc/bin/../lib/gcc/arm-none-eabi/7.2.1/../../../../arm-none-eabi/lib/thumb/v7-m\libg_nano.a(lib_a-mprec.o)
                              e:/graduationproj/stm/imt_arm_course/imt_arm_course/02- tools/03- imt sdk/imt_sdk_win_64/winarm/armgcc/bin/../lib/gcc/arm-none-eabi/7.2.1/../../../../arm-none-eabi/lib/thumb/v7-m\libg_nano.a(lib_a-ecvtbuf.o) (_mprec_log10)
e:/graduationproj/stm/imt_arm_course/imt_arm_course/02- tools/03- imt sdk/imt_sdk_win_64/winarm/armgcc/bin/../lib/gcc/arm-none-eabi/7.2.1/../../../../arm-none-eabi/lib/thumb/v7-m\libg_nano.a(lib_a-nano-callocr.o)
[...]
Memory Configuration

Name             Origin             Length             Attributes
RAM              0x20000000         0x00005000         xrw
CCMRAM           0x00000000         0x00000000         xrw
FLASH            0x08000000         0x00010000         xr
FLASHB1          0x00000000         0x00000000         xr
EXTMEMB0         0x00000000         0x00000000         xr
EXTMEMB1         0x00000000         0x00000000         xr
EXTMEMB2         0x00000000         0x00000000         xr
EXTMEMB3         0x00000000         0x00000000         xr
MEMORY_ARRAY     0x00000000         0x00000000         xrw
*default*        0x00000000         0xffffffff

Linker script and memory map

LOAD ./system/src/stm32f1-stdperiph/misc.o
LOAD ./system/src/stm32f1-stdperiph/stm32f10x_gpio.o
LOAD ./system/src/stm32f1-stdperiph/stm32f10x_rcc.o
LOAD ./system/src/newlib/_cxx.o
LOAD ./system/src/newlib/_exit.o
LOAD ./system/src/newlib/_sbrk.o
LOAD ./system/src/newlib/_startup.o
LOAD ./system/src/newlib/_syscalls.o
LOAD ./system/src/newlib/assert.o
LOAD ./system/src/diag/Trace.o
LOAD ./system/src/diag/trace_impl.o
LOAD ./system/src/cortexm/_initialize_hardware.o
LOAD ./system/src/cortexm/_reset_hardware.o
LOAD ./system/src/cortexm/exception_handlers.o
LOAD ./system/src/cmsis/system_stm32f10x.o
LOAD ./system/src/cmsis/vectors_stm32f10x.o
LOAD ./src/ADC_program.o
LOAD ./src/AFIO_program.o
LOAD ./src/DIO_program.o
LOAD ./src/ENCODER_program.o
LOAD ./src/EXTI_program.o
LOAD ./src/NVIC_program.o
LOAD ./src/RCC_program.o
LOAD ./src/STK_program.o
LOAD ./src/TIM2_program.o
LOAD ./src/TIM3_program.o
LOAD ./src/USART_program.o
LOAD ./src/main.o
LOAD e:/graduationproj/stm/imt_arm_course/imt_arm_course/02- tools/03- imt sdk/imt_sdk_win_64/winarm/armgcc/bin/../lib/gcc/arm-none-eabi/7.2.1/../../../../arm-none-eabi/lib/thumb/v7-m\libstdc++_nano.a
LOAD e:/graduationproj/stm/imt_arm_course/imt_arm_course/02- tools/03- imt sdk/imt_sdk_win_64/winarm/armgcc/bin/../lib/gcc/arm-none-eabi/7.2.1/../../../../arm-none-eabi/lib/thumb/v7-m\libm.a
START GROUP
LOAD e:/graduationproj/stm/imt_arm_course/imt_arm_course/02- tools/03- imt sdk/imt_sdk_win_64/winarm/armgcc/bin/../lib/gcc/arm-none-eabi/7.2.1/thumb/v7-m\libgcc.a
LOAD e:/graduationproj/stm/imt_arm_course/imt_arm_course/02- tools/03- imt sdk/imt_sdk_win_64/winarm/armgcc/bin/../lib/gcc/arm-none-eabi/7.2.1/../../../../arm-none-eabi/lib/thumb/v7-m\libg_nano.a
LOAD e:/graduationproj/stm/imt_arm_course/imt_arm_course/02- tools/03- imt sdk/imt_sdk_win_64/winarm/armgcc/bin/../lib/gcc/arm-none-eabi/7.2.1/../../../../arm-none-eabi/lib/thumb/v7-m\libc_nano.a
END GROUP
START GROUP
LOAD e:/graduationproj/stm/imt_arm_course/imt_arm_course/02- tools/03- imt sdk/imt_sdk_win_64/winarm/armgcc/bin/../lib/gcc/arm-none-eabi/7.2.1/thumb/v7-m\libgcc.a
LOAD e:/graduationproj/stm/imt_arm_course/imt_arm_course/02- tools/03- imt sdk/imt_sdk_win_64/winarm/armgcc/bin/../lib/gcc/arm-none-eabi/7.2.1/../../../../arm-none-eabi/lib/thumb/v7-m\libc_nano.a
END GROUP
                0x20005000                __stack = (ORIGIN (RAM) + LENGTH (RAM))
                0x20005000                _estack = __stack
                0x00000400                __Main_Stack_Size = 0x400
                [!provide]                PROVIDE (_Main_Stack_Size, __Main_Stack_Size)
                0x20004c00                __Main_Stack_Limit = (__stack - __Main_Stack_Size)
                [!provide]                PROVIDE (_Main_Stack_Limit, __Main_Stack_Limit)
                0x00000100                _Minimum_Stack_Size = 0x100
                0x200001a8                PROVIDE (_Heap_Begin, _end_noinit)
                0x20004c00                PROVIDE (_Heap_Limit, (__stack - __Main_Stack_Size))

.isr_vector     0x08000000      0x350
 FILL mask 0xff
                0x08000000                __vectors_start = ABSOLUTE (.)
                0x08000000                __vectors_start__ = ABSOLUTE (.)
 *(.isr_vector)
 .isr_vector    0x08000000      0x10c ./system/src/cmsis/vectors_stm32f10x.o
                0x08000000                __isr_vectors
 *(.cfmconfig)
 *(.after_vectors .after_vectors.*)
 .after_vectors
                0x0800010c      0x114 ./system/src/newlib/_startup.o
                0x0800010c                _start
 .after_vectors
                0x08000220      0x12c ./system/src/cortexm/exception_handlers.o
                0x08000220                Reset_Handler
                0x08000226                NMI_Handler
                0x0800022a                HardFault_Handler
                0x0800023e                HardFault_Handler_C
                0x0800029c                MemManage_Handler
                0x080002a0                BusFault_Handler
                0x080002b4                BusFault_Handler_C
                0x080002e8                UsageFault_Handler
                0x080002fc                UsageFault_Handler_C
                0x08000330                SVC_Handler
                0x08000334                DebugMon_Handler
                0x08000338                PendSV_Handler
 .after_vectors
                0x0800034c        0x4 ./system/src/cmsis/vectors_stm32f10x.o
                0x0800034c                TIM8_TRG_COM_IRQHandler
                0x0800034c                TIM8_CC_IRQHandler
                0x0800034c                TIM1_CC_IRQHandler
                0x0800034c                TIM6_IRQHandler
                0x0800034c                PVD_IRQHandler
                0x0800034c                SDIO_IRQHandler
                0x0800034c                CAN2_RX1_IRQHandler
                0x0800034c                TIM8_TRG_COM_TIM14_IRQHandler
                0x0800034c                TIM1_UP_TIM10_IRQHandler
                0x0800034c                TIM8_UP_TIM13_IRQHandler
                0x0800034c                I2C2_EV_IRQHandler
                0x0800034c                CAN1_RX0_IRQHandler
                0x0800034c                TIM1_UP_TIM16_IRQHandler
                0x0800034c                CAN2_SCE_IRQHandler
                0x0800034c                ADC1_2_IRQHandler
                0x0800034c                SPI1_IRQHandler
                0x0800034c                TAMPER_IRQHandler
                0x0800034c                TIM6_DAC_IRQHandler
                0x0800034c                TIM1_BRK_TIM9_IRQHandler
                0x0800034c                CAN2_RX0_IRQHandler
                0x0800034c                TIM8_UP_IRQHandler
                0x0800034c                DMA2_Channel2_IRQHandler
                0x0800034c                DMA1_Channel4_IRQHandler
                0x0800034c                USART3_IRQHandler
                0x0800034c                RTC_IRQHandler
                0x0800034c                DMA1_Channel7_IRQHandler
                0x0800034c                CAN1_RX1_IRQHandler
                0x0800034c                UART5_IRQHandler
                0x0800034c                ADC3_IRQHandler
                0x0800034c                TIM4_IRQHandler
                0x0800034c                DMA2_Channel1_IRQHandler
                0x0800034c                I2C1_EV_IRQHandler
                0x0800034c                DMA1_Channel6_IRQHandler
                0x0800034c                UART4_IRQHandler
                0x0800034c                DMA2_Channel4_IRQHandler
                0x0800034c                TIM3_IRQHandler
                0x0800034c                RCC_IRQHandler
                0x0800034c                TIM8_BRK_TIM12_IRQHandler
                0x0800034c                TIM1_TRG_COM_IRQHandler
                0x0800034c                DMA1_Channel1_IRQHandler
                0x0800034c                Default_Handler
                0x0800034c                CEC_IRQHandler
                0x0800034c                TIM14_IRQHandler
                0x0800034c                TIM13_IRQHandler
                0x0800034c                TIM12_IRQHandler
                0x0800034c                TIM7_IRQHandler
                0x0800034c                CAN2_TX_IRQHandler
                0x0800034c                TIM5_IRQHandler
                0x0800034c                ETH_WKUP_IRQHandler
                0x0800034c                SPI2_IRQHandler
                0x0800034c                CAN1_TX_IRQHandler
                0x0800034c                DMA2_Channel5_IRQHandler
                0x0800034c                DMA1_Channel5_IRQHandler
                0x0800034c                USB_LP_CAN1_RX0_IRQHandler
                0x0800034c                TIM1_TRG_COM_TIM17_IRQHandler
                0x0800034c                USB_HP_CAN1_TX_IRQHandler
                0x0800034c                DMA1_Channel3_IRQHandler
                0x0800034c                FSMC_IRQHandler
                0x0800034c                ETH_IRQHandler
                0x0800034c                TIM1_UP_IRQHandler
                0x0800034c                WWDG_IRQHandler
                0x0800034c                TIM2_IRQHandler
                0x0800034c                OTG_FS_WKUP_IRQHandler
                0x0800034c                TIM1_TRG_COM_TIM11_IRQHandler
                0x0800034c                TIM1_BRK_IRQHandler
                0x0800034c                RTCAlarm_IRQHandler
                0x0800034c                DMA2_Channel4_5_IRQHandler
                0x0800034c                USART2_IRQHandler
                0x0800034c                I2C2_ER_IRQHandler
                0x0800034c                DMA1_Channel2_IRQHandler
                0x0800034c                TIM8_BRK_IRQHandler
                0x0800034c                CAN1_SCE_IRQHandler
                0x0800034c                FLASH_IRQHandler
                0x0800034c                USART1_IRQHandler
                0x0800034c                OTG_FS_IRQHandler
                0x0800034c                SPI3_IRQHandler
                0x0800034c                I2C1_ER_IRQHandler
                0x0800034c                USBWakeUp_IRQHandler
                0x0800034c                DMA2_Channel3_IRQHandler
                0x0800034c                TIM1_BRK_TIM15_IRQHandler

.inits          0x08000350       0x28
                0x08000350                __data_regions_array_start = .
                0x08000350        0x4 LONG 0x8004120 LOADADDR (.data)
                0x08000354        0x4 LONG 0x20000000 ADDR (.data)
                0x08000358        0x4 LONG 0x2000008c (ADDR (.data) + SIZEOF (.data))
                0x0800035c        0x4 LONG 0x8004120 LOADADDR (.data_CCMRAM)
                0x08000360        0x4 LONG 0x0 ADDR (.data_CCMRAM)
                0x08000364        0x4 LONG 0x0 (ADDR (.data_CCMRAM) + SIZEOF (.data_CCMRAM))
                0x08000368                __data_regions_array_end = .
                0x08000368                __bss_regions_array_start = .
                0x08000368        0x4 LONG 0x2000008c ADDR (.bss)
                0x0800036c        0x4 LONG 0x200001a8 (ADDR (.bss) + SIZEOF (.bss))
                0x08000370        0x4 LONG 0x0 ADDR (.bss_CCMRAM)
                0x08000374        0x4 LONG 0x0 (ADDR (.bss_CCMRAM) + SIZEOF (.bss_CCMRAM))
                0x08000378                __bss_regions_array_end = .
 *(.init)
 *(.fini)
                0x08000378                . = ALIGN (0x4)
                0x08000378                PROVIDE (__preinit_array_start, .)
 *(.preinit_array_sysinit .preinit_array_sysinit.*)
 *(.preinit_array_platform .preinit_array_platform.*)
 *(.preinit_array .preinit_array.*)
                0x08000378                PROVIDE (__preinit_array_end, .)
                0x08000378                . = ALIGN (0x4)
                0x08000378                PROVIDE (__init_array_start, .)
 *(SORT_BY_NAME(.init_array.*))
 *(.init_array)
                0x08000378                PROVIDE (__init_array_end, .)
                0x08000378                . = ALIGN (0x4)
                0x08000378                PROVIDE (__fini_array_start, .)
 *(SORT_BY_NAME(.fini_array.*))
 *(.fini_array)
                0x08000378                PROVIDE (__fini_array_end, .)

.flashtext
 *(.flashtext .flashtext.*)

.text           0x08000378     0x3da6
 *(.text .text.*)
 .text._exit    0x08000378        0x2 ./system/src/newlib/_exit.o
                0x08000378                _exit
 *fill*         0x0800037a        0x2 
 .text._sbrk    0x0800037c       0x44 ./system/src/newlib/_sbrk.o
                0x0800037c                _sbrk
 .text.__initialize_args
                0x080003c0       0x10 ./system/src/newlib/_syscalls.o
                0x080003c0                __initialize_args
 .text.trace_printf
                0x080003d0       0x30 ./system/src/diag/Trace.o
                0x080003d0                trace_printf
 .text._trace_write_semihosting_debug
                0x08000400       0x60 ./system/src/diag/trace_impl.o
 .text.trace_write
                0x08000460        0x8 ./system/src/diag/trace_impl.o
                0x08000460                trace_write
 .text.__initialize_hardware_early
                0x08000468       0x18 ./system/src/cortexm/_initialize_hardware.o
                0x08000468                __initialize_hardware_early
 .text.__initialize_hardware
                0x08000480        0x8 ./system/src/cortexm/_initialize_hardware.o
                0x08000480                __initialize_hardware
 .text.dumpExceptionStack
                0x08000488       0xf4 ./system/src/cortexm/exception_handlers.o
                0x08000488                dumpExceptionStack
 .text.isSemihosting
                0x0800057c       0x20 ./system/src/cortexm/exception_handlers.o
                0x0800057c                isSemihosting
 .text.SetSysClockTo72
                0x0800059c       0xc4 ./system/src/cmsis/system_stm32f10x.o
 .text.SetSysClock
                0x08000660        0x8 ./system/src/cmsis/system_stm32f10x.o
 .text.SystemInit
                0x08000668       0x50 ./system/src/cmsis/system_stm32f10x.o
                0x08000668                SystemInit
 .text.SystemCoreClockUpdate
                0x080006b8       0x94 ./system/src/cmsis/system_stm32f10x.o
                0x080006b8                SystemCoreClockUpdate
 .text.MADC1_voidInit
                0x0800074c       0x1c ./src/ADC_program.o
                0x0800074c                MADC1_voidInit
 .text.MADC1_voidStartConversion
                0x08000768       0x58 ./src/ADC_program.o
                0x08000768                MADC1_voidStartConversion
 .text.MADC1_u16ReadValue
                0x080007c0        0xc ./src/ADC_program.o
                0x080007c0                MADC1_u16ReadValue
 .text.MAFIO_voidSetEXTIConfiguration
                0x080007cc       0x60 ./src/AFIO_program.o
                0x080007cc                MAFIO_voidSetEXTIConfiguration
 .text.MGPIO_VoidSetPinDirection
                0x0800082c       0xfc ./src/DIO_program.o
                0x0800082c                MGPIO_VoidSetPinDirection
 .text.MGPIO_u8GetPinValue
                0x08000928       0x40 ./src/DIO_program.o
                0x08000928                MGPIO_u8GetPinValue
 .text.HENCODER_u8GetMotorDirection
                0x08000968       0x18 ./src/ENCODER_program.o
                0x08000968                HENCODER_u8GetMotorDirection
 .text.HENCODER_voidEncoderCounts
                0x08000980       0x28 ./src/ENCODER_program.o
                0x08000980                HENCODER_voidEncoderCounts
 .text.HENCODER_s32GetRevPerMin
                0x080009a8       0x18 ./src/ENCODER_program.o
                0x080009a8                HENCODER_s32GetRevPerMin
 .text.HENCODER_f32GetDistance
                0x080009c0       0x44 ./src/ENCODER_program.o
                0x080009c0                HENCODER_f32GetDistance
 .text.MEXTI_voidInit
                0x08000a04       0x18 ./src/EXTI_program.o
                0x08000a04                MEXTI_voidInit
 .text.MEXTI_voidSetSignalLatch
                0x08000a1c       0x50 ./src/EXTI_program.o
                0x08000a1c                MEXTI_voidSetSignalLatch
 .text.EXTI_voidSetCallBack
                0x08000a6c        0xc ./src/EXTI_program.o
                0x08000a6c                EXTI_voidSetCallBack
 .text.EXTI0_IRQHandler
                0x08000a78       0x1c ./src/EXTI_program.o
                0x08000a78                EXTI0_IRQHandler
 .text.EXTI1_IRQHandler
                0x08000a94       0x1c ./src/EXTI_program.o
                0x08000a94                EXTI1_IRQHandler
 .text.EXTI2_IRQHandler
                0x08000ab0       0x1c ./src/EXTI_program.o
                0x08000ab0                EXTI2_IRQHandler
 .text.EXTI3_IRQHandler
                0x08000acc       0x1c ./src/EXTI_program.o
                0x08000acc                EXTI3_IRQHandler
 .text.EXTI4_IRQHandler
                0x08000ae8       0x1c ./src/EXTI_program.o
                0x08000ae8                EXTI4_IRQHandler
 .text.EXTI9_5_IRQHandler
                0x08000b04       0x88 ./src/EXTI_program.o
                0x08000b04                EXTI9_5_IRQHandler
 .text.EXTI15_10_IRQHandler
                0x08000b8c       0xa8 ./src/EXTI_program.o
                0x08000b8c                EXTI15_10_IRQHandler
 .text.MNVIC_voidEnableInterrupt
                0x08000c34       0x2c ./src/NVIC_program.o
                0x08000c34                MNVIC_voidEnableInterrupt
 .text.RCC_voidInitSysClock
                0x08000c60       0x14 ./src/RCC_program.o
                0x08000c60                RCC_voidInitSysClock
 .text.RCC_voidEnableClock
                0x08000c74       0x4c ./src/RCC_program.o
                0x08000c74                RCC_voidEnableClock
 .text.MSTK_voidInit
                0x08000cc0        0xc ./src/STK_program.o
                0x08000cc0                MSTK_voidInit
 .text.MSTK_voidSetBusyWait
                0x08000ccc       0x2c ./src/STK_program.o
                0x08000ccc                MSTK_voidSetBusyWait
 .text.MSTK_voidSetIntervalPeriodic
                0x08000cf8       0x2c ./src/STK_program.o
                0x08000cf8                MSTK_voidSetIntervalPeriodic
 .text.SysTick_Handler
                0x08000d24       0x38 ./src/STK_program.o
                0x08000d24                SysTick_Handler
 .text.MTIM2_voidInitC2
                0x08000d5c       0x66 ./src/TIM2_program.o
                0x08000d5c                MTIM2_voidInitC2
 *fill*         0x08000dc2        0x2 
 .text.MTIM3_voidInit
                0x08000dc4       0x64 ./src/TIM3_program.o
                0x08000dc4                MTIM3_voidInit
 .text.MUSART2_voidInit
                0x08000e28       0x58 ./src/USART_program.o
                0x08000e28                MUSART2_voidInit
 .text.MUSART2_voidSendData
                0x08000e80       0x20 ./src/USART_program.o
                0x08000e80                MUSART2_voidSendData
 .text.MUSART2_voidSendString
                0x08000ea0       0x14 ./src/USART_program.o
                0x08000ea0                MUSART2_voidSendString
 .text.MUSART2_voidSendNumbers
                0x08000eb4       0x1c ./src/USART_program.o
                0x08000eb4                MUSART2_voidSendNumbers
 .text.EncoderCounts
                0x08000ed0       0x98 ./src/main.o
                0x08000ed0                EncoderCounts
 .text.LeftEncoderGetReading
                0x08000f68       0x14 ./src/main.o
                0x08000f68                LeftEncoderGetReading
 .text.RightEncoderGetReading
                0x08000f7c       0x14 ./src/main.o
                0x08000f7c                RightEncoderGetReading
 .text.VoltageReading
                0x08000f90       0xa0 ./src/main.o
                0x08000f90                VoltageReading
 .text.main     0x08001030      0x114 ./src/main.o
                0x08001030                main
 *fill*         0x08001144        0x4 
 .text.floor    0x08001148      0x108 e:/graduationproj/stm/imt_arm_course/imt_arm_course/02- tools/03- imt sdk/imt_sdk_win_64/winarm/armgcc/bin/../lib/gcc/arm-none-eabi/7.2.1/../../../../arm-none-eabi/lib/thumb/v7-m\libm.a(lib_a-s_floor.o)
                0x08001148                floor
 .text          0x08001250      0x378 e:/graduationproj/stm/imt_arm_course/imt_arm_course/02- tools/03- imt sdk/imt_sdk_win_64/winarm/armgcc/bin/../lib/gcc/arm-none-eabi/7.2.1/thumb/v7-m\libgcc.a(_arm_addsubdf3.o)
                0x08001250                __aeabi_drsub
                0x08001258                __aeabi_dsub
                0x08001258                __subdf3
                0x0800125c                __aeabi_dadd
                0x0800125c                __adddf3
                0x080014d4                __floatunsidf
                0x080014d4                __aeabi_ui2d
                0x080014f4                __floatsidf
                0x080014f4                __aeabi_i2d
                0x08001518                __aeabi_f2d
                0x08001518                __extendsfdf2
                0x0800155c                __floatundidf
                0x0800155c                __aeabi_ul2d
                0x0800156c                __floatdidf
                0x0800156c                __aeabi_l2d
 .text          0x080015c8      0x424 e:/graduationproj/stm/imt_arm_course/imt_arm_course/02- tools/03- imt sdk/imt_sdk_win_64/winarm/armgcc/bin/../lib/gcc/arm-none-eabi/7.2.1/thumb/v7-m\libgcc.a(_arm_muldivdf3.o)
                0x080015c8                __aeabi_dmul
                0x080015c8                __muldf3
                0x0800181c                __divdf3
                0x0800181c                __aeabi_ddiv
 .text          0x080019ec      0x110 e:/graduationproj/stm/imt_arm_course/imt_arm_course/02- tools/03- imt sdk/imt_sdk_win_64/winarm/armgcc/bin/../lib/gcc/arm-none-eabi/7.2.1/thumb/v7-m\libgcc.a(_arm_cmpdf2.o)
                0x080019ec                __gtdf2
                0x080019ec                __gedf2
                0x080019f4                __ltdf2
                0x080019f4                __ledf2
                0x080019fc                __nedf2
                0x080019fc                __eqdf2
                0x080019fc                __cmpdf2
                0x08001a78                __aeabi_cdrcmple
                0x08001a88                __aeabi_cdcmpeq
                0x08001a88                __aeabi_cdcmple
                0x08001a98                __aeabi_dcmpeq
                0x08001aac                __aeabi_dcmplt
                0x08001ac0                __aeabi_dcmple
                0x08001ad4                __aeabi_dcmpge
                0x08001ae8                __aeabi_dcmpgt
 .text          0x08001afc       0xa0 e:/graduationproj/stm/imt_arm_course/imt_arm_course/02- tools/03- imt sdk/imt_sdk_win_64/winarm/armgcc/bin/../lib/gcc/arm-none-eabi/7.2.1/thumb/v7-m\libgcc.a(_arm_truncdfsf2.o)
                0x08001afc                __truncdfsf2
                0x08001afc                __aeabi_d2f
 .text          0x08001b9c      0x21c e:/graduationproj/stm/imt_arm_course/imt_arm_course/02- tools/03- imt sdk/imt_sdk_win_64/winarm/armgcc/bin/../lib/gcc/arm-none-eabi/7.2.1/thumb/v7-m\libgcc.a(_arm_addsubsf3.o)
                0x08001b9c                __aeabi_frsub
                0x08001ba4                __subsf3
                0x08001ba4                __aeabi_fsub
                0x08001ba8                __aeabi_fadd
                0x08001ba8                __addsf3
                0x08001d08                __aeabi_ui2f
                0x08001d08                __floatunsisf
                0x08001d10                __aeabi_i2f
                0x08001d10                __floatsisf
                0x08001d2c                __aeabi_ul2f
                0x08001d2c                __floatundisf
                0x08001d3c                __aeabi_l2f
                0x08001d3c                __floatdisf
 .text          0x08001db8      0x2a0 e:/graduationproj/stm/imt_arm_course/imt_arm_course/02- tools/03- imt sdk/imt_sdk_win_64/winarm/armgcc/bin/../lib/gcc/arm-none-eabi/7.2.1/thumb/v7-m\libgcc.a(_arm_muldivsf3.o)
                0x08001db8                __mulsf3
                0x08001db8                __aeabi_fmul
                0x08001f20                __aeabi_fdiv
                0x08001f20                __divsf3
 .text.gcvt     0x08002058       0x48 e:/graduationproj/stm/imt_arm_course/imt_arm_course/02- tools/03- imt sdk/imt_sdk_win_64/winarm/armgcc/bin/../lib/gcc/arm-none-eabi/7.2.1/../../../../arm-none-eabi/lib/thumb/v7-m\libg_nano.a(lib_a-efgcvt.o)
                0x08002058                gcvt
 .text.__errno  0x080020a0        0xc e:/graduationproj/stm/imt_arm_course/imt_arm_course/02- tools/03- imt sdk/imt_sdk_win_64/winarm/armgcc/bin/../lib/gcc/arm-none-eabi/7.2.1/../../../../arm-none-eabi/lib/thumb/v7-m\libg_nano.a(lib_a-errno.o)
                0x080020a0                __errno
 .text._vsnprintf_r
                0x080020ac       0x58 e:/graduationproj/stm/imt_arm_course/imt_arm_course/02- tools/03- imt sdk/imt_sdk_win_64/winarm/armgcc/bin/../lib/gcc/arm-none-eabi/7.2.1/../../../../arm-none-eabi/lib/thumb/v7-m\libg_nano.a(lib_a-vsnprintf.o)
                0x080020ac                _vsniprintf_r
                0x080020ac                _vsnprintf_r
 .text.vsnprintf
                0x08002104       0x1c e:/graduationproj/stm/imt_arm_course/imt_arm_course/02- tools/03- imt sdk/imt_sdk_win_64/winarm/armgcc/bin/../lib/gcc/arm-none-eabi/7.2.1/../../../../arm-none-eabi/lib/thumb/v7-m\libg_nano.a(lib_a-vsnprintf.o)
                0x08002104                vsniprintf
                0x08002104                vsnprintf
 .text.print_e  0x08002120       0xe8 e:/graduationproj/stm/imt_arm_course/imt_arm_course/02- tools/03- imt sdk/imt_sdk_win_64/winarm/armgcc/bin/../lib/gcc/arm-none-eabi/7.2.1/../../../../arm-none-eabi/lib/thumb/v7-m\libg_nano.a(lib_a-ecvtbuf.o)
 .text._gcvt    0x08002208      0x19c e:/graduationproj/stm/imt_arm_course/imt_arm_course/02- tools/03- imt sdk/imt_sdk_win_64/winarm/armgcc/bin/../lib/gcc/arm-none-eabi/7.2.1/../../../../arm-none-eabi/lib/thumb/v7-m\libg_nano.a(lib_a-ecvtbuf.o)
                0x08002208                _gcvt
 .text._Balloc  0x080023a4       0x68 e:/graduationproj/stm/imt_arm_course/imt_arm_course/02- tools/03- imt sdk/imt_sdk_win_64/winarm/armgcc/bin/../lib/gcc/arm-none-eabi/7.2.1/../../../../arm-none-eabi/lib/thumb/v7-m\libg_nano.a(lib_a-mprec.o)
                0x080023a4                _Balloc
 .text._Bfree   0x0800240c       0x2e e:/graduationproj/stm/imt_arm_course/imt_arm_course/02- tools/03- imt sdk/imt_sdk_win_64/winarm/armgcc/bin/../lib/gcc/arm-none-eabi/7.2.1/../../../../arm-none-eabi/lib/thumb/v7-m\libg_nano.a(lib_a-mprec.o)
                0x0800240c                _Bfree
 .text.__multadd
                0x0800243a       0x76 e:/graduationproj/stm/imt_arm_course/imt_arm_course/02- tools/03- imt sdk/imt_sdk_win_64/winarm/armgcc/bin/../lib/gcc/arm-none-eabi/7.2.1/../../../../arm-none-eabi/lib/thumb/v7-m\libg_nano.a(lib_a-mprec.o)
                0x0800243a                __multadd
 .text.__hi0bits
                0x080024b0       0x3e e:/graduationproj/stm/imt_arm_course/imt_arm_course/02- tools/03- imt sdk/imt_sdk_win_64/winarm/armgcc/bin/../lib/gcc/arm-none-eabi/7.2.1/../../../../arm-none-eabi/lib/thumb/v7-m\libg_nano.a(lib_a-mprec.o)
                0x080024b0                __hi0bits
 .text.__lo0bits
                0x080024ee       0x5e e:/graduationproj/stm/imt_arm_course/imt_arm_course/02- tools/03- imt sdk/imt_sdk_win_64/winarm/armgcc/bin/../lib/gcc/arm-none-eabi/7.2.1/../../../../arm-none-eabi/lib/thumb/v7-m\libg_nano.a(lib_a-mprec.o)
                0x080024ee                __lo0bits
 .text.__i2b    0x0800254c       0x12 e:/graduationproj/stm/imt_arm_course/imt_arm_course/02- tools/03- imt sdk/imt_sdk_win_64/winarm/armgcc/bin/../lib/gcc/arm-none-eabi/7.2.1/../../../../arm-none-eabi/lib/thumb/v7-m\libg_nano.a(lib_a-mprec.o)
                0x0800254c                __i2b
 .text.__multiply
                0x0800255e      0x12a e:/graduationproj/stm/imt_arm_course/imt_arm_course/02- tools/03- imt sdk/imt_sdk_win_64/winarm/armgcc/bin/../lib/gcc/arm-none-eabi/7.2.1/../../../../arm-none-eabi/lib/thumb/v7-m\libg_nano.a(lib_a-mprec.o)
                0x0800255e                __multiply
 .text.__pow5mult
                0x08002688       0x9c e:/graduationproj/stm/imt_arm_course/imt_arm_course/02- tools/03- imt sdk/imt_sdk_win_64/winarm/armgcc/bin/../lib/gcc/arm-none-eabi/7.2.1/../../../../arm-none-eabi/lib/thumb/v7-m\libg_nano.a(lib_a-mprec.o)
                0x08002688                __pow5mult
 .text.__lshift
                0x08002724       0xa8 e:/graduationproj/stm/imt_arm_course/imt_arm_course/02- tools/03- imt sdk/imt_sdk_win_64/winarm/armgcc/bin/../lib/gcc/arm-none-eabi/7.2.1/../../../../arm-none-eabi/lib/thumb/v7-m\libg_nano.a(lib_a-mprec.o)
                0x08002724                __lshift
 .text.__mcmp   0x080027cc       0x34 e:/graduationproj/stm/imt_arm_course/imt_arm_course/02- tools/03- imt sdk/imt_sdk_win_64/winarm/armgcc/bin/../lib/gcc/arm-none-eabi/7.2.1/../../../../arm-none-eabi/lib/thumb/v7-m\libg_nano.a(lib_a-mprec.o)
                0x080027cc                __mcmp
 .text.__mdiff  0x08002800       0xbc e:/graduationproj/stm/imt_arm_course/imt_arm_course/02- tools/03- imt sdk/imt_sdk_win_64/winarm/armgcc/bin/../lib/gcc/arm-none-eabi/7.2.1/../../../../arm-none-eabi/lib/thumb/v7-m\libg_nano.a(lib_a-mprec.o)
                0x08002800                __mdiff
 .text.__d2b    0x080028bc       0x9e e:/graduationproj/stm/imt_arm_course/imt_arm_course/02- tools/03- imt sdk/imt_sdk_win_64/winarm/armgcc/bin/../lib/gcc/arm-none-eabi/7.2.1/../../../../arm-none-eabi/lib/thumb/v7-m\libg_nano.a(lib_a-mprec.o)
                0x080028bc                __d2b
 *fill*         0x0800295a        0x2 
 .text._mprec_log10
                0x0800295c       0x38 e:/graduationproj/stm/imt_arm_course/imt_arm_course/02- tools/03- imt sdk/imt_sdk_win_64/winarm/armgcc/bin/../lib/gcc/arm-none-eabi/7.2.1/../../../../arm-none-eabi/lib/thumb/v7-m\libg_nano.a(lib_a-mprec.o)
                0x0800295c                _mprec_log10
 .text._calloc_r
                0x08002994       0x1c e:/graduationproj/stm/imt_arm_course/imt_arm_course/02- tools/03- imt sdk/imt_sdk_win_64/winarm/armgcc/bin/../lib/gcc/arm-none-eabi/7.2.1/../../../../arm-none-eabi/lib/thumb/v7-m\libg_nano.a(lib_a-nano-callocr.o)
                0x08002994                _calloc_r
 .text._malloc_r
                0x080029b0       0xb4 e:/graduationproj/stm/imt_arm_course/imt_arm_course/02- tools/03- imt sdk/imt_sdk_win_64/winarm/armgcc/bin/../lib/gcc/arm-none-eabi/7.2.1/../../../../arm-none-eabi/lib/thumb/v7-m\libg_nano.a(lib_a-nano-mallocr.o)
                0x080029b0                _malloc_r
 .text._realloc_r
                0x08002a64       0x4c e:/graduationproj/stm/imt_arm_course/imt_arm_course/02- tools/03- imt sdk/imt_sdk_win_64/winarm/armgcc/bin/../lib/gcc/arm-none-eabi/7.2.1/../../../../arm-none-eabi/lib/thumb/v7-m\libg_nano.a(lib_a-nano-reallocr.o)
                0x08002a64                _realloc_r
 .text.__ssputs_r
                0x08002ab0       0xb4 e:/graduationproj/stm/imt_arm_course/imt_arm_course/02- tools/03- imt sdk/imt_sdk_win_64/winarm/armgcc/bin/../lib/gcc/arm-none-eabi/7.2.1/../../../../arm-none-eabi/lib/thumb/v7-m\libg_nano.a(lib_a-nano-svfprintf.o)
                0x08002ab0                __ssputs_r
 .text._svfprintf_r
                0x08002b64      0x1ec e:/graduationproj/stm/imt_arm_course/imt_arm_course/02- tools/03- imt sdk/imt_sdk_win_64/winarm/armgcc/bin/../lib/gcc/arm-none-eabi/7.2.1/../../../../arm-none-eabi/lib/thumb/v7-m\libg_nano.a(lib_a-nano-svfprintf.o)
                0x08002b64                _svfiprintf_r
                0x08002b64                _svfprintf_r
 .text._printf_common
                0x08002d50       0xec e:/graduationproj/stm/imt_arm_course/imt_arm_course/02- tools/03- imt sdk/imt_sdk_win_64/winarm/armgcc/bin/../lib/gcc/arm-none-eabi/7.2.1/../../../../arm-none-eabi/lib/thumb/v7-m\libg_nano.a(lib_a-nano-vfprintf_i.o)
                0x08002d50                _printf_common
 .text._printf_i
                0x08002e3c      0x224 e:/graduationproj/stm/imt_arm_course/imt_arm_course/02- tools/03- imt sdk/imt_sdk_win_64/winarm/armgcc/bin/../lib/gcc/arm-none-eabi/7.2.1/../../../../arm-none-eabi/lib/thumb/v7-m\libg_nano.a(lib_a-nano-vfprintf_i.o)
                0x08002e3c                _printf_i
 .text._sbrk_r  0x08003060       0x20 e:/graduationproj/stm/imt_arm_course/imt_arm_course/02- tools/03- imt sdk/imt_sdk_win_64/winarm/armgcc/bin/../lib/gcc/arm-none-eabi/7.2.1/../../../../arm-none-eabi/lib/thumb/v7-m\libg_nano.a(lib_a-sbrkr.o)
                0x08003060                _sbrk_r
 .text.strcpy   0x08003080       0x10 e:/graduationproj/stm/imt_arm_course/imt_arm_course/02- tools/03- imt sdk/imt_sdk_win_64/winarm/armgcc/bin/../lib/gcc/arm-none-eabi/7.2.1/../../../../arm-none-eabi/lib/thumb/v7-m\libg_nano.a(lib_a-strcpy.o)
                0x08003080                strcpy
 .text.quorem   0x08003090      0x11c e:/graduationproj/stm/imt_arm_course/imt_arm_course/02- tools/03- imt sdk/imt_sdk_win_64/winarm/armgcc/bin/../lib/gcc/arm-none-eabi/7.2.1/../../../../arm-none-eabi/lib/thumb/v7-m\libg_nano.a(lib_a-dtoa.o)
 *fill*         0x080031ac        0x4 
 .text._dtoa_r  0x080031b0      0xb68 e:/graduationproj/stm/imt_arm_course/imt_arm_course/02- tools/03- imt sdk/imt_sdk_win_64/winarm/armgcc/bin/../lib/gcc/arm-none-eabi/7.2.1/../../../../arm-none-eabi/lib/thumb/v7-m\libg_nano.a(lib_a-dtoa.o)
                0x080031b0                _dtoa_r
 .text.malloc   0x08003d18       0x10 e:/graduationproj/stm/imt_arm_course/imt_arm_course/02- tools/03- imt sdk/imt_sdk_win_64/winarm/armgcc/bin/../lib/gcc/arm-none-eabi/7.2.1/../../../../arm-none-eabi/lib/thumb/v7-m\libg_nano.a(lib_a-malloc.o)
                0x08003d18                malloc
 .text.memchr   0x08003d28       0x1c e:/graduationproj/stm/imt_arm_course/imt_arm_course/02- tools/03- imt sdk/imt_sdk_win_64/winarm/armgcc/bin/../lib/gcc/arm-none-eabi/7.2.1/../../../../arm-none-eabi/lib/thumb/v7-m\libg_nano.a(lib_a-memchr-stub.o)
                0x08003d28                memchr
 .text.memcpy   0x08003d44       0x16 e:/graduationproj/stm/imt_arm_course/imt_arm_course/02- tools/03- imt sdk/imt_sdk_win_64/winarm/armgcc/bin/../lib/gcc/arm-none-eabi/7.2.1/../../../../arm-none-eabi/lib/thumb/v7-m\libg_nano.a(lib_a-memcpy-stub.o)
                0x08003d44                memcpy
 .text.memmove  0x08003d5a       0x32 e:/graduationproj/stm/imt_arm_course/imt_arm_course/02- tools/03- imt sdk/imt_sdk_win_64/winarm/armgcc/bin/../lib/gcc/arm-none-eabi/7.2.1/../../../../arm-none-eabi/lib/thumb/v7-m\libg_nano.a(lib_a-memmove.o)
                0x08003d5a                memmove
 .text.memset   0x08003d8c       0x10 e:/graduationproj/stm/imt_arm_course/imt_arm_course/02- tools/03- imt sdk/imt_sdk_win_64/winarm/armgcc/bin/../lib/gcc/arm-none-eabi/7.2.1/../../../../arm-none-eabi/lib/thumb/v7-m\libg_nano.a(lib_a-memset.o)
                0x08003d8c                memset
 .text.__malloc_lock
                0x08003d9c        0x2 e:/graduationproj/stm/imt_arm_course/imt_arm_course/02- tools/03- imt sdk/imt_sdk_win_64/winarm/armgcc/bin/../lib/gcc/arm-none-eabi/7.2.1/../../../../arm-none-eabi/lib/thumb/v7-m\libg_nano.a(lib_a-mlock.o)
                0x08003d9c                __malloc_lock
 .text.__malloc_unlock
                0x08003d9e        0x2 e:/graduationproj/stm/imt_arm_course/imt_arm_course/02- tools/03- imt sdk/imt_sdk_win_64/winarm/armgcc/bin/../lib/gcc/arm-none-eabi/7.2.1/../../../../arm-none-eabi/lib/thumb/v7-m\libg_nano.a(lib_a-mlock.o)
                0x08003d9e                __malloc_unlock
 .text._free_r  0x08003da0       0x98 e:/graduationproj/stm/imt_arm_course/imt_arm_course/02- tools/03- imt sdk/imt_sdk_win_64/winarm/armgcc/bin/../lib/gcc/arm-none-eabi/7.2.1/../../../../arm-none-eabi/lib/thumb/v7-m\libg_nano.a(lib_a-nano-freer.o)
                0x08003da0                _free_r
 .text._malloc_usable_size_r
                0x08003e38       0x10 e:/graduationproj/stm/imt_arm_course/imt_arm_course/02- tools/03- imt sdk/imt_sdk_win_64/winarm/armgcc/bin/../lib/gcc/arm-none-eabi/7.2.1/../../../../arm-none-eabi/lib/thumb/v7-m\libg_nano.a(lib_a-nano-msizer.o)
                0x08003e38                _malloc_usable_size_r
 .text          0x08003e48       0x50 e:/graduationproj/stm/imt_arm_course/imt_arm_course/02- tools/03- imt sdk/imt_sdk_win_64/winarm/armgcc/bin/../lib/gcc/arm-none-eabi/7.2.1/thumb/v7-m\libgcc.a(_arm_fixdfsi.o)
                0x08003e48                __aeabi_d2iz
                0x08003e48                __fixdfsi
 *(.rodata .rodata.* .constdata .constdata.*)
 .rodata.dumpExceptionStack.str1.4
                0x08003e98      0x11a ./system/src/cortexm/exception_handlers.o
 *fill*         0x08003fb2        0x2 
 .rodata.str1.4
                0x08003fb4       0x2c ./system/src/cortexm/exception_handlers.o
                                 0x2a (size before relaxing)
 .rodata.__mprec_bigtens
                0x08003fe0       0x28 e:/graduationproj/stm/imt_arm_course/imt_arm_course/02- tools/03- imt sdk/imt_sdk_win_64/winarm/armgcc/bin/../lib/gcc/arm-none-eabi/7.2.1/../../../../arm-none-eabi/lib/thumb/v7-m\libg_nano.a(lib_a-mprec.o)
                0x08003fe0                __mprec_bigtens
 .rodata.__mprec_tens
                0x08004008       0xc8 e:/graduationproj/stm/imt_arm_course/imt_arm_course/02- tools/03- imt sdk/imt_sdk_win_64/winarm/armgcc/bin/../lib/gcc/arm-none-eabi/7.2.1/../../../../arm-none-eabi/lib/thumb/v7-m\libg_nano.a(lib_a-mprec.o)
                0x08004008                __mprec_tens
 .rodata.p05.6084
                0x080040d0        0xc e:/graduationproj/stm/imt_arm_course/imt_arm_course/02- tools/03- imt sdk/imt_sdk_win_64/winarm/armgcc/bin/../lib/gcc/arm-none-eabi/7.2.1/../../../../arm-none-eabi/lib/thumb/v7-m\libg_nano.a(lib_a-mprec.o)
 .rodata._svfprintf_r.str1.1
                0x080040dc       0x11 e:/graduationproj/stm/imt_arm_course/imt_arm_course/02- tools/03- imt sdk/imt_sdk_win_64/winarm/armgcc/bin/../lib/gcc/arm-none-eabi/7.2.1/../../../../arm-none-eabi/lib/thumb/v7-m\libg_nano.a(lib_a-nano-svfprintf.o)
 .rodata._printf_i.str1.1
                0x080040ed       0x22 e:/graduationproj/stm/imt_arm_course/imt_arm_course/02- tools/03- imt sdk/imt_sdk_win_64/winarm/armgcc/bin/../lib/gcc/arm-none-eabi/7.2.1/../../../../arm-none-eabi/lib/thumb/v7-m\libg_nano.a(lib_a-nano-vfprintf_i.o)
 .rodata._dtoa_r.str1.1
                0x0800410f        0xf e:/graduationproj/stm/imt_arm_course/imt_arm_course/02- tools/03- imt sdk/imt_sdk_win_64/winarm/armgcc/bin/../lib/gcc/arm-none-eabi/7.2.1/../../../../arm-none-eabi/lib/thumb/v7-m\libg_nano.a(lib_a-dtoa.o)
 *(vtable)
 *(.eh_frame*)
 *(.glue_7)
 .glue_7        0x0800411e        0x0 linker stubs
 *(.glue_7t)
 .glue_7t       0x0800411e        0x0 linker stubs

.vfp11_veneer   0x08004120        0x0
 .vfp11_veneer  0x08004120        0x0 linker stubs

.v4_bx          0x08004120        0x0
 .v4_bx         0x08004120        0x0 linker stubs

.iplt           0x08004120        0x0
 .iplt          0x08004120        0x0 ./system/src/newlib/_exit.o

.rel.dyn        0x08004120        0x0
 .rel.iplt      0x08004120        0x0 ./system/src/newlib/_exit.o

.ARM.extab
 *(.ARM.extab* .gnu.linkonce.armextab.*)
                0x08004120                . = ALIGN (0x4)
                0x08004120                __exidx_start = .

.ARM.exidx
 *(.ARM.exidx* .gnu.linkonce.armexidx.*)
                0x08004120                __exidx_end = .
                0x08004120                . = ALIGN (0x4)
                0x08004120                _etext = .
                0x08004120                __etext = .

.data_CCMRAM    0x00000000        0x0 load address 0x08004120
 FILL mask 0xff
 *(.data.CCMRAM .data.CCMRAM.*)
                0x00000000                . = ALIGN (0x4)
                0x08004120                _sidata = LOADADDR (.data)

.data           0x20000000       0x8c load address 0x08004120
 FILL mask 0xff
                0x20000000                _sdata = .
                0x20000000                __data_start__ = .
 *(.data_begin .data_begin.*)
 .data_begin    0x20000000        0x4 ./system/src/newlib/_startup.o
 *(.data .data.*)
 .data.argv.4310
                0x20000004        0x8 ./system/src/newlib/_syscalls.o
 .data.AHBPrescTable
                0x2000000c       0x10 ./system/src/cmsis/system_stm32f10x.o
                0x2000000c                AHBPrescTable
 .data.SystemCoreClock
                0x2000001c        0x4 ./system/src/cmsis/system_stm32f10x.o
                0x2000001c                SystemCoreClock
 .data.R1       0x20000020        0x2 ./src/main.o
                0x20000020                R1
 .data.R2       0x20000022        0x2 ./src/main.o
                0x20000022                R2
 .data._impure_ptr
                0x20000024        0x4 e:/graduationproj/stm/imt_arm_course/imt_arm_course/02- tools/03- imt sdk/imt_sdk_win_64/winarm/armgcc/bin/../lib/gcc/arm-none-eabi/7.2.1/../../../../arm-none-eabi/lib/thumb/v7-m\libg_nano.a(lib_a-impure.o)
                0x20000024                _impure_ptr
 .data.impure_data
                0x20000028       0x60 e:/graduationproj/stm/imt_arm_course/imt_arm_course/02- tools/03- imt sdk/imt_sdk_win_64/winarm/armgcc/bin/../lib/gcc/arm-none-eabi/7.2.1/../../../../arm-none-eabi/lib/thumb/v7-m\libg_nano.a(lib_a-impure.o)
 *(.data_end .data_end.*)
 .data_end      0x20000088        0x4 ./system/src/newlib/_startup.o
                0x2000008c                . = ALIGN (0x4)
                0x2000008c                _edata = .
                0x2000008c                __data_end__ = .

.igot.plt       0x2000008c        0x0 load address 0x080041ac
 .igot.plt      0x2000008c        0x0 ./system/src/newlib/_exit.o

.bss_CCMRAM     0x00000000        0x0
 *(.bss.CCMRAM .bss.CCMRAM.*)

.bss            0x2000008c      0x11c
                0x2000008c                __bss_start__ = .
                0x2000008c                _sbss = .
 *(.bss_begin .bss_begin.*)
 .bss_begin     0x2000008c        0x4 ./system/src/newlib/_startup.o
 *(.bss .bss.*)
 .bss.current_heap_end.3961
                0x20000090        0x4 ./system/src/newlib/_sbrk.o
 .bss.name.4309
                0x20000094        0x1 ./system/src/newlib/_syscalls.o
 *fill*         0x20000095        0x3 
 .bss.buf.5205  0x20000098       0x80 ./system/src/diag/Trace.o
 .bss.Global_s32NumOfCounts
                0x20000118        0x4 ./src/ENCODER_program.o
 .bss.EXTI_GlobalPtr
                0x2000011c       0x40 ./src/EXTI_program.o
 .bss.MSTK_GlobalPtr
                0x2000015c        0x4 ./src/STK_program.o
 .bss.MSTK_u8ModeOfInterval
                0x20000160        0x1 ./src/STK_program.o
 *fill*         0x20000161        0x1 
 .bss.adc_value
                0x20000162        0x2 ./src/main.o
                0x20000162                adc_value
 .bss.adc_volt  0x20000164        0x4 ./src/main.o
                0x20000164                adc_volt
 .bss.left_LastCounts.4488
                0x20000168        0x4 ./src/main.o
 .bss.left_RevPerMin
                0x2000016c        0x4 ./src/main.o
                0x2000016c                left_RevPerMin
 .bss.left_counts
                0x20000170        0x4 ./src/main.o
                0x20000170                left_counts
 .bss.left_countsPerSec
                0x20000174        0x4 ./src/main.o
                0x20000174                left_countsPerSec
 .bss.left_distance
                0x20000178        0x4 ./src/main.o
                0x20000178                left_distance
 .bss.reading   0x2000017c        0x4 ./src/main.o
                0x2000017c                reading
 .bss.right_LastCounts.4489
                0x20000180        0x4 ./src/main.o
 .bss.right_RevPerMin
                0x20000184        0x4 ./src/main.o
                0x20000184                right_RevPerMin
 .bss.right_counts
                0x20000188        0x4 ./src/main.o
                0x20000188                right_counts
 .bss.right_countsPerSec
                0x2000018c        0x4 ./src/main.o
                0x2000018c                right_countsPerSec
 .bss.right_distance
                0x20000190        0x4 ./src/main.o
                0x20000190                right_distance
 .bss.__malloc_free_list
                0x20000194        0x4 e:/graduationproj/stm/imt_arm_course/imt_arm_course/02- tools/03- imt sdk/imt_sdk_win_64/winarm/armgcc/bin/../lib/gcc/arm-none-eabi/7.2.1/../../../../arm-none-eabi/lib/thumb/v7-m\libg_nano.a(lib_a-nano-mallocr.o)
                0x20000194                __malloc_free_list
 .bss.__malloc_sbrk_start
                0x20000198        0x4 e:/graduationproj/stm/imt_arm_course/imt_arm_course/02- tools/03- imt sdk/imt_sdk_win_64/winarm/armgcc/bin/../lib/gcc/arm-none-eabi/7.2.1/../../../../arm-none-eabi/lib/thumb/v7-m\libg_nano.a(lib_a-nano-mallocr.o)
                0x20000198                __malloc_sbrk_start
 *(COMMON)
 COMMON         0x2000019c        0x4 ./system/src/newlib/_syscalls.o
                0x2000019c                errno
 COMMON         0x200001a0        0x2 ./src/main.o
                0x200001a0                right_MotorDirection
                0x200001a1                left_MotorDirection
 *(.bss_end .bss_end.*)
 *fill*         0x200001a2        0x2 
 .bss_end       0x200001a4        0x4 ./system/src/newlib/_startup.o
                0x200001a8                . = ALIGN (0x4)
                0x200001a8                __bss_end__ = .
                0x200001a8                _ebss = .

.noinit_CCMRAM
 *(.noinit.CCMRAM .noinit.CCMRAM.*)

.noinit         0x200001a8        0x0
                0x200001a8                _noinit = .
 *(.noinit .noinit.*)
                0x200001a8                . = ALIGN (0x4)
                0x200001a8                _end_noinit = .
                [!provide]                PROVIDE (end, _end_noinit)
                [!provide]                PROVIDE (_end, _end_noinit)
                [!provide]                PROVIDE (__end, _end_noinit)
                [!provide]                PROVIDE (__end__, _end_noinit)

._check_stack   0x200001a8      0x100
                0x200002a8                . = (. + _Minimum_Stack_Size)
 *fill*         0x200001a8      0x100 

.b1text
 *(.b1text)
 *(.b1rodata)
 *(.b1rodata.*)

.eb0text
 *(.eb0text)
 *(.eb0rodata)
 *(.eb0rodata.*)

.eb1text
 *(.eb1text)
 *(.eb1rodata)
 *(.eb1rodata.*)

.eb2text
 *(.eb2text)
 *(.eb2rodata)
 *(.eb2rodata.*)

.eb3text
 *(.eb3text)
 *(.eb3rodata)
 *(.eb3rodata.*)

.stab
 *(.stab)

.stabstr
 *(.stabstr)

.stab.excl
 *(.stab.excl)

.stab.exclstr
 *(.stab.exclstr)

.stab.index
 *(.stab.index)

.stab.indexstr
 *(.stab.indexstr)

.comment        0x00000000       0x7e
 *(.comment)
 .comment       0x00000000       0x7e ./system/src/newlib/_exit.o
                                 0x7f (size before relaxing)
 .comment       0x0000007e       0x7f ./system/src/newlib/_sbrk.o
 .comment       0x0000007e       0x7f ./system/src/newlib/_startup.o
 .comment       0x0000007e       0x7f ./system/src/newlib/_syscalls.o
 .comment       0x0000007e       0x7f ./system/src/diag/Trace.o
 .comment       0x0000007e       0x7f ./system/src/diag/trace_impl.o
 .comment       0x0000007e       0x7f ./system/src/cortexm/_initialize_hardware.o
 .comment       0x0000007e       0x7f ./system/src/cortexm/exception_handlers.o
 .comment       0x0000007e       0x7f ./system/src/cmsis/system_stm32f10x.o
 .comment       0x0000007e       0x7f ./system/src/cmsis/vectors_stm32f10x.o
 .comment       0x0000007e       0x7f ./src/ADC_program.o
 .comment       0x0000007e       0x7f ./src/AFIO_program.o
 .comment       0x0000007e       0x7f ./src/DIO_program.o
 .comment       0x0000007e       0x7f ./src/ENCODER_program.o
 .comment       0x0000007e       0x7f ./src/EXTI_program.o
 .comment       0x0000007e       0x7f ./src/NVIC_program.o
 .comment       0x0000007e       0x7f ./src/RCC_program.o
 .comment       0x0000007e       0x7f ./src/STK_program.o
 .comment       0x0000007e       0x7f ./src/TIM2_program.o
 .comment       0x0000007e       0x7f ./src/TIM3_program.o
 .comment       0x0000007e       0x7f ./src/USART_program.o
 .comment       0x0000007e       0x7f ./src/main.o

.ARM.attributes
                0x00000000       0x31
 .ARM.attributes
                0x00000000       0x33 ./system/src/newlib/_exit.o
 .ARM.attributes
                0x00000033       0x33 ./system/src/newlib/_sbrk.o
 .ARM.attributes
                0x00000066       0x33 ./system/src/newlib/_startup.o
 .ARM.attributes
                0x00000099       0x33 ./system/src/newlib/_syscalls.o
 .ARM.attributes
                0x000000cc       0x33 ./system/src/diag/Trace.o
 .ARM.attributes
                0x000000ff       0x33 ./system/src/diag/trace_impl.o
 .ARM.attributes
                0x00000132       0x33 ./system/src/cortexm/_initialize_hardware.o
 .ARM.attributes
                0x00000165       0x33 ./system/src/cortexm/exception_handlers.o
 .ARM.attributes
                0x00000198       0x33 ./system/src/cmsis/system_stm32f10x.o
 .ARM.attributes
                0x000001cb       0x33 ./system/src/cmsis/vectors_stm32f10x.o
 .ARM.attributes
                0x000001fe       0x33 ./src/ADC_program.o
 .ARM.attributes
                0x00000231       0x33 ./src/AFIO_program.o
 .ARM.attributes
                0x00000264       0x33 ./src/DIO_program.o
 .ARM.attributes
                0x00000297       0x33 ./src/ENCODER_program.o
 .ARM.attributes
                0x000002ca       0x33 ./src/EXTI_program.o
 .ARM.attributes
                0x000002fd       0x33 ./src/NVIC_program.o
 .ARM.attributes
                0x00000330       0x33 ./src/RCC_program.o
 .ARM.attributes
                0x00000363       0x33 ./src/STK_program.o
 .ARM.attributes
                0x00000396       0x33 ./src/TIM2_program.o
 .ARM.attributes
                0x000003c9       0x33 ./src/TIM3_program.o
 .ARM.attributes
                0x000003fc       0x33 ./src/USART_program.o
 .ARM.attributes
                0x0000042f       0x33 ./src/main.o
 .ARM.attributes
                0x00000462       0x2d e:/graduationproj/stm/imt_arm_course/imt_arm_course/02- tools/03- imt sdk/imt_sdk_win_64/winarm/armgcc/bin/../lib/gcc/arm-none-eabi/7.2.1/../../../../arm-none-eabi/lib/thumb/v7-m\libm.a(lib_a-s_floor.o)
 .ARM.attributes
                0x0000048f       0x1d e:/graduationproj/stm/imt_arm_course/imt_arm_course/02- tools/03- imt sdk/imt_sdk_win_64/winarm/armgcc/bin/../lib/gcc/arm-none-eabi/7.2.1/thumb/v7-m\libgcc.a(_arm_addsubdf3.o)
 .ARM.attributes
                0x000004ac       0x1d e:/graduationproj/stm/imt_arm_course/imt_arm_course/02- tools/03- imt sdk/imt_sdk_win_64/winarm/armgcc/bin/../lib/gcc/arm-none-eabi/7.2.1/thumb/v7-m\libgcc.a(_arm_muldivdf3.o)
 .ARM.attributes
                0x000004c9       0x1d e:/graduationproj/stm/imt_arm_course/imt_arm_course/02- tools/03- imt sdk/imt_sdk_win_64/winarm/armgcc/bin/../lib/gcc/arm-none-eabi/7.2.1/thumb/v7-m\libgcc.a(_arm_cmpdf2.o)
 .ARM.attributes
                0x000004e6       0x1d e:/graduationproj/stm/imt_arm_course/imt_arm_course/02- tools/03- imt sdk/imt_sdk_win_64/winarm/armgcc/bin/../lib/gcc/arm-none-eabi/7.2.1/thumb/v7-m\libgcc.a(_arm_truncdfsf2.o)
 .ARM.attributes
                0x00000503       0x1d e:/graduationproj/stm/imt_arm_course/imt_arm_course/02- tools/03- imt sdk/imt_sdk_win_64/winarm/armgcc/bin/../lib/gcc/arm-none-eabi/7.2.1/thumb/v7-m\libgcc.a(_arm_addsubsf3.o)
 .ARM.attributes
                0x00000520       0x1d e:/graduationproj/stm/imt_arm_course/imt_arm_course/02- tools/03- imt sdk/imt_sdk_win_64/winarm/armgcc/bin/../lib/gcc/arm-none-eabi/7.2.1/thumb/v7-m\libgcc.a(_arm_muldivsf3.o)
 .ARM.attributes
                0x0000053d       0x2d e:/graduationproj/stm/imt_arm_course/imt_arm_course/02- tools/03- imt sdk/imt_sdk_win_64/winarm/armgcc/bin/../lib/gcc/arm-none-eabi/7.2.1/../../../../arm-none-eabi/lib/thumb/v7-m\libg_nano.a(lib_a-efgcvt.o)
 .ARM.attributes
                0x0000056a       0x2d e:/graduationproj/stm/imt_arm_course/imt_arm_course/02- tools/03- imt sdk/imt_sdk_win_64/winarm/armgcc/bin/../lib/gcc/arm-none-eabi/7.2.1/../../../../arm-none-eabi/lib/thumb/v7-m\libg_nano.a(lib_a-errno.o)
 .ARM.attributes
                0x00000597       0x2d e:/graduationproj/stm/imt_arm_course/imt_arm_course/02- tools/03- imt sdk/imt_sdk_win_64/winarm/armgcc/bin/../lib/gcc/arm-none-eabi/7.2.1/../../../../arm-none-eabi/lib/thumb/v7-m\libg_nano.a(lib_a-impure.o)
 .ARM.attributes
                0x000005c4       0x2d e:/graduationproj/stm/imt_arm_course/imt_arm_course/02- tools/03- imt sdk/imt_sdk_win_64/winarm/armgcc/bin/../lib/gcc/arm-none-eabi/7.2.1/../../../../arm-none-eabi/lib/thumb/v7-m\libg_nano.a(lib_a-vsnprintf.o)
 .ARM.attributes
                0x000005f1       0x2d e:/graduationproj/stm/imt_arm_course/imt_arm_course/02- tools/03- imt sdk/imt_sdk_win_64/winarm/armgcc/bin/../lib/gcc/arm-none-eabi/7.2.1/../../../../arm-none-eabi/lib/thumb/v7-m\libg_nano.a(lib_a-ecvtbuf.o)
 .ARM.attributes
                0x0000061e       0x2d e:/graduationproj/stm/imt_arm_course/imt_arm_course/02- tools/03- imt sdk/imt_sdk_win_64/winarm/armgcc/bin/../lib/gcc/arm-none-eabi/7.2.1/../../../../arm-none-eabi/lib/thumb/v7-m\libg_nano.a(lib_a-mprec.o)
 .ARM.attributes
                0x0000064b       0x2d e:/graduationproj/stm/imt_arm_course/imt_arm_course/02- tools/03- imt sdk/imt_sdk_win_64/winarm/armgcc/bin/../lib/gcc/arm-none-eabi/7.2.1/../../../../arm-none-eabi/lib/thumb/v7-m\libg_nano.a(lib_a-nano-callocr.o)
 .ARM.attributes
                0x00000678       0x2d e:/graduationproj/stm/imt_arm_course/imt_arm_course/02- tools/03- imt sdk/imt_sdk_win_64/winarm/armgcc/bin/../lib/gcc/arm-none-eabi/7.2.1/../../../../arm-none-eabi/lib/thumb/v7-m\libg_nano.a(lib_a-nano-mallocr.o)
 .ARM.attributes
                0x000006a5       0x2d e:/graduationproj/stm/imt_arm_course/imt_arm_course/02- tools/03- imt sdk/imt_sdk_win_64/winarm/armgcc/bin/../lib/gcc/arm-none-eabi/7.2.1/../../../../arm-none-eabi/lib/thumb/v7-m\libg_nano.a(lib_a-nano-reallocr.o)
 .ARM.attributes
                0x000006d2       0x2d e:/graduationproj/stm/imt_arm_course/imt_arm_course/02- tools/03- imt sdk/imt_sdk_win_64/winarm/armgcc/bin/../lib/gcc/arm-none-eabi/7.2.1/../../../../arm-none-eabi/lib/thumb/v7-m\libg_nano.a(lib_a-nano-svfprintf.o)
 .ARM.attributes
                0x000006ff       0x2d e:/graduationproj/stm/imt_arm_course/imt_arm_course/02- tools/03- imt sdk/imt_sdk_win_64/winarm/armgcc/bin/../lib/gcc/arm-none-eabi/7.2.1/../../../../arm-none-eabi/lib/thumb/v7-m\libg_nano.a(lib_a-nano-vfprintf_i.o)
 .ARM.attributes
                0x0000072c       0x2d e:/graduationproj/stm/imt_arm_course/imt_arm_course/02- tools/03- imt sdk/imt_sdk_win_64/winarm/armgcc/bin/../lib/gcc/arm-none-eabi/7.2.1/../../../../arm-none-eabi/lib/thumb/v7-m\libg_nano.a(lib_a-sbrkr.o)
 .ARM.attributes
                0x00000759       0x2d e:/graduationproj/stm/imt_arm_course/imt_arm_course/02- tools/03- imt sdk/imt_sdk_win_64/winarm/armgcc/bin/../lib/gcc/arm-none-eabi/7.2.1/../../../../arm-none-eabi/lib/thumb/v7-m\libg_nano.a(lib_a-strcpy.o)
 .ARM.attributes
                0x00000786       0x2d e:/graduationproj/stm/imt_arm_course/imt_arm_course/02- tools/03- imt sdk/imt_sdk_win_64/winarm/armgcc/bin/../lib/gcc/arm-none-eabi/7.2.1/../../../../arm-none-eabi/lib/thumb/v7-m\libg_nano.a(lib_a-dtoa.o)
 .ARM.attributes
                0x000007b3       0x2d e:/graduationproj/stm/imt_arm_course/imt_arm_course/02- tools/03- imt sdk/imt_sdk_win_64/winarm/armgcc/bin/../lib/gcc/arm-none-eabi/7.2.1/../../../../arm-none-eabi/lib/thumb/v7-m\libg_nano.a(lib_a-malloc.o)
 .ARM.attributes
                0x000007e0       0x2d e:/graduationproj/stm/imt_arm_course/imt_arm_course/02- tools/03- imt sdk/imt_sdk_win_64/winarm/armgcc/bin/../lib/gcc/arm-none-eabi/7.2.1/../../../../arm-none-eabi/lib/thumb/v7-m\libg_nano.a(lib_a-memchr-stub.o)
 .ARM.attributes
                0x0000080d       0x2d e:/graduationproj/stm/imt_arm_course/imt_arm_course/02- tools/03- imt sdk/imt_sdk_win_64/winarm/armgcc/bin/../lib/gcc/arm-none-eabi/7.2.1/../../../../arm-none-eabi/lib/thumb/v7-m\libg_nano.a(lib_a-memcpy-stub.o)
 .ARM.attributes
                0x0000083a       0x2d e:/graduationproj/stm/imt_arm_course/imt_arm_course/02- tools/03- imt sdk/imt_sdk_win_64/winarm/armgcc/bin/../lib/gcc/arm-none-eabi/7.2.1/../../../../arm-none-eabi/lib/thumb/v7-m\libg_nano.a(lib_a-memmove.o)
 .ARM.attributes
                0x00000867       0x2d e:/graduationproj/stm/imt_arm_course/imt_arm_course/02- tools/03- imt sdk/imt_sdk_win_64/winarm/armgcc/bin/../lib/gcc/arm-none-eabi/7.2.1/../../../../arm-none-eabi/lib/thumb/v7-m\libg_nano.a(lib_a-memset.o)
 .ARM.attributes
                0x00000894       0x2d e:/graduationproj/stm/imt_arm_course/imt_arm_course/02- tools/03- imt sdk/imt_sdk_win_64/winarm/armgcc/bin/../lib/gcc/arm-none-eabi/7.2.1/../../../../arm-none-eabi/lib/thumb/v7-m\libg_nano.a(lib_a-mlock.o)
 .ARM.attributes
                0x000008c1       0x2d e:/graduationproj/stm/imt_arm_course/imt_arm_course/02- tools/03- imt sdk/imt_sdk_win_64/winarm/armgcc/bin/../lib/gcc/arm-none-eabi/7.2.1/../../../../arm-none-eabi/lib/thumb/v7-m\libg_nano.a(lib_a-nano-freer.o)
 .ARM.attributes
                0x000008ee       0x2d e:/graduationproj/stm/imt_arm_course/imt_arm_course/02- tools/03- imt sdk/imt_sdk_win_64/winarm/armgcc/bin/../lib/gcc/arm-none-eabi/7.2.1/../../../../arm-none-eabi/lib/thumb/v7-m\libg_nano.a(lib_a-nano-msizer.o)
 .ARM.attributes
                0x0000091b       0x1d e:/graduationproj/stm/imt_arm_course/imt_arm_course/02- tools/03- imt sdk/imt_sdk_win_64/winarm/armgcc/bin/../lib/gcc/arm-none-eabi/7.2.1/thumb/v7-m\libgcc.a(_arm_fixdfsi.o)

.debug
 *(.debug)

.line
 *(.line)

.debug_srcinfo
 *(.debug_srcinfo)

.debug_sfnames
 *(.debug_sfnames)

.debug_aranges  0x00000000      0x540
 *(.debug_aranges)
 .debug_aranges
                0x00000000       0x28 ./system/src/newlib/_exit.o
 .debug_aranges
                0x00000028       0x20 ./system/src/newlib/_sbrk.o
 .debug_aranges
                0x00000048       0x40 ./system/src/newlib/_startup.o
 .debug_aranges
                0x00000088       0x30 ./system/src/newlib/_syscalls.o
 .debug_aranges
                0x000000b8       0x38 ./system/src/diag/Trace.o
 .debug_aranges
                0x000000f0       0x30 ./system/src/diag/trace_impl.o
 .debug_aranges
                0x00000120       0x28 ./system/src/cortexm/_initialize_hardware.o
 .debug_aranges
                0x00000148       0x90 ./system/src/cortexm/exception_handlers.o
 .debug_aranges
                0x000001d8       0x38 ./system/src/cmsis/system_stm32f10x.o
 .debug_aranges
                0x00000210       0x20 ./system/src/cmsis/vectors_stm32f10x.o
 .debug_aranges
                0x00000230       0x30 ./src/ADC_program.o
 .debug_aranges
                0x00000260       0x20 ./src/AFIO_program.o
 .debug_aranges
                0x00000280       0x38 ./src/DIO_program.o
 .debug_aranges
                0x000002b8       0x38 ./src/ENCODER_program.o
 .debug_aranges
                0x000002f0       0x80 ./src/EXTI_program.o
 .debug_aranges
                0x00000370       0x48 ./src/NVIC_program.o
 .debug_aranges
                0x000003b8       0x30 ./src/RCC_program.o
 .debug_aranges
                0x000003e8       0x58 ./src/STK_program.o
 .debug_aranges
                0x00000440       0x40 ./src/TIM2_program.o
 .debug_aranges
                0x00000480       0x30 ./src/TIM3_program.o
 .debug_aranges
                0x000004b0       0x40 ./src/USART_program.o
 .debug_aranges
                0x000004f0       0x50 ./src/main.o

.debug_pubnames
 *(.debug_pubnames)

.debug_info     0x00000000     0x74f2
 *(.debug_info .gnu.linkonce.wi.*)
 .debug_info    0x00000000      0x956 ./system/src/newlib/_exit.o
 .debug_info    0x00000956      0x942 ./system/src/newlib/_sbrk.o
 .debug_info    0x00001298      0x42e ./system/src/newlib/_startup.o
 .debug_info    0x000016c6      0xa19 ./system/src/newlib/_syscalls.o
 .debug_info    0x000020df      0xb2a ./system/src/diag/Trace.o
 .debug_info    0x00002c09      0x363 ./system/src/diag/trace_impl.o
 .debug_info    0x00002f6c      0x2b5 ./system/src/cortexm/_initialize_hardware.o
 .debug_info    0x00003221     0x1140 ./system/src/cortexm/exception_handlers.o
 .debug_info    0x00004361      0x494 ./system/src/cmsis/system_stm32f10x.o
 .debug_info    0x000047f5       0xca ./system/src/cmsis/vectors_stm32f10x.o
 .debug_info    0x000048bf      0x227 ./src/ADC_program.o
 .debug_info    0x00004ae6      0x119 ./src/AFIO_program.o
 .debug_info    0x00004bff      0x16a ./src/DIO_program.o
 .debug_info    0x00004d69      0x1bd ./src/ENCODER_program.o
 .debug_info    0x00004f26      0x310 ./src/EXTI_program.o
 .debug_info    0x00005236      0x18f ./src/NVIC_program.o
 .debug_info    0x000053c5       0xf0 ./src/RCC_program.o
 .debug_info    0x000054b5      0x1f7 ./src/STK_program.o
 .debug_info    0x000056ac      0x1ab ./src/TIM2_program.o
 .debug_info    0x00005857      0x177 ./src/TIM3_program.o
 .debug_info    0x000059ce      0xafc ./src/USART_program.o
 .debug_info    0x000064ca     0x1028 ./src/main.o

.debug_abbrev   0x00000000     0x1f98
 *(.debug_abbrev)
 .debug_abbrev  0x00000000      0x1f3 ./system/src/newlib/_exit.o
 .debug_abbrev  0x000001f3      0x1fc ./system/src/newlib/_sbrk.o
 .debug_abbrev  0x000003ef      0x1b3 ./system/src/newlib/_startup.o
 .debug_abbrev  0x000005a2      0x234 ./system/src/newlib/_syscalls.o
 .debug_abbrev  0x000007d6      0x276 ./system/src/diag/Trace.o
 .debug_abbrev  0x00000a4c      0x1e2 ./system/src/diag/trace_impl.o
 .debug_abbrev  0x00000c2e       0xea ./system/src/cortexm/_initialize_hardware.o
 .debug_abbrev  0x00000d18      0x32b ./system/src/cortexm/exception_handlers.o
 .debug_abbrev  0x00001043      0x177 ./system/src/cmsis/system_stm32f10x.o
 .debug_abbrev  0x000011ba       0x9d ./system/src/cmsis/vectors_stm32f10x.o
 .debug_abbrev  0x00001257      0x11d ./src/ADC_program.o
 .debug_abbrev  0x00001374       0xb6 ./src/AFIO_program.o
 .debug_abbrev  0x0000142a       0xaa ./src/DIO_program.o
 .debug_abbrev  0x000014d4       0xb0 ./src/ENCODER_program.o
 .debug_abbrev  0x00001584      0x13d ./src/EXTI_program.o
 .debug_abbrev  0x000016c1       0xaa ./src/NVIC_program.o
 .debug_abbrev  0x0000176b       0x70 ./src/RCC_program.o
 .debug_abbrev  0x000017db      0x12f ./src/STK_program.o
 .debug_abbrev  0x0000190a       0xaf ./src/TIM2_program.o
 .debug_abbrev  0x000019b9       0xaf ./src/TIM3_program.o
 .debug_abbrev  0x00001a68      0x299 ./src/USART_program.o
 .debug_abbrev  0x00001d01      0x297 ./src/main.o

.debug_line     0x00000000     0x44f2
 *(.debug_line)
 .debug_line    0x00000000      0x413 ./system/src/newlib/_exit.o
 .debug_line    0x00000413      0x3c7 ./system/src/newlib/_sbrk.o
 .debug_line    0x000007da      0x481 ./system/src/newlib/_startup.o
 .debug_line    0x00000c5b      0x50e ./system/src/newlib/_syscalls.o
 .debug_line    0x00001169      0x48f ./system/src/diag/Trace.o
 .debug_line    0x000015f8      0x6fc ./system/src/diag/trace_impl.o
 .debug_line    0x00001cf4      0x3a5 ./system/src/cortexm/_initialize_hardware.o
 .debug_line    0x00002099      0x7be ./system/src/cortexm/exception_handlers.o
 .debug_line    0x00002857      0x418 ./system/src/cmsis/system_stm32f10x.o
 .debug_line    0x00002c6f      0x131 ./system/src/cmsis/vectors_stm32f10x.o
 .debug_line    0x00002da0      0x121 ./src/ADC_program.o
 .debug_line    0x00002ec1       0xeb ./src/AFIO_program.o
 .debug_line    0x00002fac      0x15d ./src/DIO_program.o
 .debug_line    0x00003109      0x148 ./src/ENCODER_program.o
 .debug_line    0x00003251      0x1e8 ./src/EXTI_program.o
 .debug_line    0x00003439      0x14f ./src/NVIC_program.o
 .debug_line    0x00003588      0x107 ./src/RCC_program.o
 .debug_line    0x0000368f      0x165 ./src/STK_program.o
 .debug_line    0x000037f4      0x13b ./src/TIM2_program.o
 .debug_line    0x0000392f      0x10b ./src/TIM3_program.o
 .debug_line    0x00003a3a      0x548 ./src/USART_program.o
 .debug_line    0x00003f82      0x570 ./src/main.o

.debug_frame    0x00000000     0x1490
 *(.debug_frame)
 .debug_frame   0x00000000       0x38 ./system/src/newlib/_exit.o
 .debug_frame   0x00000038       0x28 ./system/src/newlib/_sbrk.o
 .debug_frame   0x00000060       0x7c ./system/src/newlib/_startup.o
 .debug_frame   0x000000dc       0x50 ./system/src/newlib/_syscalls.o
 .debug_frame   0x0000012c       0x94 ./system/src/diag/Trace.o
 .debug_frame   0x000001c0       0x64 ./system/src/diag/trace_impl.o
 .debug_frame   0x00000224       0x40 ./system/src/cortexm/_initialize_hardware.o
 .debug_frame   0x00000264      0x158 ./system/src/cortexm/exception_handlers.o
 .debug_frame   0x000003bc       0x6c ./system/src/cmsis/system_stm32f10x.o
 .debug_frame   0x00000428       0x20 ./system/src/cmsis/vectors_stm32f10x.o
 .debug_frame   0x00000448       0x4c ./src/ADC_program.o
 .debug_frame   0x00000494       0x30 ./src/AFIO_program.o
 .debug_frame   0x000004c4       0x5c ./src/DIO_program.o
 .debug_frame   0x00000520       0x68 ./src/ENCODER_program.o
 .debug_frame   0x00000588      0x128 ./src/EXTI_program.o
 .debug_frame   0x000006b0       0x70 ./src/NVIC_program.o
 .debug_frame   0x00000720       0x40 ./src/RCC_program.o
 .debug_frame   0x00000760       0x98 ./src/STK_program.o
 .debug_frame   0x000007f8       0x60 ./src/TIM2_program.o
 .debug_frame   0x00000858       0x40 ./src/TIM3_program.o
 .debug_frame   0x00000898       0x7c ./src/USART_program.o
 .debug_frame   0x00000914       0xbc ./src/main.o
 .debug_frame   0x000009d0       0x34 e:/graduationproj/stm/imt_arm_course/imt_arm_course/02- tools/03- imt sdk/imt_sdk_win_64/winarm/armgcc/bin/../lib/gcc/arm-none-eabi/7.2.1/../../../../arm-none-eabi/lib/thumb/v7-m\libm.a(lib_a-s_floor.o)
 .debug_frame   0x00000a04       0xac e:/graduationproj/stm/imt_arm_course/imt_arm_course/02- tools/03- imt sdk/imt_sdk_win_64/winarm/armgcc/bin/../lib/gcc/arm-none-eabi/7.2.1/thumb/v7-m\libgcc.a(_arm_addsubdf3.o)
 .debug_frame   0x00000ab0       0x50 e:/graduationproj/stm/imt_arm_course/imt_arm_course/02- tools/03- imt sdk/imt_sdk_win_64/winarm/armgcc/bin/../lib/gcc/arm-none-eabi/7.2.1/thumb/v7-m\libgcc.a(_arm_muldivdf3.o)
 .debug_frame   0x00000b00       0xc4 e:/graduationproj/stm/imt_arm_course/imt_arm_course/02- tools/03- imt sdk/imt_sdk_win_64/winarm/armgcc/bin/../lib/gcc/arm-none-eabi/7.2.1/thumb/v7-m\libgcc.a(_arm_cmpdf2.o)
 .debug_frame   0x00000bc4       0x24 e:/graduationproj/stm/imt_arm_course/imt_arm_course/02- tools/03- imt sdk/imt_sdk_win_64/winarm/armgcc/bin/../lib/gcc/arm-none-eabi/7.2.1/thumb/v7-m\libgcc.a(_arm_truncdfsf2.o)
 .debug_frame   0x00000be8       0x4c e:/graduationproj/stm/imt_arm_course/imt_arm_course/02- tools/03- imt sdk/imt_sdk_win_64/winarm/armgcc/bin/../lib/gcc/arm-none-eabi/7.2.1/thumb/v7-m\libgcc.a(_arm_addsubsf3.o)
 .debug_frame   0x00000c34       0x38 e:/graduationproj/stm/imt_arm_course/imt_arm_course/02- tools/03- imt sdk/imt_sdk_win_64/winarm/armgcc/bin/../lib/gcc/arm-none-eabi/7.2.1/thumb/v7-m\libgcc.a(_arm_muldivsf3.o)
 .debug_frame   0x00000c6c       0xd0 e:/graduationproj/stm/imt_arm_course/imt_arm_course/02- tools/03- imt sdk/imt_sdk_win_64/winarm/armgcc/bin/../lib/gcc/arm-none-eabi/7.2.1/../../../../arm-none-eabi/lib/thumb/v7-m\libg_nano.a(lib_a-efgcvt.o)
 .debug_frame   0x00000d3c       0x20 e:/graduationproj/stm/imt_arm_course/imt_arm_course/02- tools/03- imt sdk/imt_sdk_win_64/winarm/armgcc/bin/../lib/gcc/arm-none-eabi/7.2.1/../../../../arm-none-eabi/lib/thumb/v7-m\libg_nano.a(lib_a-errno.o)
 .debug_frame   0x00000d5c       0x4c e:/graduationproj/stm/imt_arm_course/imt_arm_course/02- tools/03- imt sdk/imt_sdk_win_64/winarm/armgcc/bin/../lib/gcc/arm-none-eabi/7.2.1/../../../../arm-none-eabi/lib/thumb/v7-m\libg_nano.a(lib_a-vsnprintf.o)
 .debug_frame   0x00000da8       0xf0 e:/graduationproj/stm/imt_arm_course/imt_arm_course/02- tools/03- imt sdk/imt_sdk_win_64/winarm/armgcc/bin/../lib/gcc/arm-none-eabi/7.2.1/../../../../arm-none-eabi/lib/thumb/v7-m\libg_nano.a(lib_a-ecvtbuf.o)
 .debug_frame   0x00000e98      0x248 e:/graduationproj/stm/imt_arm_course/imt_arm_course/02- tools/03- imt sdk/imt_sdk_win_64/winarm/armgcc/bin/../lib/gcc/arm-none-eabi/7.2.1/../../../../arm-none-eabi/lib/thumb/v7-m\libg_nano.a(lib_a-mprec.o)
 .debug_frame   0x000010e0       0x2c e:/graduationproj/stm/imt_arm_course/imt_arm_course/02- tools/03- imt sdk/imt_sdk_win_64/winarm/armgcc/bin/../lib/gcc/arm-none-eabi/7.2.1/../../../../arm-none-eabi/lib/thumb/v7-m\libg_nano.a(lib_a-nano-callocr.o)
 .debug_frame   0x0000110c       0x2c e:/graduationproj/stm/imt_arm_course/imt_arm_course/02- tools/03- imt sdk/imt_sdk_win_64/winarm/armgcc/bin/../lib/gcc/arm-none-eabi/7.2.1/../../../../arm-none-eabi/lib/thumb/v7-m\libg_nano.a(lib_a-nano-mallocr.o)
 .debug_frame   0x00001138       0x3c e:/graduationproj/stm/imt_arm_course/imt_arm_course/02- tools/03- imt sdk/imt_sdk_win_64/winarm/armgcc/bin/../lib/gcc/arm-none-eabi/7.2.1/../../../../arm-none-eabi/lib/thumb/v7-m\libg_nano.a(lib_a-nano-reallocr.o)
 .debug_frame   0x00001174       0x90 e:/graduationproj/stm/imt_arm_course/imt_arm_course/02- tools/03- imt sdk/imt_sdk_win_64/winarm/armgcc/bin/../lib/gcc/arm-none-eabi/7.2.1/../../../../arm-none-eabi/lib/thumb/v7-m\libg_nano.a(lib_a-nano-svfprintf.o)
 .debug_frame   0x00001204       0x60 e:/graduationproj/stm/imt_arm_course/imt_arm_course/02- tools/03- imt sdk/imt_sdk_win_64/winarm/armgcc/bin/../lib/gcc/arm-none-eabi/7.2.1/../../../../arm-none-eabi/lib/thumb/v7-m\libg_nano.a(lib_a-nano-vfprintf_i.o)
 .debug_frame   0x00001264       0x2c e:/graduationproj/stm/imt_arm_course/imt_arm_course/02- tools/03- imt sdk/imt_sdk_win_64/winarm/armgcc/bin/../lib/gcc/arm-none-eabi/7.2.1/../../../../arm-none-eabi/lib/thumb/v7-m\libg_nano.a(lib_a-sbrkr.o)
 .debug_frame   0x00001290       0x20 e:/graduationproj/stm/imt_arm_course/imt_arm_course/02- tools/03- imt sdk/imt_sdk_win_64/winarm/armgcc/bin/../lib/gcc/arm-none-eabi/7.2.1/../../../../arm-none-eabi/lib/thumb/v7-m\libg_nano.a(lib_a-strcpy.o)
 .debug_frame   0x000012b0       0x6c e:/graduationproj/stm/imt_arm_course/imt_arm_course/02- tools/03- imt sdk/imt_sdk_win_64/winarm/armgcc/bin/../lib/gcc/arm-none-eabi/7.2.1/../../../../arm-none-eabi/lib/thumb/v7-m\libg_nano.a(lib_a-dtoa.o)
 .debug_frame   0x0000131c       0x30 e:/graduationproj/stm/imt_arm_course/imt_arm_course/02- tools/03- imt sdk/imt_sdk_win_64/winarm/armgcc/bin/../lib/gcc/arm-none-eabi/7.2.1/../../../../arm-none-eabi/lib/thumb/v7-m\libg_nano.a(lib_a-malloc.o)
 .debug_frame   0x0000134c       0x28 e:/graduationproj/stm/imt_arm_course/imt_arm_course/02- tools/03- imt sdk/imt_sdk_win_64/winarm/armgcc/bin/../lib/gcc/arm-none-eabi/7.2.1/../../../../arm-none-eabi/lib/thumb/v7-m\libg_nano.a(lib_a-memchr-stub.o)
 .debug_frame   0x00001374       0x28 e:/graduationproj/stm/imt_arm_course/imt_arm_course/02- tools/03- imt sdk/imt_sdk_win_64/winarm/armgcc/bin/../lib/gcc/arm-none-eabi/7.2.1/../../../../arm-none-eabi/lib/thumb/v7-m\libg_nano.a(lib_a-memcpy-stub.o)
 .debug_frame   0x0000139c       0x28 e:/graduationproj/stm/imt_arm_course/imt_arm_course/02- tools/03- imt sdk/imt_sdk_win_64/winarm/armgcc/bin/../lib/gcc/arm-none-eabi/7.2.1/../../../../arm-none-eabi/lib/thumb/v7-m\libg_nano.a(lib_a-memmove.o)
 .debug_frame   0x000013c4       0x20 e:/graduationproj/stm/imt_arm_course/imt_arm_course/02- tools/03- imt sdk/imt_sdk_win_64/winarm/armgcc/bin/../lib/gcc/arm-none-eabi/7.2.1/../../../../arm-none-eabi/lib/thumb/v7-m\libg_nano.a(lib_a-memset.o)
 .debug_frame   0x000013e4       0x30 e:/graduationproj/stm/imt_arm_course/imt_arm_course/02- tools/03- imt sdk/imt_sdk_win_64/winarm/armgcc/bin/../lib/gcc/arm-none-eabi/7.2.1/../../../../arm-none-eabi/lib/thumb/v7-m\libg_nano.a(lib_a-mlock.o)
 .debug_frame   0x00001414       0x38 e:/graduationproj/stm/imt_arm_course/imt_arm_course/02- tools/03- imt sdk/imt_sdk_win_64/winarm/armgcc/bin/../lib/gcc/arm-none-eabi/7.2.1/../../../../arm-none-eabi/lib/thumb/v7-m\libg_nano.a(lib_a-nano-freer.o)
 .debug_frame   0x0000144c       0x20 e:/graduationproj/stm/imt_arm_course/imt_arm_course/02- tools/03- imt sdk/imt_sdk_win_64/winarm/armgcc/bin/../lib/gcc/arm-none-eabi/7.2.1/../../../../arm-none-eabi/lib/thumb/v7-m\libg_nano.a(lib_a-nano-msizer.o)
 .debug_frame   0x0000146c       0x24 e:/graduationproj/stm/imt_arm_course/imt_arm_course/02- tools/03- imt sdk/imt_sdk_win_64/winarm/armgcc/bin/../lib/gcc/arm-none-eabi/7.2.1/thumb/v7-m\libgcc.a(_arm_fixdfsi.o)

.debug_str      0x00000000    0x582df
 *(.debug_str)
 .debug_str     0x00000000     0x7d09 ./system/src/newlib/_exit.o
                               0x7edc (size before relaxing)
 .debug_str     0x00007d09      0x4f5 ./system/src/newlib/_sbrk.o
                               0x728e (size before relaxing)
 .debug_str     0x000081fe      0xbbd ./system/src/newlib/_startup.o
                               0x69c9 (size before relaxing)
 .debug_str     0x00008dbb      0xe8b ./system/src/newlib/_syscalls.o
                               0x8169 (size before relaxing)
 .debug_str     0x00009c46      0x826 ./system/src/diag/Trace.o
                               0x8654 (size before relaxing)
 .debug_str     0x0000a46c    0x4b2b9 ./system/src/diag/trace_impl.o
                              0x52a3a (size before relaxing)
 .debug_str     0x00055725       0xc4 ./system/src/cortexm/_initialize_hardware.o
                              0x4e82b (size before relaxing)
 .debug_str     0x000557e9      0x1a6 ./system/src/cortexm/exception_handlers.o
                              0x53c5f (size before relaxing)
 .debug_str     0x0005598f      0x114 ./system/src/cmsis/system_stm32f10x.o
                              0x4e8c5 (size before relaxing)
 .debug_str     0x00055aa3       0x57 ./system/src/cmsis/vectors_stm32f10x.o
                               0x386a (size before relaxing)
 .debug_str     0x00055afa      0x22e ./src/ADC_program.o
                               0x2f9d (size before relaxing)
 .debug_str     0x00055d28      0x102 ./src/AFIO_program.o
                               0x2f3e (size before relaxing)
 .debug_str     0x00055e2a      0x7db ./src/DIO_program.o
                               0x360a (size before relaxing)
 .debug_str     0x00056605      0x1b9 ./src/ENCODER_program.o
                               0x3220 (size before relaxing)
 .debug_str     0x000567be      0x2ee ./src/EXTI_program.o
                               0x313a (size before relaxing)
 .debug_str     0x00056aac      0x3db ./src/NVIC_program.o
                               0x320a (size before relaxing)
 .debug_str     0x00056e87      0x308 ./src/RCC_program.o
                               0x3137 (size before relaxing)
 .debug_str     0x0005718f      0x1cc ./src/STK_program.o
                               0x3031 (size before relaxing)
 .debug_str     0x0005735b      0x278 ./src/TIM2_program.o
                               0x30a7 (size before relaxing)
 .debug_str     0x000575d3      0x20b ./src/TIM3_program.o
                               0x307b (size before relaxing)
 .debug_str     0x000577de      0x13d ./src/USART_program.o
                               0x7a02 (size before relaxing)
 .debug_str     0x0005791b      0x9c4 ./src/main.o
                               0x71a2 (size before relaxing)

.debug_loc      0x00000000     0x13ae
 *(.debug_loc)
 .debug_loc     0x00000000       0x85 ./system/src/newlib/_sbrk.o
 .debug_loc     0x00000085      0x1a9 ./system/src/newlib/_startup.o
 .debug_loc     0x0000022e       0x63 ./system/src/newlib/_syscalls.o
 .debug_loc     0x00000291       0xf6 ./system/src/diag/Trace.o
 .debug_loc     0x00000387      0x121 ./system/src/diag/trace_impl.o
 .debug_loc     0x000004a8      0x291 ./system/src/cortexm/exception_handlers.o
 .debug_loc     0x00000739       0xdf ./system/src/cmsis/system_stm32f10x.o
 .debug_loc     0x00000818       0x42 ./src/ADC_program.o
 .debug_loc     0x0000085a       0x9d ./src/AFIO_program.o
 .debug_loc     0x000008f7      0x318 ./src/DIO_program.o
 .debug_loc     0x00000c0f      0x181 ./src/ENCODER_program.o
 .debug_loc     0x00000d90      0x1da ./src/EXTI_program.o
 .debug_loc     0x00000f6a      0x214 ./src/NVIC_program.o
 .debug_loc     0x0000117e      0x14c ./src/RCC_program.o
 .debug_loc     0x000012ca       0x83 ./src/STK_program.o
 .debug_loc     0x0000134d       0x61 ./src/USART_program.o

.debug_macinfo
 *(.debug_macinfo)

.debug_weaknames
 *(.debug_weaknames)

.debug_funcnames
 *(.debug_funcnames)

.debug_typenames
 *(.debug_typenames)

.debug_varnames
 *(.debug_varnames)
OUTPUT(test_all.elf elf32-littlearm)

.debug_ranges   0x00000000      0x458
 .debug_ranges  0x00000000       0x18 ./system/src/newlib/_exit.o
 .debug_ranges  0x00000018       0x10 ./system/src/newlib/_sbrk.o
 .debug_ranges  0x00000028       0x78 ./system/src/newlib/_startup.o
 .debug_ranges  0x000000a0       0x20 ./system/src/newlib/_syscalls.o
 .debug_ranges  0x000000c0       0x28 ./system/src/diag/Trace.o
 .debug_ranges  0x000000e8       0x50 ./system/src/diag/trace_impl.o
 .debug_ranges  0x00000138       0x18 ./system/src/cortexm/_initialize_hardware.o
 .debug_ranges  0x00000150       0x80 ./system/src/cortexm/exception_handlers.o
 .debug_ranges  0x000001d0       0x28 ./system/src/cmsis/system_stm32f10x.o
 .debug_ranges  0x000001f8       0x10 ./system/src/cmsis/vectors_stm32f10x.o
 .debug_ranges  0x00000208       0x20 ./src/ADC_program.o
 .debug_ranges  0x00000228       0x10 ./src/AFIO_program.o
 .debug_ranges  0x00000238       0x28 ./src/DIO_program.o
 .debug_ranges  0x00000260       0x28 ./src/ENCODER_program.o
 .debug_ranges  0x00000288       0x70 ./src/EXTI_program.o
 .debug_ranges  0x000002f8       0x38 ./src/NVIC_program.o
 .debug_ranges  0x00000330       0x20 ./src/RCC_program.o
 .debug_ranges  0x00000350       0x48 ./src/STK_program.o
 .debug_ranges  0x00000398       0x30 ./src/TIM2_program.o
 .debug_ranges  0x000003c8       0x20 ./src/TIM3_program.o
 .debug_ranges  0x000003e8       0x30 ./src/USART_program.o
 .debug_ranges  0x00000418       0x40 ./src/main.o

.debug_macro    0x00000000     0x32f8
 .debug_macro   0x00000000      0x1b4 ./system/src/newlib/_exit.o
 .debug_macro   0x000001b4       0x9c ./system/src/newlib/_exit.o
 .debug_macro   0x00000250      0x10e ./system/src/newlib/_exit.o
 .debug_macro   0x0000035e       0x8d ./system/src/newlib/_exit.o
 .debug_macro   0x000003eb       0x43 ./system/src/newlib/_exit.o
 .debug_macro   0x0000042e      0x330 ./system/src/newlib/_exit.o
 .debug_macro   0x0000075e       0x35 ./system/src/newlib/_exit.o
 .debug_macro   0x00000793      0x169 ./system/src/newlib/_sbrk.o
 .debug_macro   0x000008fc      0x174 ./system/src/newlib/_sbrk.o
 .debug_macro   0x00000a70       0x10 ./system/src/newlib/_sbrk.o
 .debug_macro   0x00000a80      0x23b ./system/src/newlib/_sbrk.o
 .debug_macro   0x00000cbb      0x173 ./system/src/newlib/_startup.o
 .debug_macro   0x00000e2e      0x217 ./system/src/newlib/_syscalls.o
 .debug_macro   0x00001045       0x1c ./system/src/newlib/_syscalls.o
 .debug_macro   0x00001061       0x10 ./system/src/newlib/_syscalls.o
 .debug_macro   0x00001071       0x10 ./system/src/newlib/_syscalls.o
 .debug_macro   0x00001081       0x10 ./system/src/newlib/_syscalls.o
 .debug_macro   0x00001091       0x35 ./system/src/newlib/_syscalls.o
 .debug_macro   0x000010c6      0x122 ./system/src/newlib/_syscalls.o
 .debug_macro   0x000011e8       0x88 ./system/src/newlib/_syscalls.o
 .debug_macro   0x00001270       0x2b ./system/src/newlib/_syscalls.o
 .debug_macro   0x0000129b      0x118 ./system/src/newlib/_syscalls.o
 .debug_macro   0x000013b3      0x189 ./system/src/newlib/_syscalls.o
 .debug_macro   0x0000153c       0x16 ./system/src/newlib/_syscalls.o
 .debug_macro   0x00001552      0x1fb ./system/src/diag/Trace.o
 .debug_macro   0x0000174d       0x16 ./system/src/diag/Trace.o
 .debug_macro   0x00001763       0x97 ./system/src/diag/Trace.o
 .debug_macro   0x000017fa       0xfd ./system/src/diag/Trace.o
 .debug_macro   0x000018f7       0x10 ./system/src/diag/Trace.o
 .debug_macro   0x00001907       0x16 ./system/src/diag/Trace.o
 .debug_macro   0x0000191d      0x16f ./system/src/diag/Trace.o
 .debug_macro   0x00001a8c       0x4c ./system/src/diag/Trace.o
 .debug_macro   0x00001ad8       0x16 ./system/src/diag/Trace.o
 .debug_macro   0x00001aee      0x2da ./system/src/diag/trace_impl.o
 .debug_macro   0x00001dc8       0x10 ./system/src/diag/trace_impl.o
 .debug_macro   0x00001dd8       0xcf ./system/src/diag/trace_impl.o
 .debug_macro   0x00001ea7       0xbe ./system/src/diag/trace_impl.o
 .debug_macro   0x00001f65       0x22 ./system/src/diag/trace_impl.o
 .debug_macro   0x00001f87      0x16b ./system/src/cortexm/_initialize_hardware.o
 .debug_macro   0x000020f2      0x324 ./system/src/cortexm/exception_handlers.o
 .debug_macro   0x00002416       0x3b ./system/src/cortexm/exception_handlers.o
 .debug_macro   0x00002451       0x10 ./system/src/cortexm/exception_handlers.o
 .debug_macro   0x00002461      0x16e ./system/src/cmsis/system_stm32f10x.o
 .debug_macro   0x000025cf       0x34 ./system/src/cmsis/vectors_stm32f10x.o
 .debug_macro   0x00002603       0x4a ./src/ADC_program.o
 .debug_macro   0x0000264d       0x22 ./src/ADC_program.o
 .debug_macro   0x0000266f       0x10 ./src/ADC_program.o
 .debug_macro   0x0000267f       0x16 ./src/ADC_program.o
 .debug_macro   0x00002695       0x40 ./src/AFIO_program.o
 .debug_macro   0x000026d5       0x1c ./src/AFIO_program.o
 .debug_macro   0x000026f1       0x10 ./src/AFIO_program.o
 .debug_macro   0x00002701       0x40 ./src/DIO_program.o
 .debug_macro   0x00002741       0xe2 ./src/DIO_program.o
 .debug_macro   0x00002823       0xa0 ./src/DIO_program.o
 .debug_macro   0x000028c3       0x48 ./src/ENCODER_program.o
 .debug_macro   0x0000290b       0x16 ./src/ENCODER_program.o
 .debug_macro   0x00002921       0x10 ./src/ENCODER_program.o
 .debug_macro   0x00002931       0x16 ./src/ENCODER_program.o
 .debug_macro   0x00002947       0x3f ./src/EXTI_program.o
 .debug_macro   0x00002986       0x7c ./src/EXTI_program.o
 .debug_macro   0x00002a02       0x16 ./src/EXTI_program.o
 .debug_macro   0x00002a18       0x10 ./src/EXTI_program.o
 .debug_macro   0x00002a28       0x40 ./src/NVIC_program.o
 .debug_macro   0x00002a68       0x10 ./src/NVIC_program.o
 .debug_macro   0x00002a78       0x70 ./src/NVIC_program.o
 .debug_macro   0x00002ae8       0x3f ./src/RCC_program.o
 .debug_macro   0x00002b27       0x1c ./src/RCC_program.o
 .debug_macro   0x00002b43       0x8e ./src/RCC_program.o
 .debug_macro   0x00002bd1       0x10 ./src/RCC_program.o
 .debug_macro   0x00002be1       0x40 ./src/STK_program.o
 .debug_macro   0x00002c21       0x28 ./src/STK_program.o
 .debug_macro   0x00002c49       0x10 ./src/STK_program.o
 .debug_macro   0x00002c59       0x40 ./src/TIM2_program.o
 .debug_macro   0x00002c99       0x3a ./src/TIM2_program.o
 .debug_macro   0x00002cd3       0x16 ./src/TIM2_program.o
 .debug_macro   0x00002ce9       0x40 ./src/TIM3_program.o
 .debug_macro   0x00002d29       0x3a ./src/TIM3_program.o
 .debug_macro   0x00002d63       0x16 ./src/TIM3_program.o
 .debug_macro   0x00002d79      0x237 ./src/USART_program.o
 .debug_macro   0x00002fb0       0x16 ./src/USART_program.o
 .debug_macro   0x00002fc6      0x151 ./src/main.o
 .debug_macro   0x00003117      0x1e1 ./src/main.o
