Archive member included to satisfy reference by file (symbol)

e:/graduationproj/stm/imt_arm_course/imt_arm_course/02- tools/03- imt sdk/imt_sdk_win_64/winarm/armgcc/bin/../lib/gcc/arm-none-eabi/7.2.1/../../../../arm-none-eabi/lib/thumb/v7-m\libm.a(lib_a-s_floor.o)
                              ./src/main.o (floor)
e:/graduationproj/stm/imt_arm_course/imt_arm_course/02- tools/03- imt sdk/imt_sdk_win_64/winarm/armgcc/bin/../lib/gcc/arm-none-eabi/7.2.1/thumb/v7-m\libgcc.a(_arm_addsubdf3.o)
                              ./src/Encoder/ENCODER_program.o (__aeabi_dadd)
e:/graduationproj/stm/imt_arm_course/imt_arm_course/02- tools/03- imt sdk/imt_sdk_win_64/winarm/armgcc/bin/../lib/gcc/arm-none-eabi/7.2.1/thumb/v7-m\libgcc.a(_arm_muldivdf3.o)
                              ./src/Encoder/ENCODER_program.o (__aeabi_dmul)
e:/graduationproj/stm/imt_arm_course/imt_arm_course/02- tools/03- imt sdk/imt_sdk_win_64/winarm/armgcc/bin/../lib/gcc/arm-none-eabi/7.2.1/thumb/v7-m\libgcc.a(_arm_cmpdf2.o)
                              e:/graduationproj/stm/imt_arm_course/imt_arm_course/02- tools/03- imt sdk/imt_sdk_win_64/winarm/armgcc/bin/../lib/gcc/arm-none-eabi/7.2.1/../../../../arm-none-eabi/lib/thumb/v7-m\libm.a(lib_a-s_floor.o) (__aeabi_dcmpgt)
e:/graduationproj/stm/imt_arm_course/imt_arm_course/02- tools/03- imt sdk/imt_sdk_win_64/winarm/armgcc/bin/../lib/gcc/arm-none-eabi/7.2.1/thumb/v7-m\libgcc.a(_arm_truncdfsf2.o)
                              ./src/Encoder/ENCODER_program.o (__aeabi_d2f)
e:/graduationproj/stm/imt_arm_course/imt_arm_course/02- tools/03- imt sdk/imt_sdk_win_64/winarm/armgcc/bin/../lib/gcc/arm-none-eabi/7.2.1/thumb/v7-m\libgcc.a(_arm_addsubsf3.o)
                              ./src/main.o (__aeabi_i2f)
e:/graduationproj/stm/imt_arm_course/imt_arm_course/02- tools/03- imt sdk/imt_sdk_win_64/winarm/armgcc/bin/../lib/gcc/arm-none-eabi/7.2.1/thumb/v7-m\libgcc.a(_arm_muldivsf3.o)
                              ./src/main.o (__aeabi_fmul)
e:/graduationproj/stm/imt_arm_course/imt_arm_course/02- tools/03- imt sdk/imt_sdk_win_64/winarm/armgcc/bin/../lib/gcc/arm-none-eabi/7.2.1/thumb/v7-m\libgcc.a(_arm_cmpsf2.o)
                              ./src/main.o (__aeabi_fcmpeq)
e:/graduationproj/stm/imt_arm_course/imt_arm_course/02- tools/03- imt sdk/imt_sdk_win_64/winarm/armgcc/bin/../lib/gcc/arm-none-eabi/7.2.1/../../../../arm-none-eabi/lib/thumb/v7-m\libg_nano.a(lib_a-efgcvt.o)
                              ./src/UART2/USART_program.o (gcvt)
e:/graduationproj/stm/imt_arm_course/imt_arm_course/02- tools/03- imt sdk/imt_sdk_win_64/winarm/armgcc/bin/../lib/gcc/arm-none-eabi/7.2.1/../../../../arm-none-eabi/lib/thumb/v7-m\libg_nano.a(lib_a-errno.o)
                              ./system/src/newlib/_sbrk.o (__errno)
e:/graduationproj/stm/imt_arm_course/imt_arm_course/02- tools/03- imt sdk/imt_sdk_win_64/winarm/armgcc/bin/../lib/gcc/arm-none-eabi/7.2.1/../../../../arm-none-eabi/lib/thumb/v7-m\libg_nano.a(lib_a-impure.o)
                              e:/graduationproj/stm/imt_arm_course/imt_arm_course/02- tools/03- imt sdk/imt_sdk_win_64/winarm/armgcc/bin/../lib/gcc/arm-none-eabi/7.2.1/../../../../arm-none-eabi/lib/thumb/v7-m\libg_nano.a(lib_a-efgcvt.o) (_impure_ptr)
e:/graduationproj/stm/imt_arm_course/imt_arm_course/02- tools/03- imt sdk/imt_sdk_win_64/winarm/armgcc/bin/../lib/gcc/arm-none-eabi/7.2.1/../../../../arm-none-eabi/lib/thumb/v7-m\libg_nano.a(lib_a-strlen.o)
                              ./system/src/diag/Trace.o (strlen)
e:/graduationproj/stm/imt_arm_course/imt_arm_course/02- tools/03- imt sdk/imt_sdk_win_64/winarm/armgcc/bin/../lib/gcc/arm-none-eabi/7.2.1/../../../../arm-none-eabi/lib/thumb/v7-m\libg_nano.a(lib_a-vsnprintf.o)
                              ./system/src/diag/Trace.o (vsnprintf)
e:/graduationproj/stm/imt_arm_course/imt_arm_course/02- tools/03- imt sdk/imt_sdk_win_64/winarm/armgcc/bin/../lib/gcc/arm-none-eabi/7.2.1/../../../../arm-none-eabi/lib/thumb/v7-m\libg_nano.a(lib_a-ecvtbuf.o)
                              e:/graduationproj/stm/imt_arm_course/imt_arm_course/02- tools/03- imt sdk/imt_sdk_win_64/winarm/armgcc/bin/../lib/gcc/arm-none-eabi/7.2.1/../../../../arm-none-eabi/lib/thumb/v7-m\libg_nano.a(lib_a-efgcvt.o) (fcvtbuf)
e:/graduationproj/stm/imt_arm_course/imt_arm_course/02- tools/03- imt sdk/imt_sdk_win_64/winarm/armgcc/bin/../lib/gcc/arm-none-eabi/7.2.1/../../../../arm-none-eabi/lib/thumb/v7-m\libg_nano.a(lib_a-mprec.o)
                              e:/graduationproj/stm/imt_arm_course/imt_arm_course/02- tools/03- imt sdk/imt_sdk_win_64/winarm/armgcc/bin/../lib/gcc/arm-none-eabi/7.2.1/../../../../arm-none-eabi/lib/thumb/v7-m\libg_nano.a(lib_a-ecvtbuf.o) (_mprec_log10)
e:/graduationproj/stm/imt_arm_course/imt_arm_course/02- tools/03- imt sdk/imt_sdk_win_64/winarm/armgcc/bin/../lib/gcc/arm-none-eabi/7.2.1/../../../../arm-none-eabi/lib/thumb/v7-m\libg_nano.a(lib_a-nano-callocr.o)
[...]
Memory Configuration

Name             Origin             Length             Attributes
RAM              0x20000000         0x00005000         xrw
CCMRAM           0x00000000         0x00000000         xrw
FLASH            0x08000000         0x00010000         xr
FLASHB1          0x00000000         0x00000000         xr
EXTMEMB0         0x00000000         0x00000000         xr
EXTMEMB1         0x00000000         0x00000000         xr
EXTMEMB2         0x00000000         0x00000000         xr
EXTMEMB3         0x00000000         0x00000000         xr
MEMORY_ARRAY     0x00000000         0x00000000         xrw
*default*        0x00000000         0xffffffff

Linker script and memory map

LOAD ./system/src/stm32f1-stdperiph/misc.o
LOAD ./system/src/stm32f1-stdperiph/stm32f10x_gpio.o
LOAD ./system/src/stm32f1-stdperiph/stm32f10x_rcc.o
LOAD ./system/src/newlib/_cxx.o
LOAD ./system/src/newlib/_exit.o
LOAD ./system/src/newlib/_sbrk.o
LOAD ./system/src/newlib/_startup.o
LOAD ./system/src/newlib/_syscalls.o
LOAD ./system/src/newlib/assert.o
LOAD ./system/src/diag/Trace.o
LOAD ./system/src/diag/trace_impl.o
LOAD ./system/src/cortexm/_initialize_hardware.o
LOAD ./system/src/cortexm/_reset_hardware.o
LOAD ./system/src/cortexm/exception_handlers.o
LOAD ./system/src/cmsis/system_stm32f10x.o
LOAD ./system/src/cmsis/vectors_stm32f10x.o
LOAD ./src/UART2/USART_program.o
LOAD ./src/TIM3/TIM3_program.o
LOAD ./src/TIM2/TIM2_program.o
LOAD ./src/STK/STK_program.o
LOAD ./src/RCC/RCC_program.o
LOAD ./src/NVIC/NVIC_program.o
LOAD ./src/Encoder/ENCODER_program.o
LOAD ./src/EXTI/EXTI_program.o
LOAD ./src/DIO/DIO_program.o
LOAD ./src/AFIO/AFIO_program.o
LOAD ./src/ADC/ADC_program.o
LOAD ./src/main.o
LOAD e:/graduationproj/stm/imt_arm_course/imt_arm_course/02- tools/03- imt sdk/imt_sdk_win_64/winarm/armgcc/bin/../lib/gcc/arm-none-eabi/7.2.1/../../../../arm-none-eabi/lib/thumb/v7-m\libstdc++_nano.a
LOAD e:/graduationproj/stm/imt_arm_course/imt_arm_course/02- tools/03- imt sdk/imt_sdk_win_64/winarm/armgcc/bin/../lib/gcc/arm-none-eabi/7.2.1/../../../../arm-none-eabi/lib/thumb/v7-m\libm.a
START GROUP
LOAD e:/graduationproj/stm/imt_arm_course/imt_arm_course/02- tools/03- imt sdk/imt_sdk_win_64/winarm/armgcc/bin/../lib/gcc/arm-none-eabi/7.2.1/thumb/v7-m\libgcc.a
LOAD e:/graduationproj/stm/imt_arm_course/imt_arm_course/02- tools/03- imt sdk/imt_sdk_win_64/winarm/armgcc/bin/../lib/gcc/arm-none-eabi/7.2.1/../../../../arm-none-eabi/lib/thumb/v7-m\libg_nano.a
LOAD e:/graduationproj/stm/imt_arm_course/imt_arm_course/02- tools/03- imt sdk/imt_sdk_win_64/winarm/armgcc/bin/../lib/gcc/arm-none-eabi/7.2.1/../../../../arm-none-eabi/lib/thumb/v7-m\libc_nano.a
END GROUP
START GROUP
LOAD e:/graduationproj/stm/imt_arm_course/imt_arm_course/02- tools/03- imt sdk/imt_sdk_win_64/winarm/armgcc/bin/../lib/gcc/arm-none-eabi/7.2.1/thumb/v7-m\libgcc.a
LOAD e:/graduationproj/stm/imt_arm_course/imt_arm_course/02- tools/03- imt sdk/imt_sdk_win_64/winarm/armgcc/bin/../lib/gcc/arm-none-eabi/7.2.1/../../../../arm-none-eabi/lib/thumb/v7-m\libc_nano.a
END GROUP
                0x20005000                __stack = (ORIGIN (RAM) + LENGTH (RAM))
                0x20005000                _estack = __stack
                0x00000400                __Main_Stack_Size = 0x400
                [!provide]                PROVIDE (_Main_Stack_Size, __Main_Stack_Size)
                0x20004c00                __Main_Stack_Limit = (__stack - __Main_Stack_Size)
                [!provide]                PROVIDE (_Main_Stack_Limit, __Main_Stack_Limit)
                0x00000100                _Minimum_Stack_Size = 0x100
                0x200001a8                PROVIDE (_Heap_Begin, _end_noinit)
                0x20004c00                PROVIDE (_Heap_Limit, (__stack - __Main_Stack_Size))

.isr_vector     0x08000000      0x350
 FILL mask 0xff
                0x08000000                __vectors_start = ABSOLUTE (.)
                0x08000000                __vectors_start__ = ABSOLUTE (.)
 *(.isr_vector)
 .isr_vector    0x08000000      0x10c ./system/src/cmsis/vectors_stm32f10x.o
                0x08000000                __isr_vectors
 *(.cfmconfig)
 *(.after_vectors .after_vectors.*)
 .after_vectors
                0x0800010c      0x114 ./system/src/newlib/_startup.o
                0x0800010c                _start
 .after_vectors
                0x08000220      0x12c ./system/src/cortexm/exception_handlers.o
                0x08000220                Reset_Handler
                0x08000226                NMI_Handler
                0x0800022a                HardFault_Handler
                0x0800023e                HardFault_Handler_C
                0x0800029c                MemManage_Handler
                0x080002a0                BusFault_Handler
                0x080002b4                BusFault_Handler_C
                0x080002e8                UsageFault_Handler
                0x080002fc                UsageFault_Handler_C
                0x08000330                SVC_Handler
                0x08000334                DebugMon_Handler
                0x08000338                PendSV_Handler
 .after_vectors
                0x0800034c        0x4 ./system/src/cmsis/vectors_stm32f10x.o
                0x0800034c                TIM8_TRG_COM_IRQHandler
                0x0800034c                TIM8_CC_IRQHandler
                0x0800034c                TIM1_CC_IRQHandler
                0x0800034c                TIM6_IRQHandler
                0x0800034c                PVD_IRQHandler
                0x0800034c                SDIO_IRQHandler
                0x0800034c                CAN2_RX1_IRQHandler
                0x0800034c                TIM8_TRG_COM_TIM14_IRQHandler
                0x0800034c                TIM1_UP_TIM10_IRQHandler
                0x0800034c                TIM8_UP_TIM13_IRQHandler
                0x0800034c                I2C2_EV_IRQHandler
                0x0800034c                CAN1_RX0_IRQHandler
                0x0800034c                TIM1_UP_TIM16_IRQHandler
                0x0800034c                CAN2_SCE_IRQHandler
                0x0800034c                ADC1_2_IRQHandler
                0x0800034c                SPI1_IRQHandler
                0x0800034c                TAMPER_IRQHandler
                0x0800034c                TIM6_DAC_IRQHandler
                0x0800034c                TIM1_BRK_TIM9_IRQHandler
                0x0800034c                CAN2_RX0_IRQHandler
                0x0800034c                TIM8_UP_IRQHandler
                0x0800034c                DMA2_Channel2_IRQHandler
                0x0800034c                DMA1_Channel4_IRQHandler
                0x0800034c                USART3_IRQHandler
                0x0800034c                RTC_IRQHandler
                0x0800034c                DMA1_Channel7_IRQHandler
                0x0800034c                CAN1_RX1_IRQHandler
                0x0800034c                UART5_IRQHandler
                0x0800034c                ADC3_IRQHandler
                0x0800034c                TIM4_IRQHandler
                0x0800034c                DMA2_Channel1_IRQHandler
                0x0800034c                I2C1_EV_IRQHandler
                0x0800034c                DMA1_Channel6_IRQHandler
                0x0800034c                UART4_IRQHandler
                0x0800034c                DMA2_Channel4_IRQHandler
                0x0800034c                TIM3_IRQHandler
                0x0800034c                RCC_IRQHandler
                0x0800034c                TIM8_BRK_TIM12_IRQHandler
                0x0800034c                TIM1_TRG_COM_IRQHandler
                0x0800034c                DMA1_Channel1_IRQHandler
                0x0800034c                Default_Handler
                0x0800034c                CEC_IRQHandler
                0x0800034c                TIM14_IRQHandler
                0x0800034c                TIM13_IRQHandler
                0x0800034c                TIM12_IRQHandler
                0x0800034c                TIM7_IRQHandler
                0x0800034c                CAN2_TX_IRQHandler
                0x0800034c                TIM5_IRQHandler
                0x0800034c                ETH_WKUP_IRQHandler
                0x0800034c                SPI2_IRQHandler
                0x0800034c                CAN1_TX_IRQHandler
                0x0800034c                DMA2_Channel5_IRQHandler
                0x0800034c                DMA1_Channel5_IRQHandler
                0x0800034c                USB_LP_CAN1_RX0_IRQHandler
                0x0800034c                TIM1_TRG_COM_TIM17_IRQHandler
                0x0800034c                USB_HP_CAN1_TX_IRQHandler
                0x0800034c                DMA1_Channel3_IRQHandler
                0x0800034c                FSMC_IRQHandler
                0x0800034c                ETH_IRQHandler
                0x0800034c                TIM1_UP_IRQHandler
                0x0800034c                WWDG_IRQHandler
                0x0800034c                TIM2_IRQHandler
                0x0800034c                OTG_FS_WKUP_IRQHandler
                0x0800034c                TIM1_TRG_COM_TIM11_IRQHandler
                0x0800034c                TIM1_BRK_IRQHandler
                0x0800034c                RTCAlarm_IRQHandler
                0x0800034c                DMA2_Channel4_5_IRQHandler
                0x0800034c                USART2_IRQHandler
                0x0800034c                I2C2_ER_IRQHandler
                0x0800034c                DMA1_Channel2_IRQHandler
                0x0800034c                TIM8_BRK_IRQHandler
                0x0800034c                CAN1_SCE_IRQHandler
                0x0800034c                FLASH_IRQHandler
                0x0800034c                USART1_IRQHandler
                0x0800034c                OTG_FS_IRQHandler
                0x0800034c                SPI3_IRQHandler
                0x0800034c                I2C1_ER_IRQHandler
                0x0800034c                USBWakeUp_IRQHandler
                0x0800034c                DMA2_Channel3_IRQHandler
                0x0800034c                TIM1_BRK_TIM15_IRQHandler

.inits          0x08000350       0x28
                0x08000350                __data_regions_array_start = .
                0x08000350        0x4 LONG 0x8004380 LOADADDR (.data)
                0x08000354        0x4 LONG 0x20000000 ADDR (.data)
                0x08000358        0x4 LONG 0x20000090 (ADDR (.data) + SIZEOF (.data))
                0x0800035c        0x4 LONG 0x8004380 LOADADDR (.data_CCMRAM)
                0x08000360        0x4 LONG 0x0 ADDR (.data_CCMRAM)
                0x08000364        0x4 LONG 0x0 (ADDR (.data_CCMRAM) + SIZEOF (.data_CCMRAM))
                0x08000368                __data_regions_array_end = .
                0x08000368                __bss_regions_array_start = .
                0x08000368        0x4 LONG 0x20000090 ADDR (.bss)
                0x0800036c        0x4 LONG 0x200001a8 (ADDR (.bss) + SIZEOF (.bss))
                0x08000370        0x4 LONG 0x0 ADDR (.bss_CCMRAM)
                0x08000374        0x4 LONG 0x0 (ADDR (.bss_CCMRAM) + SIZEOF (.bss_CCMRAM))
                0x08000378                __bss_regions_array_end = .
 *(.init)
 *(.fini)
                0x08000378                . = ALIGN (0x4)
                0x08000378                PROVIDE (__preinit_array_start, .)
 *(.preinit_array_sysinit .preinit_array_sysinit.*)
 *(.preinit_array_platform .preinit_array_platform.*)
 *(.preinit_array .preinit_array.*)
                0x08000378                PROVIDE (__preinit_array_end, .)
                0x08000378                . = ALIGN (0x4)
                0x08000378                PROVIDE (__init_array_start, .)
 *(SORT_BY_NAME(.init_array.*))
 *(.init_array)
                0x08000378                PROVIDE (__init_array_end, .)
                0x08000378                . = ALIGN (0x4)
                0x08000378                PROVIDE (__fini_array_start, .)
 *(SORT_BY_NAME(.fini_array.*))
 *(.fini_array)
                0x08000378                PROVIDE (__fini_array_end, .)

.flashtext
 *(.flashtext .flashtext.*)

.text           0x08000378     0x4006
 *(.text .text.*)
 .text._exit    0x08000378        0x2 ./system/src/newlib/_exit.o
                0x08000378                _exit
 *fill*         0x0800037a        0x2 
 .text._sbrk    0x0800037c       0x44 ./system/src/newlib/_sbrk.o
                0x0800037c                _sbrk
 .text.__initialize_args
                0x080003c0       0x10 ./system/src/newlib/_syscalls.o
                0x080003c0                __initialize_args
 .text.trace_printf
                0x080003d0       0x30 ./system/src/diag/Trace.o
                0x080003d0                trace_printf
 .text._trace_write_semihosting_debug
                0x08000400       0x60 ./system/src/diag/trace_impl.o
 .text.trace_write
                0x08000460        0x8 ./system/src/diag/trace_impl.o
                0x08000460                trace_write
 .text.__initialize_hardware_early
                0x08000468       0x18 ./system/src/cortexm/_initialize_hardware.o
                0x08000468                __initialize_hardware_early
 .text.__initialize_hardware
                0x08000480        0x8 ./system/src/cortexm/_initialize_hardware.o
                0x08000480                __initialize_hardware
 .text.dumpExceptionStack
                0x08000488       0xf4 ./system/src/cortexm/exception_handlers.o
                0x08000488                dumpExceptionStack
 .text.isSemihosting
                0x0800057c       0x20 ./system/src/cortexm/exception_handlers.o
                0x0800057c                isSemihosting
 .text.SetSysClockTo72
                0x0800059c       0xc4 ./system/src/cmsis/system_stm32f10x.o
 .text.SetSysClock
                0x08000660        0x8 ./system/src/cmsis/system_stm32f10x.o
 .text.SystemInit
                0x08000668       0x50 ./system/src/cmsis/system_stm32f10x.o
                0x08000668                SystemInit
 .text.SystemCoreClockUpdate
                0x080006b8       0x94 ./system/src/cmsis/system_stm32f10x.o
                0x080006b8                SystemCoreClockUpdate
 .text.MUSART2_voidInit
                0x0800074c       0x58 ./src/UART2/USART_program.o
                0x0800074c                MUSART2_voidInit
 .text.MUSART2_voidSendData
                0x080007a4       0x20 ./src/UART2/USART_program.o
                0x080007a4                MUSART2_voidSendData
 .text.MUSART2_voidSendString
                0x080007c4       0x14 ./src/UART2/USART_program.o
                0x080007c4                MUSART2_voidSendString
 .text.MUSART2_voidSendNumbers
                0x080007d8       0x1c ./src/UART2/USART_program.o
                0x080007d8                MUSART2_voidSendNumbers
 .text.MTIM3_voidInit
                0x080007f4       0x64 ./src/TIM3/TIM3_program.o
                0x080007f4                MTIM3_voidInit
 .text.MTIM3_voidOutputPWM
                0x08000858        0xc ./src/TIM3/TIM3_program.o
                0x08000858                MTIM3_voidOutputPWM
 .text.MTIM2_voidInitC2
                0x08000864       0x66 ./src/TIM2/TIM2_program.o
                0x08000864                MTIM2_voidInitC2
 *fill*         0x080008ca        0x2 
 .text.MTIM2_voidOutputPWM_C2
                0x080008cc        0xc ./src/TIM2/TIM2_program.o
                0x080008cc                MTIM2_voidOutputPWM_C2
 .text.MSTK_voidInit
                0x080008d8        0xc ./src/STK/STK_program.o
                0x080008d8                MSTK_voidInit
 .text.MSTK_voidSetBusyWait
                0x080008e4       0x2c ./src/STK/STK_program.o
                0x080008e4                MSTK_voidSetBusyWait
 .text.MSTK_voidSetIntervalPeriodic
                0x08000910       0x1c ./src/STK/STK_program.o
                0x08000910                MSTK_voidSetIntervalPeriodic
 .text.MSTK_u32GetElapsedTime
                0x0800092c       0x10 ./src/STK/STK_program.o
                0x0800092c                MSTK_u32GetElapsedTime
 .text.SysTick_Handler
                0x0800093c        0xc ./src/STK/STK_program.o
                0x0800093c                SysTick_Handler
 .text.RCC_voidInitSysClock
                0x08000948       0x14 ./src/RCC/RCC_program.o
                0x08000948                RCC_voidInitSysClock
 .text.RCC_voidEnableClock
                0x0800095c       0x4c ./src/RCC/RCC_program.o
                0x0800095c                RCC_voidEnableClock
 .text.MNVIC_voidEnableInterrupt
                0x080009a8       0x2c ./src/NVIC/NVIC_program.o
                0x080009a8                MNVIC_voidEnableInterrupt
 .text.HENCODER_u8GetMotorDirection
                0x080009d4       0x18 ./src/Encoder/ENCODER_program.o
                0x080009d4                HENCODER_u8GetMotorDirection
 .text.HENCODER_voidEncoderCounts
                0x080009ec       0x74 ./src/Encoder/ENCODER_program.o
                0x080009ec                HENCODER_voidEncoderCounts
 .text.HENCODER_s32GetZeroCounts
                0x08000a60       0x24 ./src/Encoder/ENCODER_program.o
                0x08000a60                HENCODER_s32GetZeroCounts
 .text.HENCODER_s32GetRevPerMin
                0x08000a84       0x20 ./src/Encoder/ENCODER_program.o
                0x08000a84                HENCODER_s32GetRevPerMin
 *fill*         0x08000aa4        0x4 
 .text.HENCODER_f32GetDistance
                0x08000aa8       0x58 ./src/Encoder/ENCODER_program.o
                0x08000aa8                HENCODER_f32GetDistance
 .text.HENCODER_f32GetZeroDistance
                0x08000b00        0xc ./src/Encoder/ENCODER_program.o
                0x08000b00                HENCODER_f32GetZeroDistance
 .text.MEXTI_voidInit
                0x08000b0c       0x18 ./src/EXTI/EXTI_program.o
                0x08000b0c                MEXTI_voidInit
 .text.MEXTI_voidSetSignalLatch
                0x08000b24       0x50 ./src/EXTI/EXTI_program.o
                0x08000b24                MEXTI_voidSetSignalLatch
 .text.EXTI_voidSetCallBack
                0x08000b74        0xc ./src/EXTI/EXTI_program.o
                0x08000b74                EXTI_voidSetCallBack
 .text.EXTI0_IRQHandler
                0x08000b80       0x1c ./src/EXTI/EXTI_program.o
                0x08000b80                EXTI0_IRQHandler
 .text.EXTI1_IRQHandler
                0x08000b9c       0x1c ./src/EXTI/EXTI_program.o
                0x08000b9c                EXTI1_IRQHandler
 .text.EXTI2_IRQHandler
                0x08000bb8       0x1c ./src/EXTI/EXTI_program.o
                0x08000bb8                EXTI2_IRQHandler
 .text.EXTI3_IRQHandler
                0x08000bd4       0x1c ./src/EXTI/EXTI_program.o
                0x08000bd4                EXTI3_IRQHandler
 .text.EXTI4_IRQHandler
                0x08000bf0       0x1c ./src/EXTI/EXTI_program.o
                0x08000bf0                EXTI4_IRQHandler
 .text.EXTI9_5_IRQHandler
                0x08000c0c       0x88 ./src/EXTI/EXTI_program.o
                0x08000c0c                EXTI9_5_IRQHandler
 .text.EXTI15_10_IRQHandler
                0x08000c94       0xa8 ./src/EXTI/EXTI_program.o
                0x08000c94                EXTI15_10_IRQHandler
 .text.MGPIO_VoidSetPinDirection
                0x08000d3c       0xfc ./src/DIO/DIO_program.o
                0x08000d3c                MGPIO_VoidSetPinDirection
 .text.MGPIO_VoidSetPinValue
                0x08000e38       0x80 ./src/DIO/DIO_program.o
                0x08000e38                MGPIO_VoidSetPinValue
 .text.MGPIO_u8GetPinValue
                0x08000eb8       0x40 ./src/DIO/DIO_program.o
                0x08000eb8                MGPIO_u8GetPinValue
 .text.MAFIO_voidSetEXTIConfiguration
                0x08000ef8       0x60 ./src/AFIO/AFIO_program.o
                0x08000ef8                MAFIO_voidSetEXTIConfiguration
 .text.MADC1_voidInit
                0x08000f58       0x1c ./src/ADC/ADC_program.o
                0x08000f58                MADC1_voidInit
 .text.MADC1_voidStartConversion
                0x08000f74       0x58 ./src/ADC/ADC_program.o
                0x08000f74                MADC1_voidStartConversion
 .text.MADC1_u16ReadValue
                0x08000fcc        0xc ./src/ADC/ADC_program.o
                0x08000fcc                MADC1_u16ReadValue
 .text.LeftEncoderGetReading
                0x08000fd8       0x14 ./src/main.o
                0x08000fd8                LeftEncoderGetReading
 .text.RightEncoderGetReading
                0x08000fec       0x14 ./src/main.o
                0x08000fec                RightEncoderGetReading
 .text.EncoderCounts
                0x08001000       0x88 ./src/main.o
                0x08001000                EncoderCounts
 .text.VoltageReading
                0x08001088       0xa0 ./src/main.o
                0x08001088                VoltageReading
 .text.main     0x08001128      0x18c ./src/main.o
                0x08001128                main
 *fill*         0x080012b4        0x4 
 .text.floor    0x080012b8      0x108 e:/graduationproj/stm/imt_arm_course/imt_arm_course/02- tools/03- imt sdk/imt_sdk_win_64/winarm/armgcc/bin/../lib/gcc/arm-none-eabi/7.2.1/../../../../arm-none-eabi/lib/thumb/v7-m\libm.a(lib_a-s_floor.o)
                0x080012b8                floor
 .text          0x080013c0      0x378 e:/graduationproj/stm/imt_arm_course/imt_arm_course/02- tools/03- imt sdk/imt_sdk_win_64/winarm/armgcc/bin/../lib/gcc/arm-none-eabi/7.2.1/thumb/v7-m\libgcc.a(_arm_addsubdf3.o)
                0x080013c0                __aeabi_drsub
                0x080013c8                __aeabi_dsub
                0x080013c8                __subdf3
                0x080013cc                __aeabi_dadd
                0x080013cc                __adddf3
                0x08001644                __floatunsidf
                0x08001644                __aeabi_ui2d
                0x08001664                __floatsidf
                0x08001664                __aeabi_i2d
                0x08001688                __aeabi_f2d
                0x08001688                __extendsfdf2
                0x080016cc                __floatundidf
                0x080016cc                __aeabi_ul2d
                0x080016dc                __floatdidf
                0x080016dc                __aeabi_l2d
 .text          0x08001738      0x424 e:/graduationproj/stm/imt_arm_course/imt_arm_course/02- tools/03- imt sdk/imt_sdk_win_64/winarm/armgcc/bin/../lib/gcc/arm-none-eabi/7.2.1/thumb/v7-m\libgcc.a(_arm_muldivdf3.o)
                0x08001738                __aeabi_dmul
                0x08001738                __muldf3
                0x0800198c                __divdf3
                0x0800198c                __aeabi_ddiv
 .text          0x08001b5c      0x110 e:/graduationproj/stm/imt_arm_course/imt_arm_course/02- tools/03- imt sdk/imt_sdk_win_64/winarm/armgcc/bin/../lib/gcc/arm-none-eabi/7.2.1/thumb/v7-m\libgcc.a(_arm_cmpdf2.o)
                0x08001b5c                __gtdf2
                0x08001b5c                __gedf2
                0x08001b64                __ltdf2
                0x08001b64                __ledf2
                0x08001b6c                __nedf2
                0x08001b6c                __eqdf2
                0x08001b6c                __cmpdf2
                0x08001be8                __aeabi_cdrcmple
                0x08001bf8                __aeabi_cdcmpeq
                0x08001bf8                __aeabi_cdcmple
                0x08001c08                __aeabi_dcmpeq
                0x08001c1c                __aeabi_dcmplt
                0x08001c30                __aeabi_dcmple
                0x08001c44                __aeabi_dcmpge
                0x08001c58                __aeabi_dcmpgt
 .text          0x08001c6c       0xa0 e:/graduationproj/stm/imt_arm_course/imt_arm_course/02- tools/03- imt sdk/imt_sdk_win_64/winarm/armgcc/bin/../lib/gcc/arm-none-eabi/7.2.1/thumb/v7-m\libgcc.a(_arm_truncdfsf2.o)
                0x08001c6c                __truncdfsf2
                0x08001c6c                __aeabi_d2f
 .text          0x08001d0c      0x21c e:/graduationproj/stm/imt_arm_course/imt_arm_course/02- tools/03- imt sdk/imt_sdk_win_64/winarm/armgcc/bin/../lib/gcc/arm-none-eabi/7.2.1/thumb/v7-m\libgcc.a(_arm_addsubsf3.o)
                0x08001d0c                __aeabi_frsub
                0x08001d14                __subsf3
                0x08001d14                __aeabi_fsub
                0x08001d18                __aeabi_fadd
                0x08001d18                __addsf3
                0x08001e78                __aeabi_ui2f
                0x08001e78                __floatunsisf
                0x08001e80                __aeabi_i2f
                0x08001e80                __floatsisf
                0x08001e9c                __aeabi_ul2f
                0x08001e9c                __floatundisf
                0x08001eac                __aeabi_l2f
                0x08001eac                __floatdisf
 .text          0x08001f28      0x2a0 e:/graduationproj/stm/imt_arm_course/imt_arm_course/02- tools/03- imt sdk/imt_sdk_win_64/winarm/armgcc/bin/../lib/gcc/arm-none-eabi/7.2.1/thumb/v7-m\libgcc.a(_arm_muldivsf3.o)
                0x08001f28                __mulsf3
                0x08001f28                __aeabi_fmul
                0x08002090                __aeabi_fdiv
                0x08002090                __divsf3
 .text          0x080021c8       0xec e:/graduationproj/stm/imt_arm_course/imt_arm_course/02- tools/03- imt sdk/imt_sdk_win_64/winarm/armgcc/bin/../lib/gcc/arm-none-eabi/7.2.1/thumb/v7-m\libgcc.a(_arm_cmpsf2.o)
                0x080021c8                __gesf2
                0x080021c8                __gtsf2
                0x080021d0                __lesf2
                0x080021d0                __ltsf2
                0x080021d8                __nesf2
                0x080021d8                __eqsf2
                0x080021d8                __cmpsf2
                0x08002238                __aeabi_cfrcmple
                0x08002240                __aeabi_cfcmpeq
                0x08002240                __aeabi_cfcmple
                0x08002250                __aeabi_fcmpeq
                0x08002264                __aeabi_fcmplt
                0x08002278                __aeabi_fcmple
                0x0800228c                __aeabi_fcmpge
                0x080022a0                __aeabi_fcmpgt
 .text.gcvt     0x080022b4       0x48 e:/graduationproj/stm/imt_arm_course/imt_arm_course/02- tools/03- imt sdk/imt_sdk_win_64/winarm/armgcc/bin/../lib/gcc/arm-none-eabi/7.2.1/../../../../arm-none-eabi/lib/thumb/v7-m\libg_nano.a(lib_a-efgcvt.o)
                0x080022b4                gcvt
 .text.__errno  0x080022fc        0xc e:/graduationproj/stm/imt_arm_course/imt_arm_course/02- tools/03- imt sdk/imt_sdk_win_64/winarm/armgcc/bin/../lib/gcc/arm-none-eabi/7.2.1/../../../../arm-none-eabi/lib/thumb/v7-m\libg_nano.a(lib_a-errno.o)
                0x080022fc                __errno
 .text._vsnprintf_r
                0x08002308       0x58 e:/graduationproj/stm/imt_arm_course/imt_arm_course/02- tools/03- imt sdk/imt_sdk_win_64/winarm/armgcc/bin/../lib/gcc/arm-none-eabi/7.2.1/../../../../arm-none-eabi/lib/thumb/v7-m\libg_nano.a(lib_a-vsnprintf.o)
                0x08002308                _vsniprintf_r
                0x08002308                _vsnprintf_r
 .text.vsnprintf
                0x08002360       0x1c e:/graduationproj/stm/imt_arm_course/imt_arm_course/02- tools/03- imt sdk/imt_sdk_win_64/winarm/armgcc/bin/../lib/gcc/arm-none-eabi/7.2.1/../../../../arm-none-eabi/lib/thumb/v7-m\libg_nano.a(lib_a-vsnprintf.o)
                0x08002360                vsniprintf
                0x08002360                vsnprintf
 .text.print_e  0x0800237c       0xe8 e:/graduationproj/stm/imt_arm_course/imt_arm_course/02- tools/03- imt sdk/imt_sdk_win_64/winarm/armgcc/bin/../lib/gcc/arm-none-eabi/7.2.1/../../../../arm-none-eabi/lib/thumb/v7-m\libg_nano.a(lib_a-ecvtbuf.o)
 *fill*         0x08002464        0x4 
 .text._gcvt    0x08002468      0x19c e:/graduationproj/stm/imt_arm_course/imt_arm_course/02- tools/03- imt sdk/imt_sdk_win_64/winarm/armgcc/bin/../lib/gcc/arm-none-eabi/7.2.1/../../../../arm-none-eabi/lib/thumb/v7-m\libg_nano.a(lib_a-ecvtbuf.o)
                0x08002468                _gcvt
 .text._Balloc  0x08002604       0x68 e:/graduationproj/stm/imt_arm_course/imt_arm_course/02- tools/03- imt sdk/imt_sdk_win_64/winarm/armgcc/bin/../lib/gcc/arm-none-eabi/7.2.1/../../../../arm-none-eabi/lib/thumb/v7-m\libg_nano.a(lib_a-mprec.o)
                0x08002604                _Balloc
 .text._Bfree   0x0800266c       0x2e e:/graduationproj/stm/imt_arm_course/imt_arm_course/02- tools/03- imt sdk/imt_sdk_win_64/winarm/armgcc/bin/../lib/gcc/arm-none-eabi/7.2.1/../../../../arm-none-eabi/lib/thumb/v7-m\libg_nano.a(lib_a-mprec.o)
                0x0800266c                _Bfree
 .text.__multadd
                0x0800269a       0x76 e:/graduationproj/stm/imt_arm_course/imt_arm_course/02- tools/03- imt sdk/imt_sdk_win_64/winarm/armgcc/bin/../lib/gcc/arm-none-eabi/7.2.1/../../../../arm-none-eabi/lib/thumb/v7-m\libg_nano.a(lib_a-mprec.o)
                0x0800269a                __multadd
 .text.__hi0bits
                0x08002710       0x3e e:/graduationproj/stm/imt_arm_course/imt_arm_course/02- tools/03- imt sdk/imt_sdk_win_64/winarm/armgcc/bin/../lib/gcc/arm-none-eabi/7.2.1/../../../../arm-none-eabi/lib/thumb/v7-m\libg_nano.a(lib_a-mprec.o)
                0x08002710                __hi0bits
 .text.__lo0bits
                0x0800274e       0x5e e:/graduationproj/stm/imt_arm_course/imt_arm_course/02- tools/03- imt sdk/imt_sdk_win_64/winarm/armgcc/bin/../lib/gcc/arm-none-eabi/7.2.1/../../../../arm-none-eabi/lib/thumb/v7-m\libg_nano.a(lib_a-mprec.o)
                0x0800274e                __lo0bits
 .text.__i2b    0x080027ac       0x12 e:/graduationproj/stm/imt_arm_course/imt_arm_course/02- tools/03- imt sdk/imt_sdk_win_64/winarm/armgcc/bin/../lib/gcc/arm-none-eabi/7.2.1/../../../../arm-none-eabi/lib/thumb/v7-m\libg_nano.a(lib_a-mprec.o)
                0x080027ac                __i2b
 .text.__multiply
                0x080027be      0x12a e:/graduationproj/stm/imt_arm_course/imt_arm_course/02- tools/03- imt sdk/imt_sdk_win_64/winarm/armgcc/bin/../lib/gcc/arm-none-eabi/7.2.1/../../../../arm-none-eabi/lib/thumb/v7-m\libg_nano.a(lib_a-mprec.o)
                0x080027be                __multiply
 .text.__pow5mult
                0x080028e8       0x9c e:/graduationproj/stm/imt_arm_course/imt_arm_course/02- tools/03- imt sdk/imt_sdk_win_64/winarm/armgcc/bin/../lib/gcc/arm-none-eabi/7.2.1/../../../../arm-none-eabi/lib/thumb/v7-m\libg_nano.a(lib_a-mprec.o)
                0x080028e8                __pow5mult
 .text.__lshift
                0x08002984       0xa8 e:/graduationproj/stm/imt_arm_course/imt_arm_course/02- tools/03- imt sdk/imt_sdk_win_64/winarm/armgcc/bin/../lib/gcc/arm-none-eabi/7.2.1/../../../../arm-none-eabi/lib/thumb/v7-m\libg_nano.a(lib_a-mprec.o)
                0x08002984                __lshift
 .text.__mcmp   0x08002a2c       0x34 e:/graduationproj/stm/imt_arm_course/imt_arm_course/02- tools/03- imt sdk/imt_sdk_win_64/winarm/armgcc/bin/../lib/gcc/arm-none-eabi/7.2.1/../../../../arm-none-eabi/lib/thumb/v7-m\libg_nano.a(lib_a-mprec.o)
                0x08002a2c                __mcmp
 .text.__mdiff  0x08002a60       0xbc e:/graduationproj/stm/imt_arm_course/imt_arm_course/02- tools/03- imt sdk/imt_sdk_win_64/winarm/armgcc/bin/../lib/gcc/arm-none-eabi/7.2.1/../../../../arm-none-eabi/lib/thumb/v7-m\libg_nano.a(lib_a-mprec.o)
                0x08002a60                __mdiff
 .text.__d2b    0x08002b1c       0x9e e:/graduationproj/stm/imt_arm_course/imt_arm_course/02- tools/03- imt sdk/imt_sdk_win_64/winarm/armgcc/bin/../lib/gcc/arm-none-eabi/7.2.1/../../../../arm-none-eabi/lib/thumb/v7-m\libg_nano.a(lib_a-mprec.o)
                0x08002b1c                __d2b
 *fill*         0x08002bba        0x2 
 .text._mprec_log10
                0x08002bbc       0x38 e:/graduationproj/stm/imt_arm_course/imt_arm_course/02- tools/03- imt sdk/imt_sdk_win_64/winarm/armgcc/bin/../lib/gcc/arm-none-eabi/7.2.1/../../../../arm-none-eabi/lib/thumb/v7-m\libg_nano.a(lib_a-mprec.o)
                0x08002bbc                _mprec_log10
 .text._calloc_r
                0x08002bf4       0x1c e:/graduationproj/stm/imt_arm_course/imt_arm_course/02- tools/03- imt sdk/imt_sdk_win_64/winarm/armgcc/bin/../lib/gcc/arm-none-eabi/7.2.1/../../../../arm-none-eabi/lib/thumb/v7-m\libg_nano.a(lib_a-nano-callocr.o)
                0x08002bf4                _calloc_r
 .text._malloc_r
                0x08002c10       0xb4 e:/graduationproj/stm/imt_arm_course/imt_arm_course/02- tools/03- imt sdk/imt_sdk_win_64/winarm/armgcc/bin/../lib/gcc/arm-none-eabi/7.2.1/../../../../arm-none-eabi/lib/thumb/v7-m\libg_nano.a(lib_a-nano-mallocr.o)
                0x08002c10                _malloc_r
 .text._realloc_r
                0x08002cc4       0x4c e:/graduationproj/stm/imt_arm_course/imt_arm_course/02- tools/03- imt sdk/imt_sdk_win_64/winarm/armgcc/bin/../lib/gcc/arm-none-eabi/7.2.1/../../../../arm-none-eabi/lib/thumb/v7-m\libg_nano.a(lib_a-nano-reallocr.o)
                0x08002cc4                _realloc_r
 .text.__ssputs_r
                0x08002d10       0xb4 e:/graduationproj/stm/imt_arm_course/imt_arm_course/02- tools/03- imt sdk/imt_sdk_win_64/winarm/armgcc/bin/../lib/gcc/arm-none-eabi/7.2.1/../../../../arm-none-eabi/lib/thumb/v7-m\libg_nano.a(lib_a-nano-svfprintf.o)
                0x08002d10                __ssputs_r
 .text._svfprintf_r
                0x08002dc4      0x1ec e:/graduationproj/stm/imt_arm_course/imt_arm_course/02- tools/03- imt sdk/imt_sdk_win_64/winarm/armgcc/bin/../lib/gcc/arm-none-eabi/7.2.1/../../../../arm-none-eabi/lib/thumb/v7-m\libg_nano.a(lib_a-nano-svfprintf.o)
                0x08002dc4                _svfiprintf_r
                0x08002dc4                _svfprintf_r
 .text._printf_common
                0x08002fb0       0xec e:/graduationproj/stm/imt_arm_course/imt_arm_course/02- tools/03- imt sdk/imt_sdk_win_64/winarm/armgcc/bin/../lib/gcc/arm-none-eabi/7.2.1/../../../../arm-none-eabi/lib/thumb/v7-m\libg_nano.a(lib_a-nano-vfprintf_i.o)
                0x08002fb0                _printf_common
 .text._printf_i
                0x0800309c      0x224 e:/graduationproj/stm/imt_arm_course/imt_arm_course/02- tools/03- imt sdk/imt_sdk_win_64/winarm/armgcc/bin/../lib/gcc/arm-none-eabi/7.2.1/../../../../arm-none-eabi/lib/thumb/v7-m\libg_nano.a(lib_a-nano-vfprintf_i.o)
                0x0800309c                _printf_i
 .text._sbrk_r  0x080032c0       0x20 e:/graduationproj/stm/imt_arm_course/imt_arm_course/02- tools/03- imt sdk/imt_sdk_win_64/winarm/armgcc/bin/../lib/gcc/arm-none-eabi/7.2.1/../../../../arm-none-eabi/lib/thumb/v7-m\libg_nano.a(lib_a-sbrkr.o)
                0x080032c0                _sbrk_r
 .text.strcpy   0x080032e0       0x10 e:/graduationproj/stm/imt_arm_course/imt_arm_course/02- tools/03- imt sdk/imt_sdk_win_64/winarm/armgcc/bin/../lib/gcc/arm-none-eabi/7.2.1/../../../../arm-none-eabi/lib/thumb/v7-m\libg_nano.a(lib_a-strcpy.o)
                0x080032e0                strcpy
 .text.quorem   0x080032f0      0x11c e:/graduationproj/stm/imt_arm_course/imt_arm_course/02- tools/03- imt sdk/imt_sdk_win_64/winarm/armgcc/bin/../lib/gcc/arm-none-eabi/7.2.1/../../../../arm-none-eabi/lib/thumb/v7-m\libg_nano.a(lib_a-dtoa.o)
 *fill*         0x0800340c        0x4 
 .text._dtoa_r  0x08003410      0xb68 e:/graduationproj/stm/imt_arm_course/imt_arm_course/02- tools/03- imt sdk/imt_sdk_win_64/winarm/armgcc/bin/../lib/gcc/arm-none-eabi/7.2.1/../../../../arm-none-eabi/lib/thumb/v7-m\libg_nano.a(lib_a-dtoa.o)
                0x08003410                _dtoa_r
 .text.malloc   0x08003f78       0x10 e:/graduationproj/stm/imt_arm_course/imt_arm_course/02- tools/03- imt sdk/imt_sdk_win_64/winarm/armgcc/bin/../lib/gcc/arm-none-eabi/7.2.1/../../../../arm-none-eabi/lib/thumb/v7-m\libg_nano.a(lib_a-malloc.o)
                0x08003f78                malloc
 .text.memchr   0x08003f88       0x1c e:/graduationproj/stm/imt_arm_course/imt_arm_course/02- tools/03- imt sdk/imt_sdk_win_64/winarm/armgcc/bin/../lib/gcc/arm-none-eabi/7.2.1/../../../../arm-none-eabi/lib/thumb/v7-m\libg_nano.a(lib_a-memchr-stub.o)
                0x08003f88                memchr
 .text.memcpy   0x08003fa4       0x16 e:/graduationproj/stm/imt_arm_course/imt_arm_course/02- tools/03- imt sdk/imt_sdk_win_64/winarm/armgcc/bin/../lib/gcc/arm-none-eabi/7.2.1/../../../../arm-none-eabi/lib/thumb/v7-m\libg_nano.a(lib_a-memcpy-stub.o)
                0x08003fa4                memcpy
 .text.memmove  0x08003fba       0x32 e:/graduationproj/stm/imt_arm_course/imt_arm_course/02- tools/03- imt sdk/imt_sdk_win_64/winarm/armgcc/bin/../lib/gcc/arm-none-eabi/7.2.1/../../../../arm-none-eabi/lib/thumb/v7-m\libg_nano.a(lib_a-memmove.o)
                0x08003fba                memmove
 .text.memset   0x08003fec       0x10 e:/graduationproj/stm/imt_arm_course/imt_arm_course/02- tools/03- imt sdk/imt_sdk_win_64/winarm/armgcc/bin/../lib/gcc/arm-none-eabi/7.2.1/../../../../arm-none-eabi/lib/thumb/v7-m\libg_nano.a(lib_a-memset.o)
                0x08003fec                memset
 .text.__malloc_lock
                0x08003ffc        0x2 e:/graduationproj/stm/imt_arm_course/imt_arm_course/02- tools/03- imt sdk/imt_sdk_win_64/winarm/armgcc/bin/../lib/gcc/arm-none-eabi/7.2.1/../../../../arm-none-eabi/lib/thumb/v7-m\libg_nano.a(lib_a-mlock.o)
                0x08003ffc                __malloc_lock
 .text.__malloc_unlock
                0x08003ffe        0x2 e:/graduationproj/stm/imt_arm_course/imt_arm_course/02- tools/03- imt sdk/imt_sdk_win_64/winarm/armgcc/bin/../lib/gcc/arm-none-eabi/7.2.1/../../../../arm-none-eabi/lib/thumb/v7-m\libg_nano.a(lib_a-mlock.o)
                0x08003ffe                __malloc_unlock
 .text._free_r  0x08004000       0x98 e:/graduationproj/stm/imt_arm_course/imt_arm_course/02- tools/03- imt sdk/imt_sdk_win_64/winarm/armgcc/bin/../lib/gcc/arm-none-eabi/7.2.1/../../../../arm-none-eabi/lib/thumb/v7-m\libg_nano.a(lib_a-nano-freer.o)
                0x08004000                _free_r
 .text._malloc_usable_size_r
                0x08004098       0x10 e:/graduationproj/stm/imt_arm_course/imt_arm_course/02- tools/03- imt sdk/imt_sdk_win_64/winarm/armgcc/bin/../lib/gcc/arm-none-eabi/7.2.1/../../../../arm-none-eabi/lib/thumb/v7-m\libg_nano.a(lib_a-nano-msizer.o)
                0x08004098                _malloc_usable_size_r
 .text          0x080040a8       0x50 e:/graduationproj/stm/imt_arm_course/imt_arm_course/02- tools/03- imt sdk/imt_sdk_win_64/winarm/armgcc/bin/../lib/gcc/arm-none-eabi/7.2.1/thumb/v7-m\libgcc.a(_arm_fixdfsi.o)
                0x080040a8                __aeabi_d2iz
                0x080040a8                __fixdfsi
 *(.rodata .rodata.* .constdata .constdata.*)
 .rodata.dumpExceptionStack.str1.4
                0x080040f8      0x11a ./system/src/cortexm/exception_handlers.o
 *fill*         0x08004212        0x2 
 .rodata.str1.4
                0x08004214       0x2c ./system/src/cortexm/exception_handlers.o
                                 0x2a (size before relaxing)
 .rodata.__mprec_bigtens
                0x08004240       0x28 e:/graduationproj/stm/imt_arm_course/imt_arm_course/02- tools/03- imt sdk/imt_sdk_win_64/winarm/armgcc/bin/../lib/gcc/arm-none-eabi/7.2.1/../../../../arm-none-eabi/lib/thumb/v7-m\libg_nano.a(lib_a-mprec.o)
                0x08004240                __mprec_bigtens
 .rodata.__mprec_tens
                0x08004268       0xc8 e:/graduationproj/stm/imt_arm_course/imt_arm_course/02- tools/03- imt sdk/imt_sdk_win_64/winarm/armgcc/bin/../lib/gcc/arm-none-eabi/7.2.1/../../../../arm-none-eabi/lib/thumb/v7-m\libg_nano.a(lib_a-mprec.o)
                0x08004268                __mprec_tens
 .rodata.p05.6084
                0x08004330        0xc e:/graduationproj/stm/imt_arm_course/imt_arm_course/02- tools/03- imt sdk/imt_sdk_win_64/winarm/armgcc/bin/../lib/gcc/arm-none-eabi/7.2.1/../../../../arm-none-eabi/lib/thumb/v7-m\libg_nano.a(lib_a-mprec.o)
 .rodata._svfprintf_r.str1.1
                0x0800433c       0x11 e:/graduationproj/stm/imt_arm_course/imt_arm_course/02- tools/03- imt sdk/imt_sdk_win_64/winarm/armgcc/bin/../lib/gcc/arm-none-eabi/7.2.1/../../../../arm-none-eabi/lib/thumb/v7-m\libg_nano.a(lib_a-nano-svfprintf.o)
 .rodata._printf_i.str1.1
                0x0800434d       0x22 e:/graduationproj/stm/imt_arm_course/imt_arm_course/02- tools/03- imt sdk/imt_sdk_win_64/winarm/armgcc/bin/../lib/gcc/arm-none-eabi/7.2.1/../../../../arm-none-eabi/lib/thumb/v7-m\libg_nano.a(lib_a-nano-vfprintf_i.o)
 .rodata._dtoa_r.str1.1
                0x0800436f        0xf e:/graduationproj/stm/imt_arm_course/imt_arm_course/02- tools/03- imt sdk/imt_sdk_win_64/winarm/armgcc/bin/../lib/gcc/arm-none-eabi/7.2.1/../../../../arm-none-eabi/lib/thumb/v7-m\libg_nano.a(lib_a-dtoa.o)
 *(vtable)
 *(.eh_frame*)
 *(.glue_7)
 .glue_7        0x0800437e        0x0 linker stubs
 *(.glue_7t)
 .glue_7t       0x0800437e        0x0 linker stubs

.vfp11_veneer   0x08004380        0x0
 .vfp11_veneer  0x08004380        0x0 linker stubs

.v4_bx          0x08004380        0x0
 .v4_bx         0x08004380        0x0 linker stubs

.iplt           0x08004380        0x0
 .iplt          0x08004380        0x0 ./system/src/newlib/_exit.o

.rel.dyn        0x08004380        0x0
 .rel.iplt      0x08004380        0x0 ./system/src/newlib/_exit.o

.ARM.extab
 *(.ARM.extab* .gnu.linkonce.armextab.*)
                0x08004380                . = ALIGN (0x4)
                0x08004380                __exidx_start = .

.ARM.exidx
 *(.ARM.exidx* .gnu.linkonce.armexidx.*)
                0x08004380                __exidx_end = .
                0x08004380                . = ALIGN (0x4)
                0x08004380                _etext = .
                0x08004380                __etext = .

.data_CCMRAM    0x00000000        0x0 load address 0x08004380
 FILL mask 0xff
 *(.data.CCMRAM .data.CCMRAM.*)
                0x00000000                . = ALIGN (0x4)
                0x08004380                _sidata = LOADADDR (.data)

.data           0x20000000       0x90 load address 0x08004380
 FILL mask 0xff
                0x20000000                _sdata = .
                0x20000000                __data_start__ = .
 *(.data_begin .data_begin.*)
 .data_begin    0x20000000        0x4 ./system/src/newlib/_startup.o
 *(.data .data.*)
 .data.argv.4310
                0x20000004        0x8 ./system/src/newlib/_syscalls.o
 .data.AHBPrescTable
                0x2000000c       0x10 ./system/src/cmsis/system_stm32f10x.o
                0x2000000c                AHBPrescTable
 .data.SystemCoreClock
                0x2000001c        0x4 ./system/src/cmsis/system_stm32f10x.o
                0x2000001c                SystemCoreClock
 .data.R1       0x20000020        0x2 ./src/main.o
                0x20000020                R1
 .data.R2       0x20000022        0x2 ./src/main.o
                0x20000022                R2
 .data.rotate_flag
                0x20000024        0x1 ./src/main.o
                0x20000024                rotate_flag
 *fill*         0x20000025        0x3 ff
 .data._impure_ptr
                0x20000028        0x4 e:/graduationproj/stm/imt_arm_course/imt_arm_course/02- tools/03- imt sdk/imt_sdk_win_64/winarm/armgcc/bin/../lib/gcc/arm-none-eabi/7.2.1/../../../../arm-none-eabi/lib/thumb/v7-m\libg_nano.a(lib_a-impure.o)
                0x20000028                _impure_ptr
 .data.impure_data
                0x2000002c       0x60 e:/graduationproj/stm/imt_arm_course/imt_arm_course/02- tools/03- imt sdk/imt_sdk_win_64/winarm/armgcc/bin/../lib/gcc/arm-none-eabi/7.2.1/../../../../arm-none-eabi/lib/thumb/v7-m\libg_nano.a(lib_a-impure.o)
 *(.data_end .data_end.*)
 .data_end      0x2000008c        0x4 ./system/src/newlib/_startup.o
                0x20000090                . = ALIGN (0x4)
                0x20000090                _edata = .
                0x20000090                __data_end__ = .

.igot.plt       0x20000090        0x0 load address 0x08004410
 .igot.plt      0x20000090        0x0 ./system/src/newlib/_exit.o

.bss_CCMRAM     0x00000000        0x0
 *(.bss.CCMRAM .bss.CCMRAM.*)

.bss            0x20000090      0x118
                0x20000090                __bss_start__ = .
                0x20000090                _sbss = .
 *(.bss_begin .bss_begin.*)
 .bss_begin     0x20000090        0x4 ./system/src/newlib/_startup.o
 *(.bss .bss.*)
 .bss.current_heap_end.3961
                0x20000094        0x4 ./system/src/newlib/_sbrk.o
 .bss.name.4309
                0x20000098        0x1 ./system/src/newlib/_syscalls.o
 *fill*         0x20000099        0x3 
 .bss.buf.5205  0x2000009c       0x80 ./system/src/diag/Trace.o
 .bss.Global_f32Distance
                0x2000011c        0x4 ./src/Encoder/ENCODER_program.o
 .bss.Global_s32NumOfLeftCounts
                0x20000120        0x4 ./src/Encoder/ENCODER_program.o
 .bss.Global_s32NumOfRightCounts
                0x20000124        0x4 ./src/Encoder/ENCODER_program.o
 .bss.Global_u8MotorLeftDirection
                0x20000128        0x1 ./src/Encoder/ENCODER_program.o
                0x20000128                Global_u8MotorLeftDirection
 .bss.Global_u8MotorRightDirection
                0x20000129        0x1 ./src/Encoder/ENCODER_program.o
                0x20000129                Global_u8MotorRightDirection
 *fill*         0x2000012a        0x2 
 .bss.EXTI_GlobalPtr
                0x2000012c       0x40 ./src/EXTI/EXTI_program.o
 .bss.adc_value
                0x2000016c        0x2 ./src/main.o
                0x2000016c                adc_value
 *fill*         0x2000016e        0x2 
 .bss.adc_volt  0x20000170        0x4 ./src/main.o
                0x20000170                adc_volt
 .bss.elapsed_time
                0x20000174        0x4 ./src/main.o
                0x20000174                elapsed_time
 .bss.left_RPM  0x20000178        0x4 ./src/main.o
                0x20000178                left_RPM
 .bss.left_counts
                0x2000017c        0x4 ./src/main.o
                0x2000017c                left_counts
 .bss.left_distance
                0x20000180        0x4 ./src/main.o
                0x20000180                left_distance
 .bss.reading   0x20000184        0x4 ./src/main.o
                0x20000184                reading
 .bss.right_RPM
                0x20000188        0x4 ./src/main.o
                0x20000188                right_RPM
 .bss.right_counts
                0x2000018c        0x4 ./src/main.o
                0x2000018c                right_counts
 .bss.right_distance
                0x20000190        0x4 ./src/main.o
                0x20000190                right_distance
 .bss.__malloc_free_list
                0x20000194        0x4 e:/graduationproj/stm/imt_arm_course/imt_arm_course/02- tools/03- imt sdk/imt_sdk_win_64/winarm/armgcc/bin/../lib/gcc/arm-none-eabi/7.2.1/../../../../arm-none-eabi/lib/thumb/v7-m\libg_nano.a(lib_a-nano-mallocr.o)
                0x20000194                __malloc_free_list
 .bss.__malloc_sbrk_start
                0x20000198        0x4 e:/graduationproj/stm/imt_arm_course/imt_arm_course/02- tools/03- imt sdk/imt_sdk_win_64/winarm/armgcc/bin/../lib/gcc/arm-none-eabi/7.2.1/../../../../arm-none-eabi/lib/thumb/v7-m\libg_nano.a(lib_a-nano-mallocr.o)
                0x20000198                __malloc_sbrk_start
 *(COMMON)
 COMMON         0x2000019c        0x4 ./system/src/newlib/_syscalls.o
                0x2000019c                errno
 COMMON         0x200001a0        0x2 ./src/main.o
                0x200001a0                right_MotorDirection
                0x200001a1                left_MotorDirection
 *(.bss_end .bss_end.*)
 *fill*         0x200001a2        0x2 
 .bss_end       0x200001a4        0x4 ./system/src/newlib/_startup.o
                0x200001a8                . = ALIGN (0x4)
                0x200001a8                __bss_end__ = .
                0x200001a8                _ebss = .

.noinit_CCMRAM
 *(.noinit.CCMRAM .noinit.CCMRAM.*)

.noinit         0x200001a8        0x0
                0x200001a8                _noinit = .
 *(.noinit .noinit.*)
                0x200001a8                . = ALIGN (0x4)
                0x200001a8                _end_noinit = .
                [!provide]                PROVIDE (end, _end_noinit)
                [!provide]                PROVIDE (_end, _end_noinit)
                [!provide]                PROVIDE (__end, _end_noinit)
                [!provide]                PROVIDE (__end__, _end_noinit)

._check_stack   0x200001a8      0x100
                0x200002a8                . = (. + _Minimum_Stack_Size)
 *fill*         0x200001a8      0x100 

.b1text
 *(.b1text)
 *(.b1rodata)
 *(.b1rodata.*)

.eb0text
 *(.eb0text)
 *(.eb0rodata)
 *(.eb0rodata.*)

.eb1text
 *(.eb1text)
 *(.eb1rodata)
 *(.eb1rodata.*)

.eb2text
 *(.eb2text)
 *(.eb2rodata)
 *(.eb2rodata.*)

.eb3text
 *(.eb3text)
 *(.eb3rodata)
 *(.eb3rodata.*)

.stab
 *(.stab)

.stabstr
 *(.stabstr)

.stab.excl
 *(.stab.excl)

.stab.exclstr
 *(.stab.exclstr)

.stab.index
 *(.stab.index)

.stab.indexstr
 *(.stab.indexstr)

.comment        0x00000000       0x7e
 *(.comment)
 .comment       0x00000000       0x7e ./system/src/newlib/_exit.o
                                 0x7f (size before relaxing)
 .comment       0x0000007e       0x7f ./system/src/newlib/_sbrk.o
 .comment       0x0000007e       0x7f ./system/src/newlib/_startup.o
 .comment       0x0000007e       0x7f ./system/src/newlib/_syscalls.o
 .comment       0x0000007e       0x7f ./system/src/diag/Trace.o
 .comment       0x0000007e       0x7f ./system/src/diag/trace_impl.o
 .comment       0x0000007e       0x7f ./system/src/cortexm/_initialize_hardware.o
 .comment       0x0000007e       0x7f ./system/src/cortexm/exception_handlers.o
 .comment       0x0000007e       0x7f ./system/src/cmsis/system_stm32f10x.o
 .comment       0x0000007e       0x7f ./system/src/cmsis/vectors_stm32f10x.o
 .comment       0x0000007e       0x7f ./src/UART2/USART_program.o
 .comment       0x0000007e       0x7f ./src/TIM3/TIM3_program.o
 .comment       0x0000007e       0x7f ./src/TIM2/TIM2_program.o
 .comment       0x0000007e       0x7f ./src/STK/STK_program.o
 .comment       0x0000007e       0x7f ./src/RCC/RCC_program.o
 .comment       0x0000007e       0x7f ./src/NVIC/NVIC_program.o
 .comment       0x0000007e       0x7f ./src/Encoder/ENCODER_program.o
 .comment       0x0000007e       0x7f ./src/EXTI/EXTI_program.o
 .comment       0x0000007e       0x7f ./src/DIO/DIO_program.o
 .comment       0x0000007e       0x7f ./src/AFIO/AFIO_program.o
 .comment       0x0000007e       0x7f ./src/ADC/ADC_program.o
 .comment       0x0000007e       0x7f ./src/main.o

.ARM.attributes
                0x00000000       0x31
 .ARM.attributes
                0x00000000       0x33 ./system/src/newlib/_exit.o
 .ARM.attributes
                0x00000033       0x33 ./system/src/newlib/_sbrk.o
 .ARM.attributes
                0x00000066       0x33 ./system/src/newlib/_startup.o
 .ARM.attributes
                0x00000099       0x33 ./system/src/newlib/_syscalls.o
 .ARM.attributes
                0x000000cc       0x33 ./system/src/diag/Trace.o
 .ARM.attributes
                0x000000ff       0x33 ./system/src/diag/trace_impl.o
 .ARM.attributes
                0x00000132       0x33 ./system/src/cortexm/_initialize_hardware.o
 .ARM.attributes
                0x00000165       0x33 ./system/src/cortexm/exception_handlers.o
 .ARM.attributes
                0x00000198       0x33 ./system/src/cmsis/system_stm32f10x.o
 .ARM.attributes
                0x000001cb       0x33 ./system/src/cmsis/vectors_stm32f10x.o
 .ARM.attributes
                0x000001fe       0x33 ./src/UART2/USART_program.o
 .ARM.attributes
                0x00000231       0x33 ./src/TIM3/TIM3_program.o
 .ARM.attributes
                0x00000264       0x33 ./src/TIM2/TIM2_program.o
 .ARM.attributes
                0x00000297       0x33 ./src/STK/STK_program.o
 .ARM.attributes
                0x000002ca       0x33 ./src/RCC/RCC_program.o
 .ARM.attributes
                0x000002fd       0x33 ./src/NVIC/NVIC_program.o
 .ARM.attributes
                0x00000330       0x33 ./src/Encoder/ENCODER_program.o
 .ARM.attributes
                0x00000363       0x33 ./src/EXTI/EXTI_program.o
 .ARM.attributes
                0x00000396       0x33 ./src/DIO/DIO_program.o
 .ARM.attributes
                0x000003c9       0x33 ./src/AFIO/AFIO_program.o
 .ARM.attributes
                0x000003fc       0x33 ./src/ADC/ADC_program.o
 .ARM.attributes
                0x0000042f       0x33 ./src/main.o
 .ARM.attributes
                0x00000462       0x2d e:/graduationproj/stm/imt_arm_course/imt_arm_course/02- tools/03- imt sdk/imt_sdk_win_64/winarm/armgcc/bin/../lib/gcc/arm-none-eabi/7.2.1/../../../../arm-none-eabi/lib/thumb/v7-m\libm.a(lib_a-s_floor.o)
 .ARM.attributes
                0x0000048f       0x1d e:/graduationproj/stm/imt_arm_course/imt_arm_course/02- tools/03- imt sdk/imt_sdk_win_64/winarm/armgcc/bin/../lib/gcc/arm-none-eabi/7.2.1/thumb/v7-m\libgcc.a(_arm_addsubdf3.o)
 .ARM.attributes
                0x000004ac       0x1d e:/graduationproj/stm/imt_arm_course/imt_arm_course/02- tools/03- imt sdk/imt_sdk_win_64/winarm/armgcc/bin/../lib/gcc/arm-none-eabi/7.2.1/thumb/v7-m\libgcc.a(_arm_muldivdf3.o)
 .ARM.attributes
                0x000004c9       0x1d e:/graduationproj/stm/imt_arm_course/imt_arm_course/02- tools/03- imt sdk/imt_sdk_win_64/winarm/armgcc/bin/../lib/gcc/arm-none-eabi/7.2.1/thumb/v7-m\libgcc.a(_arm_cmpdf2.o)
 .ARM.attributes
                0x000004e6       0x1d e:/graduationproj/stm/imt_arm_course/imt_arm_course/02- tools/03- imt sdk/imt_sdk_win_64/winarm/armgcc/bin/../lib/gcc/arm-none-eabi/7.2.1/thumb/v7-m\libgcc.a(_arm_truncdfsf2.o)
 .ARM.attributes
                0x00000503       0x1d e:/graduationproj/stm/imt_arm_course/imt_arm_course/02- tools/03- imt sdk/imt_sdk_win_64/winarm/armgcc/bin/../lib/gcc/arm-none-eabi/7.2.1/thumb/v7-m\libgcc.a(_arm_addsubsf3.o)
 .ARM.attributes
                0x00000520       0x1d e:/graduationproj/stm/imt_arm_course/imt_arm_course/02- tools/03- imt sdk/imt_sdk_win_64/winarm/armgcc/bin/../lib/gcc/arm-none-eabi/7.2.1/thumb/v7-m\libgcc.a(_arm_muldivsf3.o)
 .ARM.attributes
                0x0000053d       0x1d e:/graduationproj/stm/imt_arm_course/imt_arm_course/02- tools/03- imt sdk/imt_sdk_win_64/winarm/armgcc/bin/../lib/gcc/arm-none-eabi/7.2.1/thumb/v7-m\libgcc.a(_arm_cmpsf2.o)
 .ARM.attributes
                0x0000055a       0x2d e:/graduationproj/stm/imt_arm_course/imt_arm_course/02- tools/03- imt sdk/imt_sdk_win_64/winarm/armgcc/bin/../lib/gcc/arm-none-eabi/7.2.1/../../../../arm-none-eabi/lib/thumb/v7-m\libg_nano.a(lib_a-efgcvt.o)
 .ARM.attributes
                0x00000587       0x2d e:/graduationproj/stm/imt_arm_course/imt_arm_course/02- tools/03- imt sdk/imt_sdk_win_64/winarm/armgcc/bin/../lib/gcc/arm-none-eabi/7.2.1/../../../../arm-none-eabi/lib/thumb/v7-m\libg_nano.a(lib_a-errno.o)
 .ARM.attributes
                0x000005b4       0x2d e:/graduationproj/stm/imt_arm_course/imt_arm_course/02- tools/03- imt sdk/imt_sdk_win_64/winarm/armgcc/bin/../lib/gcc/arm-none-eabi/7.2.1/../../../../arm-none-eabi/lib/thumb/v7-m\libg_nano.a(lib_a-impure.o)
 .ARM.attributes
                0x000005e1       0x2d e:/graduationproj/stm/imt_arm_course/imt_arm_course/02- tools/03- imt sdk/imt_sdk_win_64/winarm/armgcc/bin/../lib/gcc/arm-none-eabi/7.2.1/../../../../arm-none-eabi/lib/thumb/v7-m\libg_nano.a(lib_a-vsnprintf.o)
 .ARM.attributes
                0x0000060e       0x2d e:/graduationproj/stm/imt_arm_course/imt_arm_course/02- tools/03- imt sdk/imt_sdk_win_64/winarm/armgcc/bin/../lib/gcc/arm-none-eabi/7.2.1/../../../../arm-none-eabi/lib/thumb/v7-m\libg_nano.a(lib_a-ecvtbuf.o)
 .ARM.attributes
                0x0000063b       0x2d e:/graduationproj/stm/imt_arm_course/imt_arm_course/02- tools/03- imt sdk/imt_sdk_win_64/winarm/armgcc/bin/../lib/gcc/arm-none-eabi/7.2.1/../../../../arm-none-eabi/lib/thumb/v7-m\libg_nano.a(lib_a-mprec.o)
 .ARM.attributes
                0x00000668       0x2d e:/graduationproj/stm/imt_arm_course/imt_arm_course/02- tools/03- imt sdk/imt_sdk_win_64/winarm/armgcc/bin/../lib/gcc/arm-none-eabi/7.2.1/../../../../arm-none-eabi/lib/thumb/v7-m\libg_nano.a(lib_a-nano-callocr.o)
 .ARM.attributes
                0x00000695       0x2d e:/graduationproj/stm/imt_arm_course/imt_arm_course/02- tools/03- imt sdk/imt_sdk_win_64/winarm/armgcc/bin/../lib/gcc/arm-none-eabi/7.2.1/../../../../arm-none-eabi/lib/thumb/v7-m\libg_nano.a(lib_a-nano-mallocr.o)
 .ARM.attributes
                0x000006c2       0x2d e:/graduationproj/stm/imt_arm_course/imt_arm_course/02- tools/03- imt sdk/imt_sdk_win_64/winarm/armgcc/bin/../lib/gcc/arm-none-eabi/7.2.1/../../../../arm-none-eabi/lib/thumb/v7-m\libg_nano.a(lib_a-nano-reallocr.o)
 .ARM.attributes
                0x000006ef       0x2d e:/graduationproj/stm/imt_arm_course/imt_arm_course/02- tools/03- imt sdk/imt_sdk_win_64/winarm/armgcc/bin/../lib/gcc/arm-none-eabi/7.2.1/../../../../arm-none-eabi/lib/thumb/v7-m\libg_nano.a(lib_a-nano-svfprintf.o)
 .ARM.attributes
                0x0000071c       0x2d e:/graduationproj/stm/imt_arm_course/imt_arm_course/02- tools/03- imt sdk/imt_sdk_win_64/winarm/armgcc/bin/../lib/gcc/arm-none-eabi/7.2.1/../../../../arm-none-eabi/lib/thumb/v7-m\libg_nano.a(lib_a-nano-vfprintf_i.o)
 .ARM.attributes
                0x00000749       0x2d e:/graduationproj/stm/imt_arm_course/imt_arm_course/02- tools/03- imt sdk/imt_sdk_win_64/winarm/armgcc/bin/../lib/gcc/arm-none-eabi/7.2.1/../../../../arm-none-eabi/lib/thumb/v7-m\libg_nano.a(lib_a-sbrkr.o)
 .ARM.attributes
                0x00000776       0x2d e:/graduationproj/stm/imt_arm_course/imt_arm_course/02- tools/03- imt sdk/imt_sdk_win_64/winarm/armgcc/bin/../lib/gcc/arm-none-eabi/7.2.1/../../../../arm-none-eabi/lib/thumb/v7-m\libg_nano.a(lib_a-strcpy.o)
 .ARM.attributes
                0x000007a3       0x2d e:/graduationproj/stm/imt_arm_course/imt_arm_course/02- tools/03- imt sdk/imt_sdk_win_64/winarm/armgcc/bin/../lib/gcc/arm-none-eabi/7.2.1/../../../../arm-none-eabi/lib/thumb/v7-m\libg_nano.a(lib_a-dtoa.o)
 .ARM.attributes
                0x000007d0       0x2d e:/graduationproj/stm/imt_arm_course/imt_arm_course/02- tools/03- imt sdk/imt_sdk_win_64/winarm/armgcc/bin/../lib/gcc/arm-none-eabi/7.2.1/../../../../arm-none-eabi/lib/thumb/v7-m\libg_nano.a(lib_a-malloc.o)
 .ARM.attributes
                0x000007fd       0x2d e:/graduationproj/stm/imt_arm_course/imt_arm_course/02- tools/03- imt sdk/imt_sdk_win_64/winarm/armgcc/bin/../lib/gcc/arm-none-eabi/7.2.1/../../../../arm-none-eabi/lib/thumb/v7-m\libg_nano.a(lib_a-memchr-stub.o)
 .ARM.attributes
                0x0000082a       0x2d e:/graduationproj/stm/imt_arm_course/imt_arm_course/02- tools/03- imt sdk/imt_sdk_win_64/winarm/armgcc/bin/../lib/gcc/arm-none-eabi/7.2.1/../../../../arm-none-eabi/lib/thumb/v7-m\libg_nano.a(lib_a-memcpy-stub.o)
 .ARM.attributes
                0x00000857       0x2d e:/graduationproj/stm/imt_arm_course/imt_arm_course/02- tools/03- imt sdk/imt_sdk_win_64/winarm/armgcc/bin/../lib/gcc/arm-none-eabi/7.2.1/../../../../arm-none-eabi/lib/thumb/v7-m\libg_nano.a(lib_a-memmove.o)
 .ARM.attributes
                0x00000884       0x2d e:/graduationproj/stm/imt_arm_course/imt_arm_course/02- tools/03- imt sdk/imt_sdk_win_64/winarm/armgcc/bin/../lib/gcc/arm-none-eabi/7.2.1/../../../../arm-none-eabi/lib/thumb/v7-m\libg_nano.a(lib_a-memset.o)
 .ARM.attributes
                0x000008b1       0x2d e:/graduationproj/stm/imt_arm_course/imt_arm_course/02- tools/03- imt sdk/imt_sdk_win_64/winarm/armgcc/bin/../lib/gcc/arm-none-eabi/7.2.1/../../../../arm-none-eabi/lib/thumb/v7-m\libg_nano.a(lib_a-mlock.o)
 .ARM.attributes
                0x000008de       0x2d e:/graduationproj/stm/imt_arm_course/imt_arm_course/02- tools/03- imt sdk/imt_sdk_win_64/winarm/armgcc/bin/../lib/gcc/arm-none-eabi/7.2.1/../../../../arm-none-eabi/lib/thumb/v7-m\libg_nano.a(lib_a-nano-freer.o)
 .ARM.attributes
                0x0000090b       0x2d e:/graduationproj/stm/imt_arm_course/imt_arm_course/02- tools/03- imt sdk/imt_sdk_win_64/winarm/armgcc/bin/../lib/gcc/arm-none-eabi/7.2.1/../../../../arm-none-eabi/lib/thumb/v7-m\libg_nano.a(lib_a-nano-msizer.o)
 .ARM.attributes
                0x00000938       0x1d e:/graduationproj/stm/imt_arm_course/imt_arm_course/02- tools/03- imt sdk/imt_sdk_win_64/winarm/armgcc/bin/../lib/gcc/arm-none-eabi/7.2.1/thumb/v7-m\libgcc.a(_arm_fixdfsi.o)

.debug
 *(.debug)

.line
 *(.line)

.debug_srcinfo
 *(.debug_srcinfo)

.debug_sfnames
 *(.debug_sfnames)

.debug_aranges  0x00000000      0x550
 *(.debug_aranges)
 .debug_aranges
                0x00000000       0x28 ./system/src/newlib/_exit.o
 .debug_aranges
                0x00000028       0x20 ./system/src/newlib/_sbrk.o
 .debug_aranges
                0x00000048       0x40 ./system/src/newlib/_startup.o
 .debug_aranges
                0x00000088       0x30 ./system/src/newlib/_syscalls.o
 .debug_aranges
                0x000000b8       0x38 ./system/src/diag/Trace.o
 .debug_aranges
                0x000000f0       0x30 ./system/src/diag/trace_impl.o
 .debug_aranges
                0x00000120       0x28 ./system/src/cortexm/_initialize_hardware.o
 .debug_aranges
                0x00000148       0x90 ./system/src/cortexm/exception_handlers.o
 .debug_aranges
                0x000001d8       0x38 ./system/src/cmsis/system_stm32f10x.o
 .debug_aranges
                0x00000210       0x20 ./system/src/cmsis/vectors_stm32f10x.o
 .debug_aranges
                0x00000230       0x40 ./src/UART2/USART_program.o
 .debug_aranges
                0x00000270       0x30 ./src/TIM3/TIM3_program.o
 .debug_aranges
                0x000002a0       0x40 ./src/TIM2/TIM2_program.o
 .debug_aranges
                0x000002e0       0x58 ./src/STK/STK_program.o
 .debug_aranges
                0x00000338       0x30 ./src/RCC/RCC_program.o
 .debug_aranges
                0x00000368       0x48 ./src/NVIC/NVIC_program.o
 .debug_aranges
                0x000003b0       0x48 ./src/Encoder/ENCODER_program.o
 .debug_aranges
                0x000003f8       0x80 ./src/EXTI/EXTI_program.o
 .debug_aranges
                0x00000478       0x38 ./src/DIO/DIO_program.o
 .debug_aranges
                0x000004b0       0x20 ./src/AFIO/AFIO_program.o
 .debug_aranges
                0x000004d0       0x30 ./src/ADC/ADC_program.o
 .debug_aranges
                0x00000500       0x50 ./src/main.o

.debug_pubnames
 *(.debug_pubnames)

.debug_info     0x00000000     0x769b
 *(.debug_info .gnu.linkonce.wi.*)
 .debug_info    0x00000000      0x956 ./system/src/newlib/_exit.o
 .debug_info    0x00000956      0x942 ./system/src/newlib/_sbrk.o
 .debug_info    0x00001298      0x42e ./system/src/newlib/_startup.o
 .debug_info    0x000016c6      0xa19 ./system/src/newlib/_syscalls.o
 .debug_info    0x000020df      0xb2a ./system/src/diag/Trace.o
 .debug_info    0x00002c09      0x363 ./system/src/diag/trace_impl.o
 .debug_info    0x00002f6c      0x2b5 ./system/src/cortexm/_initialize_hardware.o
 .debug_info    0x00003221     0x1140 ./system/src/cortexm/exception_handlers.o
 .debug_info    0x00004361      0x494 ./system/src/cmsis/system_stm32f10x.o
 .debug_info    0x000047f5       0xca ./system/src/cmsis/vectors_stm32f10x.o
 .debug_info    0x000048bf      0xafc ./src/UART2/USART_program.o
 .debug_info    0x000053bb      0x177 ./src/TIM3/TIM3_program.o
 .debug_info    0x00005532      0x1ab ./src/TIM2/TIM2_program.o
 .debug_info    0x000056dd      0x1da ./src/STK/STK_program.o
 .debug_info    0x000058b7       0xf0 ./src/RCC/RCC_program.o
 .debug_info    0x000059a7      0x18f ./src/NVIC/NVIC_program.o
 .debug_info    0x00005b36      0x218 ./src/Encoder/ENCODER_program.o
 .debug_info    0x00005d4e      0x310 ./src/EXTI/EXTI_program.o
 .debug_info    0x0000605e      0x16a ./src/DIO/DIO_program.o
 .debug_info    0x000061c8      0x119 ./src/AFIO/AFIO_program.o
 .debug_info    0x000062e1      0x214 ./src/ADC/ADC_program.o
 .debug_info    0x000064f5     0x11a6 ./src/main.o

.debug_abbrev   0x00000000     0x1f78
 *(.debug_abbrev)
 .debug_abbrev  0x00000000      0x1f3 ./system/src/newlib/_exit.o
 .debug_abbrev  0x000001f3      0x1fc ./system/src/newlib/_sbrk.o
 .debug_abbrev  0x000003ef      0x1b3 ./system/src/newlib/_startup.o
 .debug_abbrev  0x000005a2      0x234 ./system/src/newlib/_syscalls.o
 .debug_abbrev  0x000007d6      0x276 ./system/src/diag/Trace.o
 .debug_abbrev  0x00000a4c      0x1e2 ./system/src/diag/trace_impl.o
 .debug_abbrev  0x00000c2e       0xea ./system/src/cortexm/_initialize_hardware.o
 .debug_abbrev  0x00000d18      0x32b ./system/src/cortexm/exception_handlers.o
 .debug_abbrev  0x00001043      0x177 ./system/src/cmsis/system_stm32f10x.o
 .debug_abbrev  0x000011ba       0x9d ./system/src/cmsis/vectors_stm32f10x.o
 .debug_abbrev  0x00001257      0x299 ./src/UART2/USART_program.o
 .debug_abbrev  0x000014f0       0xaf ./src/TIM3/TIM3_program.o
 .debug_abbrev  0x0000159f       0xaf ./src/TIM2/TIM2_program.o
 .debug_abbrev  0x0000164e      0x106 ./src/STK/STK_program.o
 .debug_abbrev  0x00001754       0x70 ./src/RCC/RCC_program.o
 .debug_abbrev  0x000017c4       0xaa ./src/NVIC/NVIC_program.o
 .debug_abbrev  0x0000186e      0x10e ./src/Encoder/ENCODER_program.o
 .debug_abbrev  0x0000197c      0x13d ./src/EXTI/EXTI_program.o
 .debug_abbrev  0x00001ab9       0xaa ./src/DIO/DIO_program.o
 .debug_abbrev  0x00001b63       0xb6 ./src/AFIO/AFIO_program.o
 .debug_abbrev  0x00001c19       0xfe ./src/ADC/ADC_program.o
 .debug_abbrev  0x00001d17      0x261 ./src/main.o

.debug_line     0x00000000     0x4583
 *(.debug_line)
 .debug_line    0x00000000      0x413 ./system/src/newlib/_exit.o
 .debug_line    0x00000413      0x3c7 ./system/src/newlib/_sbrk.o
 .debug_line    0x000007da      0x481 ./system/src/newlib/_startup.o
 .debug_line    0x00000c5b      0x50e ./system/src/newlib/_syscalls.o
 .debug_line    0x00001169      0x48f ./system/src/diag/Trace.o
 .debug_line    0x000015f8      0x6fc ./system/src/diag/trace_impl.o
 .debug_line    0x00001cf4      0x3a5 ./system/src/cortexm/_initialize_hardware.o
 .debug_line    0x00002099      0x7be ./system/src/cortexm/exception_handlers.o
 .debug_line    0x00002857      0x418 ./system/src/cmsis/system_stm32f10x.o
 .debug_line    0x00002c6f      0x131 ./system/src/cmsis/vectors_stm32f10x.o
 .debug_line    0x00002da0      0x54e ./src/UART2/USART_program.o
 .debug_line    0x000032ee      0x110 ./src/TIM3/TIM3_program.o
 .debug_line    0x000033fe      0x140 ./src/TIM2/TIM2_program.o
 .debug_line    0x0000353e      0x161 ./src/STK/STK_program.o
 .debug_line    0x0000369f      0x10b ./src/RCC/RCC_program.o
 .debug_line    0x000037aa      0x154 ./src/NVIC/NVIC_program.o
 .debug_line    0x000038fe      0x188 ./src/Encoder/ENCODER_program.o
 .debug_line    0x00003a86      0x1ed ./src/EXTI/EXTI_program.o
 .debug_line    0x00003c73      0x161 ./src/DIO/DIO_program.o
 .debug_line    0x00003dd4       0xf0 ./src/AFIO/AFIO_program.o
 .debug_line    0x00003ec4      0x125 ./src/ADC/ADC_program.o
 .debug_line    0x00003fe9      0x59a ./src/main.o

.debug_frame    0x00000000     0x1570
 *(.debug_frame)
 .debug_frame   0x00000000       0x38 ./system/src/newlib/_exit.o
 .debug_frame   0x00000038       0x28 ./system/src/newlib/_sbrk.o
 .debug_frame   0x00000060       0x7c ./system/src/newlib/_startup.o
 .debug_frame   0x000000dc       0x50 ./system/src/newlib/_syscalls.o
 .debug_frame   0x0000012c       0x94 ./system/src/diag/Trace.o
 .debug_frame   0x000001c0       0x64 ./system/src/diag/trace_impl.o
 .debug_frame   0x00000224       0x40 ./system/src/cortexm/_initialize_hardware.o
 .debug_frame   0x00000264      0x158 ./system/src/cortexm/exception_handlers.o
 .debug_frame   0x000003bc       0x6c ./system/src/cmsis/system_stm32f10x.o
 .debug_frame   0x00000428       0x20 ./system/src/cmsis/vectors_stm32f10x.o
 .debug_frame   0x00000448       0x7c ./src/UART2/USART_program.o
 .debug_frame   0x000004c4       0x40 ./src/TIM3/TIM3_program.o
 .debug_frame   0x00000504       0x60 ./src/TIM2/TIM2_program.o
 .debug_frame   0x00000564       0x90 ./src/STK/STK_program.o
 .debug_frame   0x000005f4       0x40 ./src/RCC/RCC_program.o
 .debug_frame   0x00000634       0x70 ./src/NVIC/NVIC_program.o
 .debug_frame   0x000006a4       0x84 ./src/Encoder/ENCODER_program.o
 .debug_frame   0x00000728      0x128 ./src/EXTI/EXTI_program.o
 .debug_frame   0x00000850       0x5c ./src/DIO/DIO_program.o
 .debug_frame   0x000008ac       0x30 ./src/AFIO/AFIO_program.o
 .debug_frame   0x000008dc       0x4c ./src/ADC/ADC_program.o
 .debug_frame   0x00000928       0xc0 ./src/main.o
 .debug_frame   0x000009e8       0x34 e:/graduationproj/stm/imt_arm_course/imt_arm_course/02- tools/03- imt sdk/imt_sdk_win_64/winarm/armgcc/bin/../lib/gcc/arm-none-eabi/7.2.1/../../../../arm-none-eabi/lib/thumb/v7-m\libm.a(lib_a-s_floor.o)
 .debug_frame   0x00000a1c       0xac e:/graduationproj/stm/imt_arm_course/imt_arm_course/02- tools/03- imt sdk/imt_sdk_win_64/winarm/armgcc/bin/../lib/gcc/arm-none-eabi/7.2.1/thumb/v7-m\libgcc.a(_arm_addsubdf3.o)
 .debug_frame   0x00000ac8       0x50 e:/graduationproj/stm/imt_arm_course/imt_arm_course/02- tools/03- imt sdk/imt_sdk_win_64/winarm/armgcc/bin/../lib/gcc/arm-none-eabi/7.2.1/thumb/v7-m\libgcc.a(_arm_muldivdf3.o)
 .debug_frame   0x00000b18       0xc4 e:/graduationproj/stm/imt_arm_course/imt_arm_course/02- tools/03- imt sdk/imt_sdk_win_64/winarm/armgcc/bin/../lib/gcc/arm-none-eabi/7.2.1/thumb/v7-m\libgcc.a(_arm_cmpdf2.o)
 .debug_frame   0x00000bdc       0x24 e:/graduationproj/stm/imt_arm_course/imt_arm_course/02- tools/03- imt sdk/imt_sdk_win_64/winarm/armgcc/bin/../lib/gcc/arm-none-eabi/7.2.1/thumb/v7-m\libgcc.a(_arm_truncdfsf2.o)
 .debug_frame   0x00000c00       0x4c e:/graduationproj/stm/imt_arm_course/imt_arm_course/02- tools/03- imt sdk/imt_sdk_win_64/winarm/armgcc/bin/../lib/gcc/arm-none-eabi/7.2.1/thumb/v7-m\libgcc.a(_arm_addsubsf3.o)
 .debug_frame   0x00000c4c       0x38 e:/graduationproj/stm/imt_arm_course/imt_arm_course/02- tools/03- imt sdk/imt_sdk_win_64/winarm/armgcc/bin/../lib/gcc/arm-none-eabi/7.2.1/thumb/v7-m\libgcc.a(_arm_muldivsf3.o)
 .debug_frame   0x00000c84       0xc8 e:/graduationproj/stm/imt_arm_course/imt_arm_course/02- tools/03- imt sdk/imt_sdk_win_64/winarm/armgcc/bin/../lib/gcc/arm-none-eabi/7.2.1/thumb/v7-m\libgcc.a(_arm_cmpsf2.o)
 .debug_frame   0x00000d4c       0xd0 e:/graduationproj/stm/imt_arm_course/imt_arm_course/02- tools/03- imt sdk/imt_sdk_win_64/winarm/armgcc/bin/../lib/gcc/arm-none-eabi/7.2.1/../../../../arm-none-eabi/lib/thumb/v7-m\libg_nano.a(lib_a-efgcvt.o)
 .debug_frame   0x00000e1c       0x20 e:/graduationproj/stm/imt_arm_course/imt_arm_course/02- tools/03- imt sdk/imt_sdk_win_64/winarm/armgcc/bin/../lib/gcc/arm-none-eabi/7.2.1/../../../../arm-none-eabi/lib/thumb/v7-m\libg_nano.a(lib_a-errno.o)
 .debug_frame   0x00000e3c       0x4c e:/graduationproj/stm/imt_arm_course/imt_arm_course/02- tools/03- imt sdk/imt_sdk_win_64/winarm/armgcc/bin/../lib/gcc/arm-none-eabi/7.2.1/../../../../arm-none-eabi/lib/thumb/v7-m\libg_nano.a(lib_a-vsnprintf.o)
 .debug_frame   0x00000e88       0xf0 e:/graduationproj/stm/imt_arm_course/imt_arm_course/02- tools/03- imt sdk/imt_sdk_win_64/winarm/armgcc/bin/../lib/gcc/arm-none-eabi/7.2.1/../../../../arm-none-eabi/lib/thumb/v7-m\libg_nano.a(lib_a-ecvtbuf.o)
 .debug_frame   0x00000f78      0x248 e:/graduationproj/stm/imt_arm_course/imt_arm_course/02- tools/03- imt sdk/imt_sdk_win_64/winarm/armgcc/bin/../lib/gcc/arm-none-eabi/7.2.1/../../../../arm-none-eabi/lib/thumb/v7-m\libg_nano.a(lib_a-mprec.o)
 .debug_frame   0x000011c0       0x2c e:/graduationproj/stm/imt_arm_course/imt_arm_course/02- tools/03- imt sdk/imt_sdk_win_64/winarm/armgcc/bin/../lib/gcc/arm-none-eabi/7.2.1/../../../../arm-none-eabi/lib/thumb/v7-m\libg_nano.a(lib_a-nano-callocr.o)
 .debug_frame   0x000011ec       0x2c e:/graduationproj/stm/imt_arm_course/imt_arm_course/02- tools/03- imt sdk/imt_sdk_win_64/winarm/armgcc/bin/../lib/gcc/arm-none-eabi/7.2.1/../../../../arm-none-eabi/lib/thumb/v7-m\libg_nano.a(lib_a-nano-mallocr.o)
 .debug_frame   0x00001218       0x3c e:/graduationproj/stm/imt_arm_course/imt_arm_course/02- tools/03- imt sdk/imt_sdk_win_64/winarm/armgcc/bin/../lib/gcc/arm-none-eabi/7.2.1/../../../../arm-none-eabi/lib/thumb/v7-m\libg_nano.a(lib_a-nano-reallocr.o)
 .debug_frame   0x00001254       0x90 e:/graduationproj/stm/imt_arm_course/imt_arm_course/02- tools/03- imt sdk/imt_sdk_win_64/winarm/armgcc/bin/../lib/gcc/arm-none-eabi/7.2.1/../../../../arm-none-eabi/lib/thumb/v7-m\libg_nano.a(lib_a-nano-svfprintf.o)
 .debug_frame   0x000012e4       0x60 e:/graduationproj/stm/imt_arm_course/imt_arm_course/02- tools/03- imt sdk/imt_sdk_win_64/winarm/armgcc/bin/../lib/gcc/arm-none-eabi/7.2.1/../../../../arm-none-eabi/lib/thumb/v7-m\libg_nano.a(lib_a-nano-vfprintf_i.o)
 .debug_frame   0x00001344       0x2c e:/graduationproj/stm/imt_arm_course/imt_arm_course/02- tools/03- imt sdk/imt_sdk_win_64/winarm/armgcc/bin/../lib/gcc/arm-none-eabi/7.2.1/../../../../arm-none-eabi/lib/thumb/v7-m\libg_nano.a(lib_a-sbrkr.o)
 .debug_frame   0x00001370       0x20 e:/graduationproj/stm/imt_arm_course/imt_arm_course/02- tools/03- imt sdk/imt_sdk_win_64/winarm/armgcc/bin/../lib/gcc/arm-none-eabi/7.2.1/../../../../arm-none-eabi/lib/thumb/v7-m\libg_nano.a(lib_a-strcpy.o)
 .debug_frame   0x00001390       0x6c e:/graduationproj/stm/imt_arm_course/imt_arm_course/02- tools/03- imt sdk/imt_sdk_win_64/winarm/armgcc/bin/../lib/gcc/arm-none-eabi/7.2.1/../../../../arm-none-eabi/lib/thumb/v7-m\libg_nano.a(lib_a-dtoa.o)
 .debug_frame   0x000013fc       0x30 e:/graduationproj/stm/imt_arm_course/imt_arm_course/02- tools/03- imt sdk/imt_sdk_win_64/winarm/armgcc/bin/../lib/gcc/arm-none-eabi/7.2.1/../../../../arm-none-eabi/lib/thumb/v7-m\libg_nano.a(lib_a-malloc.o)
 .debug_frame   0x0000142c       0x28 e:/graduationproj/stm/imt_arm_course/imt_arm_course/02- tools/03- imt sdk/imt_sdk_win_64/winarm/armgcc/bin/../lib/gcc/arm-none-eabi/7.2.1/../../../../arm-none-eabi/lib/thumb/v7-m\libg_nano.a(lib_a-memchr-stub.o)
 .debug_frame   0x00001454       0x28 e:/graduationproj/stm/imt_arm_course/imt_arm_course/02- tools/03- imt sdk/imt_sdk_win_64/winarm/armgcc/bin/../lib/gcc/arm-none-eabi/7.2.1/../../../../arm-none-eabi/lib/thumb/v7-m\libg_nano.a(lib_a-memcpy-stub.o)
 .debug_frame   0x0000147c       0x28 e:/graduationproj/stm/imt_arm_course/imt_arm_course/02- tools/03- imt sdk/imt_sdk_win_64/winarm/armgcc/bin/../lib/gcc/arm-none-eabi/7.2.1/../../../../arm-none-eabi/lib/thumb/v7-m\libg_nano.a(lib_a-memmove.o)
 .debug_frame   0x000014a4       0x20 e:/graduationproj/stm/imt_arm_course/imt_arm_course/02- tools/03- imt sdk/imt_sdk_win_64/winarm/armgcc/bin/../lib/gcc/arm-none-eabi/7.2.1/../../../../arm-none-eabi/lib/thumb/v7-m\libg_nano.a(lib_a-memset.o)
 .debug_frame   0x000014c4       0x30 e:/graduationproj/stm/imt_arm_course/imt_arm_course/02- tools/03- imt sdk/imt_sdk_win_64/winarm/armgcc/bin/../lib/gcc/arm-none-eabi/7.2.1/../../../../arm-none-eabi/lib/thumb/v7-m\libg_nano.a(lib_a-mlock.o)
 .debug_frame   0x000014f4       0x38 e:/graduationproj/stm/imt_arm_course/imt_arm_course/02- tools/03- imt sdk/imt_sdk_win_64/winarm/armgcc/bin/../lib/gcc/arm-none-eabi/7.2.1/../../../../arm-none-eabi/lib/thumb/v7-m\libg_nano.a(lib_a-nano-freer.o)
 .debug_frame   0x0000152c       0x20 e:/graduationproj/stm/imt_arm_course/imt_arm_course/02- tools/03- imt sdk/imt_sdk_win_64/winarm/armgcc/bin/../lib/gcc/arm-none-eabi/7.2.1/../../../../arm-none-eabi/lib/thumb/v7-m\libg_nano.a(lib_a-nano-msizer.o)
 .debug_frame   0x0000154c       0x24 e:/graduationproj/stm/imt_arm_course/imt_arm_course/02- tools/03- imt sdk/imt_sdk_win_64/winarm/armgcc/bin/../lib/gcc/arm-none-eabi/7.2.1/thumb/v7-m\libgcc.a(_arm_fixdfsi.o)

.debug_str      0x00000000    0x58353
 *(.debug_str)
 .debug_str     0x00000000     0x7d09 ./system/src/newlib/_exit.o
                               0x7edc (size before relaxing)
 .debug_str     0x00007d09      0x4f5 ./system/src/newlib/_sbrk.o
                               0x728e (size before relaxing)
 .debug_str     0x000081fe      0xbbd ./system/src/newlib/_startup.o
                               0x69c9 (size before relaxing)
 .debug_str     0x00008dbb      0xe8b ./system/src/newlib/_syscalls.o
                               0x8169 (size before relaxing)
 .debug_str     0x00009c46      0x826 ./system/src/diag/Trace.o
                               0x8654 (size before relaxing)
 .debug_str     0x0000a46c    0x4b2b9 ./system/src/diag/trace_impl.o
                              0x52a3a (size before relaxing)
 .debug_str     0x00055725       0xc4 ./system/src/cortexm/_initialize_hardware.o
                              0x4e82b (size before relaxing)
 .debug_str     0x000557e9      0x1a6 ./system/src/cortexm/exception_handlers.o
                              0x53c5f (size before relaxing)
 .debug_str     0x0005598f      0x114 ./system/src/cmsis/system_stm32f10x.o
                              0x4e8c5 (size before relaxing)
 .debug_str     0x00055aa3       0x57 ./system/src/cmsis/vectors_stm32f10x.o
                               0x386a (size before relaxing)
 .debug_str     0x00055afa      0x477 ./src/UART2/USART_program.o
                               0x7a08 (size before relaxing)
 .debug_str     0x00055f71      0x251 ./src/TIM3/TIM3_program.o
                               0x3080 (size before relaxing)
 .debug_str     0x000561c2      0x23c ./src/TIM2/TIM2_program.o
                               0x30ac (size before relaxing)
 .debug_str     0x000563fe      0x1f6 ./src/STK/STK_program.o
                               0x3035 (size before relaxing)
 .debug_str     0x000565f4      0x2c7 ./src/RCC/RCC_program.o
                               0x313b (size before relaxing)
 .debug_str     0x000568bb      0x3e0 ./src/NVIC/NVIC_program.o
                               0x320f (size before relaxing)
 .debug_str     0x00056c9b      0x25a ./src/Encoder/ENCODER_program.o
                               0x32ab (size before relaxing)
 .debug_str     0x00056ef5      0x303 ./src/EXTI/EXTI_program.o
                               0x313f (size before relaxing)
 .debug_str     0x000571f8      0x59c ./src/DIO/DIO_program.o
                               0x360e (size before relaxing)
 .debug_str     0x00057794       0xf7 ./src/AFIO/AFIO_program.o
                               0x2f43 (size before relaxing)
 .debug_str     0x0005788b      0x13d ./src/ADC/ADC_program.o
                               0x2f92 (size before relaxing)
 .debug_str     0x000579c8      0x98b ./src/main.o
                               0x71cb (size before relaxing)

.debug_loc      0x00000000     0x12ff
 *(.debug_loc)
 .debug_loc     0x00000000       0x85 ./system/src/newlib/_sbrk.o
 .debug_loc     0x00000085      0x1a9 ./system/src/newlib/_startup.o
 .debug_loc     0x0000022e       0x63 ./system/src/newlib/_syscalls.o
 .debug_loc     0x00000291       0xf6 ./system/src/diag/Trace.o
 .debug_loc     0x00000387      0x121 ./system/src/diag/trace_impl.o
 .debug_loc     0x000004a8      0x291 ./system/src/cortexm/exception_handlers.o
 .debug_loc     0x00000739       0xdf ./system/src/cmsis/system_stm32f10x.o
 .debug_loc     0x00000818       0x61 ./src/UART2/USART_program.o
 .debug_loc     0x00000879       0x23 ./src/STK/STK_program.o
 .debug_loc     0x0000089c      0x14c ./src/RCC/RCC_program.o
 .debug_loc     0x000009e8      0x214 ./src/NVIC/NVIC_program.o
 .debug_loc     0x00000bfc      0x132 ./src/Encoder/ENCODER_program.o
 .debug_loc     0x00000d2e      0x1da ./src/EXTI/EXTI_program.o
 .debug_loc     0x00000f08      0x318 ./src/DIO/DIO_program.o
 .debug_loc     0x00001220       0x9d ./src/AFIO/AFIO_program.o
 .debug_loc     0x000012bd       0x42 ./src/ADC/ADC_program.o

.debug_macinfo
 *(.debug_macinfo)

.debug_weaknames
 *(.debug_weaknames)

.debug_funcnames
 *(.debug_funcnames)

.debug_typenames
 *(.debug_typenames)

.debug_varnames
 *(.debug_varnames)
OUTPUT(test_all.elf elf32-littlearm)

.debug_ranges   0x00000000      0x468
 .debug_ranges  0x00000000       0x18 ./system/src/newlib/_exit.o
 .debug_ranges  0x00000018       0x10 ./system/src/newlib/_sbrk.o
 .debug_ranges  0x00000028       0x78 ./system/src/newlib/_startup.o
 .debug_ranges  0x000000a0       0x20 ./system/src/newlib/_syscalls.o
 .debug_ranges  0x000000c0       0x28 ./system/src/diag/Trace.o
 .debug_ranges  0x000000e8       0x50 ./system/src/diag/trace_impl.o
 .debug_ranges  0x00000138       0x18 ./system/src/cortexm/_initialize_hardware.o
 .debug_ranges  0x00000150       0x80 ./system/src/cortexm/exception_handlers.o
 .debug_ranges  0x000001d0       0x28 ./system/src/cmsis/system_stm32f10x.o
 .debug_ranges  0x000001f8       0x10 ./system/src/cmsis/vectors_stm32f10x.o
 .debug_ranges  0x00000208       0x30 ./src/UART2/USART_program.o
 .debug_ranges  0x00000238       0x20 ./src/TIM3/TIM3_program.o
 .debug_ranges  0x00000258       0x30 ./src/TIM2/TIM2_program.o
 .debug_ranges  0x00000288       0x48 ./src/STK/STK_program.o
 .debug_ranges  0x000002d0       0x20 ./src/RCC/RCC_program.o
 .debug_ranges  0x000002f0       0x38 ./src/NVIC/NVIC_program.o
 .debug_ranges  0x00000328       0x38 ./src/Encoder/ENCODER_program.o
 .debug_ranges  0x00000360       0x70 ./src/EXTI/EXTI_program.o
 .debug_ranges  0x000003d0       0x28 ./src/DIO/DIO_program.o
 .debug_ranges  0x000003f8       0x10 ./src/AFIO/AFIO_program.o
 .debug_ranges  0x00000408       0x20 ./src/ADC/ADC_program.o
 .debug_ranges  0x00000428       0x40 ./src/main.o

.debug_macro    0x00000000     0x32f8
 .debug_macro   0x00000000      0x1b4 ./system/src/newlib/_exit.o
 .debug_macro   0x000001b4       0x9c ./system/src/newlib/_exit.o
 .debug_macro   0x00000250      0x10e ./system/src/newlib/_exit.o
 .debug_macro   0x0000035e       0x8d ./system/src/newlib/_exit.o
 .debug_macro   0x000003eb       0x43 ./system/src/newlib/_exit.o
 .debug_macro   0x0000042e      0x330 ./system/src/newlib/_exit.o
 .debug_macro   0x0000075e       0x35 ./system/src/newlib/_exit.o
 .debug_macro   0x00000793      0x169 ./system/src/newlib/_sbrk.o
 .debug_macro   0x000008fc      0x174 ./system/src/newlib/_sbrk.o
 .debug_macro   0x00000a70       0x10 ./system/src/newlib/_sbrk.o
 .debug_macro   0x00000a80      0x23b ./system/src/newlib/_sbrk.o
 .debug_macro   0x00000cbb      0x173 ./system/src/newlib/_startup.o
 .debug_macro   0x00000e2e      0x217 ./system/src/newlib/_syscalls.o
 .debug_macro   0x00001045       0x1c ./system/src/newlib/_syscalls.o
 .debug_macro   0x00001061       0x10 ./system/src/newlib/_syscalls.o
 .debug_macro   0x00001071       0x10 ./system/src/newlib/_syscalls.o
 .debug_macro   0x00001081       0x10 ./system/src/newlib/_syscalls.o
 .debug_macro   0x00001091       0x35 ./system/src/newlib/_syscalls.o
 .debug_macro   0x000010c6      0x122 ./system/src/newlib/_syscalls.o
 .debug_macro   0x000011e8       0x88 ./system/src/newlib/_syscalls.o
 .debug_macro   0x00001270       0x2b ./system/src/newlib/_syscalls.o
 .debug_macro   0x0000129b      0x118 ./system/src/newlib/_syscalls.o
 .debug_macro   0x000013b3      0x189 ./system/src/newlib/_syscalls.o
 .debug_macro   0x0000153c       0x16 ./system/src/newlib/_syscalls.o
 .debug_macro   0x00001552      0x1fb ./system/src/diag/Trace.o
 .debug_macro   0x0000174d       0x16 ./system/src/diag/Trace.o
 .debug_macro   0x00001763       0x97 ./system/src/diag/Trace.o
 .debug_macro   0x000017fa       0xfd ./system/src/diag/Trace.o
 .debug_macro   0x000018f7       0x10 ./system/src/diag/Trace.o
 .debug_macro   0x00001907       0x16 ./system/src/diag/Trace.o
 .debug_macro   0x0000191d      0x16f ./system/src/diag/Trace.o
 .debug_macro   0x00001a8c       0x4c ./system/src/diag/Trace.o
 .debug_macro   0x00001ad8       0x16 ./system/src/diag/Trace.o
 .debug_macro   0x00001aee      0x2da ./system/src/diag/trace_impl.o
 .debug_macro   0x00001dc8       0x10 ./system/src/diag/trace_impl.o
 .debug_macro   0x00001dd8       0xcf ./system/src/diag/trace_impl.o
 .debug_macro   0x00001ea7       0xbe ./system/src/diag/trace_impl.o
 .debug_macro   0x00001f65       0x22 ./system/src/diag/trace_impl.o
 .debug_macro   0x00001f87      0x16b ./system/src/cortexm/_initialize_hardware.o
 .debug_macro   0x000020f2      0x324 ./system/src/cortexm/exception_handlers.o
 .debug_macro   0x00002416       0x3b ./system/src/cortexm/exception_handlers.o
 .debug_macro   0x00002451       0x10 ./system/src/cortexm/exception_handlers.o
 .debug_macro   0x00002461      0x16e ./system/src/cmsis/system_stm32f10x.o
 .debug_macro   0x000025cf       0x34 ./system/src/cmsis/vectors_stm32f10x.o
 .debug_macro   0x00002603      0x237 ./src/UART2/USART_program.o
 .debug_macro   0x0000283a       0x22 ./src/UART2/USART_program.o
 .debug_macro   0x0000285c       0x1c ./src/UART2/USART_program.o
 .debug_macro   0x00002878       0xe2 ./src/UART2/USART_program.o
 .debug_macro   0x0000295a       0x16 ./src/UART2/USART_program.o
 .debug_macro   0x00002970       0x40 ./src/TIM3/TIM3_program.o
 .debug_macro   0x000029b0       0x3a ./src/TIM3/TIM3_program.o
 .debug_macro   0x000029ea       0x16 ./src/TIM3/TIM3_program.o
 .debug_macro   0x00002a00       0x40 ./src/TIM2/TIM2_program.o
 .debug_macro   0x00002a40       0x3a ./src/TIM2/TIM2_program.o
 .debug_macro   0x00002a7a       0x16 ./src/TIM2/TIM2_program.o
 .debug_macro   0x00002a90       0x40 ./src/STK/STK_program.o
 .debug_macro   0x00002ad0       0x28 ./src/STK/STK_program.o
 .debug_macro   0x00002af8       0x10 ./src/STK/STK_program.o
 .debug_macro   0x00002b08       0x3f ./src/RCC/RCC_program.o
 .debug_macro   0x00002b47       0x8e ./src/RCC/RCC_program.o
 .debug_macro   0x00002bd5       0x10 ./src/RCC/RCC_program.o
 .debug_macro   0x00002be5       0x40 ./src/NVIC/NVIC_program.o
 .debug_macro   0x00002c25       0x10 ./src/NVIC/NVIC_program.o
 .debug_macro   0x00002c35       0x70 ./src/NVIC/NVIC_program.o
 .debug_macro   0x00002ca5       0x48 ./src/Encoder/ENCODER_program.o
 .debug_macro   0x00002ced       0x16 ./src/Encoder/ENCODER_program.o
 .debug_macro   0x00002d03       0x10 ./src/Encoder/ENCODER_program.o
 .debug_macro   0x00002d13       0x16 ./src/Encoder/ENCODER_program.o
 .debug_macro   0x00002d29       0x3f ./src/EXTI/EXTI_program.o
 .debug_macro   0x00002d68       0x7c ./src/EXTI/EXTI_program.o
 .debug_macro   0x00002de4       0x16 ./src/EXTI/EXTI_program.o
 .debug_macro   0x00002dfa       0x10 ./src/EXTI/EXTI_program.o
 .debug_macro   0x00002e0a       0x40 ./src/DIO/DIO_program.o
 .debug_macro   0x00002e4a       0xa0 ./src/DIO/DIO_program.o
 .debug_macro   0x00002eea       0x40 ./src/AFIO/AFIO_program.o
 .debug_macro   0x00002f2a       0x1c ./src/AFIO/AFIO_program.o
 .debug_macro   0x00002f46       0x10 ./src/AFIO/AFIO_program.o
 .debug_macro   0x00002f56       0x4a ./src/ADC/ADC_program.o
 .debug_macro   0x00002fa0       0x10 ./src/ADC/ADC_program.o
 .debug_macro   0x00002fb0       0x16 ./src/ADC/ADC_program.o
 .debug_macro   0x00002fc6      0x151 ./src/main.o
 .debug_macro   0x00003117      0x1e1 ./src/main.o
